Component: ARM Compiler 5.06 update 5 (build 528) Tool: armlink [4d35e2]

==============================================================================

Section Cross References

    startup_stm32g474xx.o(STACK) refers (Special) to heapauxi.o(.text) for __use_two_region_memory
    startup_stm32g474xx.o(HEAP) refers (Special) to heapauxi.o(.text) for __use_two_region_memory
    startup_stm32g474xx.o(RESET) refers (Special) to heapauxi.o(.text) for __use_two_region_memory
    startup_stm32g474xx.o(RESET) refers to startup_stm32g474xx.o(STACK) for __initial_sp
    startup_stm32g474xx.o(RESET) refers to startup_stm32g474xx.o(.text) for Reset_Handler
    startup_stm32g474xx.o(RESET) refers to stm32g4xx_it.o(i.NMI_Handler) for NMI_Handler
    startup_stm32g474xx.o(RESET) refers to stm32g4xx_it.o(i.HardFault_Handler) for HardFault_Handler
    startup_stm32g474xx.o(RESET) refers to stm32g4xx_it.o(i.MemManage_Handler) for MemManage_Handler
    startup_stm32g474xx.o(RESET) refers to stm32g4xx_it.o(i.BusFault_Handler) for BusFault_Handler
    startup_stm32g474xx.o(RESET) refers to stm32g4xx_it.o(i.UsageFault_Handler) for UsageFault_Handler
    startup_stm32g474xx.o(RESET) refers to stm32g4xx_it.o(i.SVC_Handler) for SVC_Handler
    startup_stm32g474xx.o(RESET) refers to stm32g4xx_it.o(i.DebugMon_Handler) for DebugMon_Handler
    startup_stm32g474xx.o(RESET) refers to stm32g4xx_it.o(i.PendSV_Handler) for PendSV_Handler
    startup_stm32g474xx.o(RESET) refers to stm32g4xx_it.o(i.SysTick_Handler) for SysTick_Handler
    startup_stm32g474xx.o(RESET) refers to stm32g4xx_it.o(i.USART1_IRQHandler) for USART1_IRQHandler
    startup_stm32g474xx.o(RESET) refers to stm32g4xx_it.o(i.EXTI15_10_IRQHandler) for EXTI15_10_IRQHandler
    startup_stm32g474xx.o(.text) refers (Special) to heapauxi.o(.text) for __use_two_region_memory
    startup_stm32g474xx.o(.text) refers to system_stm32g4xx.o(i.SystemInit) for SystemInit
    startup_stm32g474xx.o(.text) refers to __main.o(!!!main) for __main
    startup_stm32g474xx.o(.text) refers to startup_stm32g474xx.o(HEAP) for Heap_Mem
    startup_stm32g474xx.o(.text) refers to startup_stm32g474xx.o(STACK) for Stack_Mem
    main.o(i.SystemClock_Config) refers to rt_memclr_w.o(.text) for __aeabi_memclr4
    main.o(i.SystemClock_Config) refers to stm32g4xx_hal_pwr_ex.o(i.HAL_PWREx_ControlVoltageScaling) for HAL_PWREx_ControlVoltageScaling
    main.o(i.SystemClock_Config) refers to stm32g4xx_hal_rcc.o(i.HAL_RCC_OscConfig) for HAL_RCC_OscConfig
    main.o(i.SystemClock_Config) refers to stm32g4xx_hal_rcc.o(i.HAL_RCC_ClockConfig) for HAL_RCC_ClockConfig
    main.o(i.main) refers to stm32g4xx_hal.o(i.HAL_Init) for HAL_Init
    main.o(i.main) refers to main.o(i.SystemClock_Config) for SystemClock_Config
    main.o(i.main) refers to gpio.o(i.MX_GPIO_Init) for MX_GPIO_Init
    main.o(i.main) refers to usart.o(i.MX_USART1_UART_Init) for MX_USART1_UART_Init
    main.o(i.main) refers to spi.o(i.MX_SPI2_Init) for MX_SPI2_Init
    main.o(i.main) refers to delay.o(i.delay_init) for delay_init
    main.o(i.main) refers to myusart1.o(i.MyUSART1_Init) for MyUSART1_Init
    main.o(i.main) refers to oled_i2c.o(i.OLED_Init) for OLED_Init
    main.o(i.main) refers to oled_i2c.o(i.OLED_CLS) for OLED_CLS
    main.o(i.main) refers to oled_i2c.o(i.OLED_ShowStr) for OLED_ShowStr
    main.o(i.main) refers to dac8830.o(i.dac8830_send_byte) for dac8830_send_byte
    main.o(i.main) refers to usart.o(.bss) for huart1
    gpio.o(i.MX_GPIO_Init) refers to rt_memclr_w.o(.text) for __aeabi_memclr4
    gpio.o(i.MX_GPIO_Init) refers to stm32g4xx_hal_gpio.o(i.HAL_GPIO_WritePin) for HAL_GPIO_WritePin
    gpio.o(i.MX_GPIO_Init) refers to stm32g4xx_hal_gpio.o(i.HAL_GPIO_Init) for HAL_GPIO_Init
    gpio.o(i.MX_GPIO_Init) refers to stm32g4xx_hal_cortex.o(i.HAL_NVIC_SetPriority) for HAL_NVIC_SetPriority
    gpio.o(i.MX_GPIO_Init) refers to stm32g4xx_hal_cortex.o(i.HAL_NVIC_EnableIRQ) for HAL_NVIC_EnableIRQ
    spi.o(i.HAL_SPI_MspDeInit) refers to stm32g4xx_hal_gpio.o(i.HAL_GPIO_DeInit) for HAL_GPIO_DeInit
    spi.o(i.HAL_SPI_MspInit) refers to rt_memclr_w.o(.text) for __aeabi_memclr4
    spi.o(i.HAL_SPI_MspInit) refers to stm32g4xx_hal_gpio.o(i.HAL_GPIO_Init) for HAL_GPIO_Init
    spi.o(i.MX_SPI2_Init) refers to stm32g4xx_hal_spi.o(i.HAL_SPI_Init) for HAL_SPI_Init
    spi.o(i.MX_SPI2_Init) refers to main.o(i.Error_Handler) for Error_Handler
    spi.o(i.MX_SPI2_Init) refers to spi.o(.bss) for .bss
    usart.o(i.HAL_UART_MspDeInit) refers to stm32g4xx_hal_gpio.o(i.HAL_GPIO_DeInit) for HAL_GPIO_DeInit
    usart.o(i.HAL_UART_MspDeInit) refers to stm32g4xx_hal_cortex.o(i.HAL_NVIC_DisableIRQ) for HAL_NVIC_DisableIRQ
    usart.o(i.HAL_UART_MspInit) refers to rt_memclr_w.o(.text) for __aeabi_memclr4
    usart.o(i.HAL_UART_MspInit) refers to stm32g4xx_hal_rcc_ex.o(i.HAL_RCCEx_PeriphCLKConfig) for HAL_RCCEx_PeriphCLKConfig
    usart.o(i.HAL_UART_MspInit) refers to main.o(i.Error_Handler) for Error_Handler
[...]
    Removing myusart1.o(i.fputc), (28 bytes).
    Removing myusart1.o(.data), (4 bytes).
    Removing dac8830.o(.rev16_text), (4 bytes).
    Removing dac8830.o(.revsh_text), (4 bytes).
    Removing dac8830.o(.rrx_text), (6 bytes).
    Removing dac8830.o(i.dac8830_init), (124 bytes).

448 unused section(s) (total 33764 bytes) removed from the image.

==============================================================================

Image Symbol Table

    Local Symbols

    Symbol Name                              Value     Ov Type        Size  Object(Section)

    ../Core/Src/gpio.c                       0x00000000   Number         0  gpio.o ABSOLUTE
    ../Core/Src/main.c                       0x00000000   Number         0  main.o ABSOLUTE
    ../Core/Src/spi.c                        0x00000000   Number         0  spi.o ABSOLUTE
    ../Core/Src/stm32g4xx_hal_msp.c          0x00000000   Number         0  stm32g4xx_hal_msp.o ABSOLUTE
    ../Core/Src/stm32g4xx_it.c               0x00000000   Number         0  stm32g4xx_it.o ABSOLUTE
    ../Core/Src/system_stm32g4xx.c           0x00000000   Number         0  system_stm32g4xx.o ABSOLUTE
    ../Core/Src/usart.c                      0x00000000   Number         0  usart.o ABSOLUTE
    ../Drivers/STM32G4xx_HAL_Driver/Src/stm32g4xx_hal.c 0x00000000   Number         0  stm32g4xx_hal.o ABSOLUTE
    ../Drivers/STM32G4xx_HAL_Driver/Src/stm32g4xx_hal_cortex.c 0x00000000   Number         0  stm32g4xx_hal_cortex.o ABSOLUTE
    ../Drivers/STM32G4xx_HAL_Driver/Src/stm32g4xx_hal_dma.c 0x00000000   Number         0  stm32g4xx_hal_dma.o ABSOLUTE
    ../Drivers/STM32G4xx_HAL_Driver/Src/stm32g4xx_hal_dma_ex.c 0x00000000   Number         0  stm32g4xx_hal_dma_ex.o ABSOLUTE
    ../Drivers/STM32G4xx_HAL_Driver/Src/stm32g4xx_hal_exti.c 0x00000000   Number         0  stm32g4xx_hal_exti.o ABSOLUTE
    ../Drivers/STM32G4xx_HAL_Driver/Src/stm32g4xx_hal_flash.c 0x00000000   Number         0  stm32g4xx_hal_flash.o ABSOLUTE
    ../Drivers/STM32G4xx_HAL_Driver/Src/stm32g4xx_hal_flash_ex.c 0x00000000   Number         0  stm32g4xx_hal_flash_ex.o ABSOLUTE
    ../Drivers/STM32G4xx_HAL_Driver/Src/stm32g4xx_hal_flash_ramfunc.c 0x00000000   Number         0  stm32g4xx_hal_flash_ramfunc.o ABSOLUTE
    ../Drivers/STM32G4xx_HAL_Driver/Src/stm32g4xx_hal_gpio.c 0x00000000   Number         0  stm32g4xx_hal_gpio.o ABSOLUTE
    ../Drivers/STM32G4xx_HAL_Driver/Src/stm32g4xx_hal_pwr.c 0x00000000   Number         0  stm32g4xx_hal_pwr.o ABSOLUTE
    ../Drivers/STM32G4xx_HAL_Driver/Src/stm32g4xx_hal_pwr_ex.c 0x00000000   Number         0  stm32g4xx_hal_pwr_ex.o ABSOLUTE
    ../Drivers/STM32G4xx_HAL_Driver/Src/stm32g4xx_hal_rcc.c 0x00000000   Number         0  stm32g4xx_hal_rcc.o ABSOLUTE
    ../Drivers/STM32G4xx_HAL_Driver/Src/stm32g4xx_hal_rcc_ex.c 0x00000000   Number         0  stm32g4xx_hal_rcc_ex.o ABSOLUTE
    ../Drivers/STM32G4xx_HAL_Driver/Src/stm32g4xx_hal_spi.c 0x00000000   Number         0  stm32g4xx_hal_spi.o ABSOLUTE
    ../Drivers/STM32G4xx_HAL_Driver/Src/stm32g4xx_hal_spi_ex.c 0x00000000   Number         0  stm32g4xx_hal_spi_ex.o ABSOLUTE
    ../Drivers/STM32G4xx_HAL_Driver/Src/stm32g4xx_hal_uart.c 0x00000000   Number         0  stm32g4xx_hal_uart.o ABSOLUTE
    ../Drivers/STM32G4xx_HAL_Driver/Src/stm32g4xx_hal_uart_ex.c 0x00000000   Number         0  stm32g4xx_hal_uart_ex.o ABSOLUTE
    ../clib/angel/boardlib.s                 0x00000000   Number         0  boardinit2.o ABSOLUTE
    ../clib/angel/boardlib.s                 0x00000000   Number         0  boardinit1.o ABSOLUTE
    ../clib/angel/boardlib.s                 0x00000000   Number         0  boardshut.o ABSOLUTE
    ../clib/angel/boardlib.s                 0x00000000   Number         0  boardinit3.o ABSOLUTE
    ../clib/angel/dczerorl2.s                0x00000000   Number         0  __dczerorl2.o ABSOLUTE
    ../clib/angel/handlers.s                 0x00000000   Number         0  __scatter_zi.o ABSOLUTE
    ../clib/angel/kernel.s                   0x00000000   Number         0  rtexit2.o ABSOLUTE
    ../clib/angel/kernel.s                   0x00000000   Number         0  rtexit.o ABSOLUTE
    ../clib/angel/kernel.s                   0x00000000   Number         0  __rtentry.o ABSOLUTE
    ../clib/angel/kernel.s                   0x00000000   Number         0  __rtentry4.o ABSOLUTE
    ../clib/angel/kernel.s                   0x00000000   Number         0  __rtentry2.o ABSOLUTE
    ../clib/angel/rt.s                       0x00000000   Number         0  rt_raise.o ABSOLUTE
    ../clib/angel/rt.s                       0x00000000   Number         0  aeabi_ldiv0.o ABSOLUTE
    ../clib/angel/rt.s                       0x00000000   Number         0  aeabi_ldiv0_sigfpe.o ABSOLUTE
    ../clib/angel/rt.s                       0x00000000   Number         0  rt_div0.o ABSOLUTE
    ../clib/angel/rt.s                       0x00000000   Number         0  rt_locale_intlibspace.o ABSOLUTE
    ../clib/angel/rt.s                       0x00000000   Number         0  rt_locale.o ABSOLUTE
    ../clib/angel/scatter.s                  0x00000000   Number         0  __scatter.o ABSOLUTE
    ../clib/angel/startup.s                  0x00000000   Number         0  __main.o ABSOLUTE
    ../clib/angel/sys.s                      0x00000000   Number         0  sys_stackheap_outer.o ABSOLUTE
    ../clib/angel/sys.s                      0x00000000   Number         0  libspace.o ABSOLUTE
    ../clib/angel/sys.s                      0x00000000   Number         0  use_no_semi.o ABSOLUTE
    ../clib/angel/sys.s                      0x00000000   Number         0  indicate_semi.o ABSOLUTE
    ../clib/angel/sysapp.c                   0x00000000   Number         0  sys_command.o ABSOLUTE
    ../clib/angel/sysapp.c                   0x00000000   Number         0  sys_exit.o ABSOLUTE
    ../clib/angel/sysapp.c                   0x00000000   Number         0  sys_wrch.o ABSOLUTE
    ../clib/armsys.c                         0x00000000   Number         0  no_argv.o ABSOLUTE
    ../clib/armsys.c                         0x00000000   Number         0  _get_argv_nomalloc.o ABSOLUTE
    ../clib/armsys.c                         0x00000000   Number         0  argv_veneer.o ABSOLUTE
    ../clib/armsys.c                         0x00000000   Number         0  argv_veneer.o ABSOLUTE
    ../clib/bigflt.c                         0x00000000   Number         0  bigflt0.o ABSOLUTE
    ../clib/btod.s                           0x00000000   Number         0  btod.o ABSOLUTE
    ../clib/heapalloc.c                      0x00000000   Number         0  hrguard.o ABSOLUTE
    ../clib/heapaux.c                        0x00000000   Number         0  heapauxi.o ABSOLUTE
    ../clib/libinit.s                        0x00000000   Number         0  libshutdown.o ABSOLUTE
    ../clib/libinit.s                        0x00000000   Number         0  libshutdown2.o ABSOLUTE
    ../clib/libinit.s                        0x00000000   Number         0  libinit2.o ABSOLUTE
    ../clib/libinit.s                        0x00000000   Number         0  libinit.o ABSOLUTE
    ../clib/locale.s                         0x00000000   Number         0  lc_numeric_c.o ABSOLUTE
    ../clib/longlong.s                       0x00000000   Number         0  lludiv10.o ABSOLUTE
    ../clib/longlong.s                       0x00000000   Number         0  lludivv7m.o ABSOLUTE
    ../clib/memcpset.s                       0x00000000   Number         0  strcmpv7m.o ABSOLUTE
    ../clib/memcpset.s                       0x00000000   Number         0  rt_memclr_w.o ABSOLUTE
    ../clib/misc.s                           0x00000000   Number         0  printf_stubs.o ABSOLUTE
    ../clib/printf.c                         0x00000000   Number         0  __printf_wp.o ABSOLUTE
    ../clib/printf.c                         0x00000000   Number         0  noretval__2sprintf.o ABSOLUTE
    ../clib/printf.c                         0x00000000   Number         0  __printf_flags_ss.o ABSOLUTE
    ../clib/printf.c                         0x00000000   Number         0  __printf_ss.o ABSOLUTE
    ../clib/printf.c                         0x00000000   Number         0  __2sprintf.o ABSOLUTE
    ../clib/printf.c                         0x00000000   Number         0  __printf_flags.o ABSOLUTE
    ../clib/printf.c                         0x00000000   Number         0  __printf.o ABSOLUTE
    ../clib/printf.c                         0x00000000   Number         0  _printf_fp_infnan.o ABSOLUTE
    ../clib/printf.c                         0x00000000   Number         0  __printf_nopercent.o ABSOLUTE
    ../clib/printf.c                         0x00000000   Number         0  _sputc.o ABSOLUTE
    ../clib/printf.c                         0x00000000   Number         0  _printf_char_common.o ABSOLUTE
    ../clib/printf.c                         0x00000000   Number         0  _printf_fp_dec.o ABSOLUTE
    ../clib/printf.c                         0x00000000   Number         0  __printf_flags_ss_wp.o ABSOLUTE
    ../clib/printf.c                         0x00000000   Number         0  __printf_ss_wp.o ABSOLUTE
    ../clib/printf.c                         0x00000000   Number         0  __printf_flags_wp.o ABSOLUTE
    ../clib/printf_percent.s                 0x00000000   Number         0  _printf_f.o ABSOLUTE
    ../clib/printf_percent.s                 0x00000000   Number         0  _printf_percent.o ABSOLUTE
    ../clib/printf_percent.s                 0x00000000   Number         0  _printf_percent_end.o ABSOLUTE
    ../clib/signal.c                         0x00000000   Number         0  defsig_rtred_inner.o ABSOLUTE
    ../clib/signal.c                         0x00000000   Number         0  defsig_segv_inner.o ABSOLUTE
    ../clib/signal.c                         0x00000000   Number         0  defsig_other.o ABSOLUTE
    ../clib/signal.c                         0x00000000   Number         0  defsig_general.o ABSOLUTE
    ../clib/signal.c                         0x00000000   Number         0  __raise.o ABSOLUTE
    ../clib/signal.c                         0x00000000   Number         0  defsig_rtmem_outer.o ABSOLUTE
    ../clib/signal.c                         0x00000000   Number         0  defsig_rtmem_formal.o ABSOLUTE
    ../clib/signal.c                         0x00000000   Number         0  defsig_fpe_formal.o ABSOLUTE
    ../clib/signal.c                         0x00000000   Number         0  defsig_exit.o ABSOLUTE
    ../clib/signal.c                         0x00000000   Number         0  defsig_fpe_outer.o ABSOLUTE
    ../clib/signal.c                         0x00000000   Number         0  defsig_fpe_inner.o ABSOLUTE
    ../clib/signal.c                         0x00000000   Number         0  defsig_abrt_inner.o ABSOLUTE
    ../clib/signal.c                         0x00000000   Number         0  defsig_rtmem_inner.o ABSOLUTE
    ../clib/signal.c                         0x00000000   Number         0  defsig_stak_inner.o ABSOLUTE
    ../clib/signal.c                         0x00000000   Number         0  defsig_pvfn_inner.o ABSOLUTE
    ../clib/signal.c                         0x00000000   Number         0  defsig_cppl_inner.o ABSOLUTE
    ../clib/signal.s                         0x00000000   Number         0  defsig.o ABSOLUTE
    ../clib/stdlib.c                         0x00000000   Number         0  exit.o ABSOLUTE
    ../clib/string.c                         0x00000000   Number         0  strlen.o ABSOLUTE
    ../fplib/fpinit.s                        0x00000000   Number         0  fpinit.o ABSOLUTE
    ../fplib/istatus.s                       0x00000000   Number         0  istatus.o ABSOLUTE
    ../fplib/printf1.s                       0x00000000   Number         0  printf1.o ABSOLUTE
    ../fplib/usenofp.s                       0x00000000   Number         0  usenofp.o ABSOLUTE
    ../mathlib/fpclassify.c                  0x00000000   Number         0  fpclassify.o ABSOLUTE
    ..\Core\Src\gpio.c                       0x00000000   Number         0  gpio.o ABSOLUTE
    ..\Core\Src\main.c                       0x00000000   Number         0  main.o ABSOLUTE
    ..\Core\Src\spi.c                        0x00000000   Number         0  spi.o ABSOLUTE
    ..\Core\Src\stm32g4xx_hal_msp.c          0x00000000   Number         0  stm32g4xx_hal_msp.o ABSOLUTE
    ..\Core\Src\stm32g4xx_it.c               0x00000000   Number         0  stm32g4xx_it.o ABSOLUTE
    ..\Core\Src\system_stm32g4xx.c           0x00000000   Number         0  system_stm32g4xx.o ABSOLUTE
    ..\Core\Src\usart.c                      0x00000000   Number         0  usart.o ABSOLUTE
    ..\Drivers\STM32G4xx_HAL_Driver\Src\stm32g4xx_hal.c 0x00000000   Number         0  stm32g4xx_hal.o ABSOLUTE
    ..\Drivers\STM32G4xx_HAL_Driver\Src\stm32g4xx_hal_cortex.c 0x00000000   Number         0  stm32g4xx_hal_cortex.o ABSOLUTE
    ..\Drivers\STM32G4xx_HAL_Driver\Src\stm32g4xx_hal_dma.c 0x00000000   Number         0  stm32g4xx_hal_dma.o ABSOLUTE
    ..\Drivers\STM32G4xx_HAL_Driver\Src\stm32g4xx_hal_dma_ex.c 0x00000000   Number         0  stm32g4xx_hal_dma_ex.o ABSOLUTE
    ..\Drivers\STM32G4xx_HAL_Driver\Src\stm32g4xx_hal_exti.c 0x00000000   Number         0  stm32g4xx_hal_exti.o ABSOLUTE
    ..\Drivers\STM32G4xx_HAL_Driver\Src\stm32g4xx_hal_flash.c 0x00000000   Number         0  stm32g4xx_hal_flash.o ABSOLUTE
    ..\Drivers\STM32G4xx_HAL_Driver\Src\stm32g4xx_hal_flash_ex.c 0x00000000   Number         0  stm32g4xx_hal_flash_ex.o ABSOLUTE
    ..\Drivers\STM32G4xx_HAL_Driver\Src\stm32g4xx_hal_flash_ramfunc.c 0x00000000   Number         0  stm32g4xx_hal_flash_ramfunc.o ABSOLUTE
    ..\Drivers\STM32G4xx_HAL_Driver\Src\stm32g4xx_hal_gpio.c 0x00000000   Number         0  stm32g4xx_hal_gpio.o ABSOLUTE
    ..\Drivers\STM32G4xx_HAL_Driver\Src\stm32g4xx_hal_pwr.c 0x00000000   Number         0  stm32g4xx_hal_pwr.o ABSOLUTE
    ..\Drivers\STM32G4xx_HAL_Driver\Src\stm32g4xx_hal_pwr_ex.c 0x00000000   Number         0  stm32g4xx_hal_pwr_ex.o ABSOLUTE
    ..\Drivers\STM32G4xx_HAL_Driver\Src\stm32g4xx_hal_rcc.c 0x00000000   Number         0  stm32g4xx_hal_rcc.o ABSOLUTE
    ..\Drivers\STM32G4xx_HAL_Driver\Src\stm32g4xx_hal_rcc_ex.c 0x00000000   Number         0  stm32g4xx_hal_rcc_ex.o ABSOLUTE
    ..\Drivers\STM32G4xx_HAL_Driver\Src\stm32g4xx_hal_spi.c 0x00000000   Number         0  stm32g4xx_hal_spi.o ABSOLUTE
    ..\Drivers\STM32G4xx_HAL_Driver\Src\stm32g4xx_hal_spi_ex.c 0x00000000   Number         0  stm32g4xx_hal_spi_ex.o ABSOLUTE
    ..\Drivers\STM32G4xx_HAL_Driver\Src\stm32g4xx_hal_uart.c 0x00000000   Number         0  stm32g4xx_hal_uart.o ABSOLUTE
    ..\Drivers\STM32G4xx_HAL_Driver\Src\stm32g4xx_hal_uart_ex.c 0x00000000   Number         0  stm32g4xx_hal_uart_ex.o ABSOLUTE
    ..\HARDWARE\DAC8830\DAC8830.c            0x00000000   Number         0  dac8830.o ABSOLUTE
    ..\HARDWARE\DELAY\delay.c                0x00000000   Number         0  delay.o ABSOLUTE
    ..\HARDWARE\OLED\OLED_I2C.c              0x00000000   Number         0  oled_i2c.o ABSOLUTE
    ..\HARDWARE\OLED\myiic.c                 0x00000000   Number         0  myiic.o ABSOLUTE
    ..\HARDWARE\USART\myusart1.c             0x00000000   Number         0  myusart1.o ABSOLUTE
    ..\\HARDWARE\\DAC8830\\DAC8830.c         0x00000000   Number         0  dac8830.o ABSOLUTE
    ..\\HARDWARE\\DELAY\\delay.c             0x00000000   Number         0  delay.o ABSOLUTE
    ..\\HARDWARE\\OLED\\OLED_I2C.c           0x00000000   Number         0  oled_i2c.o ABSOLUTE
    ..\\HARDWARE\\OLED\\myiic.c              0x00000000   Number         0  myiic.o ABSOLUTE
    ..\\HARDWARE\\USART\\myusart1.c          0x00000000   Number         0  myusart1.o ABSOLUTE
    dc.s                                     0x00000000   Number         0  dc.o ABSOLUTE
    startup_stm32g474xx.s                    0x00000000   Number         0  startup_stm32g474xx.o ABSOLUTE
    RESET                                    0x08000000   Section      472  startup_stm32g474xx.o(RESET)
    !!!main                                  0x080001d8   Section        8  __main.o(!!!main)
    !!!scatter                               0x080001e0   Section       52  __scatter.o(!!!scatter)
    !!dczerorl2                              0x08000214   Section       90  __dczerorl2.o(!!dczerorl2)
    !!handler_zi                             0x08000270   Section       28  __scatter_zi.o(!!handler_zi)
    .ARM.Collect$$libinit$$00000000          0x0800028c   Section        2  libinit.o(.ARM.Collect$$libinit$$00000000)
    .ARM.Collect$$libinit$$00000001          0x0800028e   Section        4  libinit2.o(.ARM.Collect$$libinit$$00000001)
    .ARM.Collect$$libinit$$00000004          0x08000292   Section        0  libinit2.o(.ARM.Collect$$libinit$$00000004)
    .ARM.Collect$$libinit$$0000000A          0x08000292   Section        0  libinit2.o(.ARM.Collect$$libinit$$0000000A)
    .ARM.Collect$$libinit$$0000000C          0x08000292   Section        0  libinit2.o(.ARM.Collect$$libinit$$0000000C)
    .ARM.Collect$$libinit$$0000000E          0x08000292   Section        0  libinit2.o(.ARM.Collect$$libinit$$0000000E)
    .ARM.Collect$$libinit$$00000011          0x08000292   Section        0  libinit2.o(.ARM.Collect$$libinit$$00000011)
    .ARM.Collect$$libinit$$00000013          0x08000292   Section        0  libinit2.o(.ARM.Collect$$libinit$$00000013)
    .ARM.Collect$$libinit$$00000015          0x08000292   Section        0  libinit2.o(.ARM.Collect$$libinit$$00000015)
    .ARM.Collect$$libinit$$00000017          0x08000292   Section        0  libinit2.o(.ARM.Collect$$libinit$$00000017)
    .ARM.Collect$$libinit$$00000019          0x08000292   Section        0  libinit2.o(.ARM.Collect$$libinit$$00000019)
    .ARM.Collect$$libinit$$0000001B          0x08000292   Section        0  libinit2.o(.ARM.Collect$$libinit$$0000001B)
    .ARM.Collect$$libinit$$0000001D          0x08000292   Section        0  libinit2.o(.ARM.Collect$$libinit$$0000001D)
    .ARM.Collect$$libinit$$0000001F          0x08000292   Section        0  libinit2.o(.ARM.Collect$$libinit$$0000001F)
    .ARM.Collect$$libinit$$00000021          0x08000292   Section        0  libinit2.o(.ARM.Collect$$libinit$$00000021)
    .ARM.Collect$$libinit$$00000023          0x08000292   Section        0  libinit2.o(.ARM.Collect$$libinit$$00000023)
    .ARM.Collect$$libinit$$00000025          0x08000292   Section        0  libinit2.o(.ARM.Collect$$libinit$$00000025)
    .ARM.Collect$$libinit$$0000002C          0x08000292   Section        0  libinit2.o(.ARM.Collect$$libinit$$0000002C)
    .ARM.Collect$$libinit$$0000002E          0x08000292   Section        0  libinit2.o(.ARM.Collect$$libinit$$0000002E)
    .ARM.Collect$$libinit$$00000030          0x08000292   Section        0  libinit2.o(.ARM.Collect$$libinit$$00000030)
    .ARM.Collect$$libinit$$00000032          0x08000292   Section        0  libinit2.o(.ARM.Collect$$libinit$$00000032)
    .ARM.Collect$$libinit$$00000033          0x08000292   Section        2  libinit2.o(.ARM.Collect$$libinit$$00000033)
    .ARM.Collect$$libshutdown$$00000000      0x08000294   Section        2  libshutdown.o(.ARM.Collect$$libshutdown$$00000000)
    .ARM.Collect$$libshutdown$$00000002      0x08000296   Section        0  libshutdown2.o(.ARM.Collect$$libshutdown$$00000002)
    .ARM.Collect$$libshutdown$$00000004      0x08000296   Section        0  libshutdown2.o(.ARM.Collect$$libshutdown$$00000004)
    .ARM.Collect$$libshutdown$$00000007      0x08000296   Section        0  libshutdown2.o(.ARM.Collect$$libshutdown$$00000007)
    .ARM.Collect$$libshutdown$$0000000A      0x08000296   Section        0  libshutdown2.o(.ARM.Collect$$libshutdown$$0000000A)
    .ARM.Collect$$libshutdown$$0000000C      0x08000296   Section        0  libshutdown2.o(.ARM.Collect$$libshutdown$$0000000C)
    .ARM.Collect$$libshutdown$$0000000F      0x08000296   Section        0  libshutdown2.o(.ARM.Collect$$libshutdown$$0000000F)
    .ARM.Collect$$libshutdown$$00000010      0x08000296   Section        2  libshutdown2.o(.ARM.Collect$$libshutdown$$00000010)
    .ARM.Collect$$rtentry$$00000000          0x08000298   Section        0  __rtentry.o(.ARM.Collect$$rtentry$$00000000)
    .ARM.Collect$$rtentry$$00000002          0x08000298   Section        0  __rtentry2.o(.ARM.Collect$$rtentry$$00000002)
    .ARM.Collect$$rtentry$$00000004          0x08000298   Section        6  __rtentry4.o(.ARM.Collect$$rtentry$$00000004)
    .ARM.Collect$$rtentry$$00000009          0x0800029e   Section        0  __rtentry2.o(.ARM.Collect$$rtentry$$00000009)
    .ARM.Collect$$rtentry$$0000000A          0x0800029e   Section        4  __rtentry2.o(.ARM.Collect$$rtentry$$0000000A)
    .ARM.Collect$$rtentry$$0000000C          0x080002a2   Section        0  __rtentry2.o(.ARM.Collect$$rtentry$$0000000C)
    .ARM.Collect$$rtentry$$0000000D          0x080002a2   Section        8  __rtentry2.o(.ARM.Collect$$rtentry$$0000000D)
    .ARM.Collect$$rtexit$$00000000           0x080002aa   Section        2  rtexit.o(.ARM.Collect$$rtexit$$00000000)
    .ARM.Collect$$rtexit$$00000002           0x080002ac   Section        0  rtexit2.o(.ARM.Collect$$rtexit$$00000002)
    .ARM.Collect$$rtexit$$00000003           0x080002ac   Section        4  rtexit2.o(.ARM.Collect$$rtexit$$00000003)
    .ARM.Collect$$rtexit$$00000004           0x080002b0   Section        6  rtexit2.o(.ARM.Collect$$rtexit$$00000004)
    .text                                    0x080002b8   Section       64  startup_stm32g474xx.o(.text)
    $v0                                      0x080002b8   Number         0  startup_stm32g474xx.o(.text)
    .text                                    0x080002f8   Section      238  lludivv7m.o(.text)
    .text                                    0x080003e6   Section       78  rt_memclr_w.o(.text)
    .text                                    0x08000434   Section        0  heapauxi.o(.text)
    .text                                    0x0800043c   Section        8  libspace.o(.text)
    .text                                    0x08000444   Section       74  sys_stackheap_outer.o(.text)
    .text                                    0x0800048e   Section        0  exit.o(.text)
    .text                                    0x080004a0   Section        0  sys_exit.o(.text)
    .text                                    0x080004ac   Section        2  use_no_semi.o(.text)
    .text                                    0x080004ae   Section        0  indicate_semi.o(.text)
    i.BusFault_Handler                       0x080004ae   Section        0  stm32g4xx_it.o(i.BusFault_Handler)
    i.DebugMon_Handler                       0x080004b0   Section        0  stm32g4xx_it.o(i.DebugMon_Handler)
    i.EXTI15_10_IRQHandler                   0x080004b2   Section        0  stm32g4xx_it.o(i.EXTI15_10_IRQHandler)
    i.Error_Handler                          0x080004ba   Section        0  main.o(i.Error_Handler)
    i.HAL_DMA_Abort                          0x080004be   Section        0  stm32g4xx_hal_dma.o(i.HAL_DMA_Abort)
    i.HAL_DMA_Abort_IT                       0x08000528   Section        0  stm32g4xx_hal_dma.o(i.HAL_DMA_Abort_IT)
    i.HAL_GPIO_EXTI_Callback                 0x080005a0   Section        0  main.o(i.HAL_GPIO_EXTI_Callback)
    i.HAL_GPIO_EXTI_IRQHandler               0x080005a4   Section        0  stm32g4xx_hal_gpio.o(i.HAL_GPIO_EXTI_IRQHandler)
    i.HAL_GPIO_Init                          0x080005bc   Section        0  stm32g4xx_hal_gpio.o(i.HAL_GPIO_Init)
    i.HAL_GPIO_ReadPin                       0x08000804   Section        0  stm32g4xx_hal_gpio.o(i.HAL_GPIO_ReadPin)
    i.HAL_GPIO_WritePin                      0x0800080e   Section        0  stm32g4xx_hal_gpio.o(i.HAL_GPIO_WritePin)
    i.HAL_GetTick                            0x08000818   Section        0  stm32g4xx_hal.o(i.HAL_GetTick)
    i.HAL_IncTick                            0x08000824   Section        0  stm32g4xx_hal.o(i.HAL_IncTick)
    i.HAL_Init                               0x08000834   Section        0  stm32g4xx_hal.o(i.HAL_Init)
    i.HAL_InitTick                           0x08000854   Section        0  stm32g4xx_hal.o(i.HAL_InitTick)
    i.HAL_MspInit                            0x08000898   Section        0  stm32g4xx_hal_msp.o(i.HAL_MspInit)
    i.HAL_NVIC_EnableIRQ                     0x080008c8   Section        0  stm32g4xx_hal_cortex.o(i.HAL_NVIC_EnableIRQ)
    i.HAL_NVIC_SetPriority                   0x080008e4   Section        0  stm32g4xx_hal_cortex.o(i.HAL_NVIC_SetPriority)
    i.HAL_NVIC_SetPriorityGrouping           0x08000924   Section        0  stm32g4xx_hal_cortex.o(i.HAL_NVIC_SetPriorityGrouping)
    i.HAL_PWREx_ControlVoltageScaling        0x08000948   Section        0  stm32g4xx_hal_pwr_ex.o(i.HAL_PWREx_ControlVoltageScaling)
    i.HAL_PWREx_DisableUCPDDeadBattery       0x08000a04   Section        0  stm32g4xx_hal_pwr_ex.o(i.HAL_PWREx_DisableUCPDDeadBattery)
    i.HAL_RCCEx_PeriphCLKConfig              0x08000a14   Section        0  stm32g4xx_hal_rcc_ex.o(i.HAL_RCCEx_PeriphCLKConfig)
    i.HAL_RCC_ClockConfig                    0x08000d14   Section        0  stm32g4xx_hal_rcc.o(i.HAL_RCC_ClockConfig)
    i.HAL_RCC_GetPCLK1Freq                   0x08000ef0   Section        0  stm32g4xx_hal_rcc.o(i.HAL_RCC_GetPCLK1Freq)
    i.HAL_RCC_GetPCLK2Freq                   0x08000f14   Section        0  stm32g4xx_hal_rcc.o(i.HAL_RCC_GetPCLK2Freq)
    i.HAL_RCC_GetSysClockFreq                0x08000f38   Section        0  stm32g4xx_hal_rcc.o(i.HAL_RCC_GetSysClockFreq)
    i.HAL_RCC_OscConfig                      0x08000fa8   Section        0  stm32g4xx_hal_rcc.o(i.HAL_RCC_OscConfig)
    i.HAL_SPI_GetState                       0x080013ac   Section        0  stm32g4xx_hal_spi.o(i.HAL_SPI_GetState)
    i.HAL_SPI_Init                           0x080013b2   Section        0  stm32g4xx_hal_spi.o(i.HAL_SPI_Init)
    i.HAL_SPI_MspInit                        0x0800149c   Section        0  spi.o(i.HAL_SPI_MspInit)
    i.HAL_SPI_Transmit                       0x08001500   Section        0  stm32g4xx_hal_spi.o(i.HAL_SPI_Transmit)
    i.HAL_SYSTICK_CLKSourceConfig            0x0800168e   Section        0  stm32g4xx_hal_cortex.o(i.HAL_SYSTICK_CLKSourceConfig)
    i.HAL_SYSTICK_Config                     0x080016a6   Section        0  stm32g4xx_hal_cortex.o(i.HAL_SYSTICK_Config)
    i.HAL_UARTEx_DisableFifoMode             0x080016ce   Section        0  stm32g4xx_hal_uart_ex.o(i.HAL_UARTEx_DisableFifoMode)
    i.HAL_UARTEx_RxEventCallback             0x0800170c   Section        0  stm32g4xx_hal_uart.o(i.HAL_UARTEx_RxEventCallback)
    i.HAL_UARTEx_RxFifoFullCallback          0x0800170e   Section        0  stm32g4xx_hal_uart_ex.o(i.HAL_UARTEx_RxFifoFullCallback)
    i.HAL_UARTEx_SetRxFifoThreshold          0x08001710   Section        0  stm32g4xx_hal_uart_ex.o(i.HAL_UARTEx_SetRxFifoThreshold)
    i.HAL_UARTEx_SetTxFifoThreshold          0x0800175c   Section        0  stm32g4xx_hal_uart_ex.o(i.HAL_UARTEx_SetTxFifoThreshold)
    i.HAL_UARTEx_TxFifoEmptyCallback         0x080017a8   Section        0  stm32g4xx_hal_uart_ex.o(i.HAL_UARTEx_TxFifoEmptyCallback)
    i.HAL_UARTEx_WakeupCallback              0x080017aa   Section        0  stm32g4xx_hal_uart_ex.o(i.HAL_UARTEx_WakeupCallback)
    i.HAL_UART_ErrorCallback                 0x080017ac   Section        0  stm32g4xx_hal_uart.o(i.HAL_UART_ErrorCallback)
    i.HAL_UART_IRQHandler                    0x080017b0   Section        0  stm32g4xx_hal_uart.o(i.HAL_UART_IRQHandler)
    i.HAL_UART_Init                          0x08001acc   Section        0  stm32g4xx_hal_uart.o(i.HAL_UART_Init)
    i.HAL_UART_MspInit                       0x08001b38   Section        0  usart.o(i.HAL_UART_MspInit)
    i.HAL_UART_TxCpltCallback                0x08001bc4   Section        0  stm32g4xx_hal_uart.o(i.HAL_UART_TxCpltCallback)
    i.HardFault_Handler                      0x08001bc6   Section        0  stm32g4xx_it.o(i.HardFault_Handler)
    i.I2C_WriteByte                          0x08001bc8   Section        0  oled_i2c.o(i.I2C_WriteByte)
    i.IIC_Init                               0x08001bf8   Section        0  myiic.o(i.IIC_Init)
    i.IIC_Send_Byte                          0x08001c18   Section        0  myiic.o(i.IIC_Send_Byte)
    i.IIC_Start                              0x08001c90   Section        0  myiic.o(i.IIC_Start)
    i.IIC_Stop                               0x08001ce4   Section        0  myiic.o(i.IIC_Stop)
    i.IIC_Wait_Ack                           0x08001d3c   Section        0  myiic.o(i.IIC_Wait_Ack)
    i.MX_GPIO_Init                           0x08001da8   Section        0  gpio.o(i.MX_GPIO_Init)
    i.MX_SPI2_Init                           0x08001e68   Section        0  spi.o(i.MX_SPI2_Init)
    i.MX_USART1_UART_Init                    0x08001eb8   Section        0  usart.o(i.MX_USART1_UART_Init)
    i.MemManage_Handler                      0x08001f20   Section        0  stm32g4xx_it.o(i.MemManage_Handler)
    i.MyUSART1_IRQHandler                    0x08001f24   Section        0  myusart1.o(i.MyUSART1_IRQHandler)
    i.MyUSART1_Init                          0x08001f58   Section        0  myusart1.o(i.MyUSART1_Init)
    i.NMI_Handler                            0x08001f6c   Section        0  stm32g4xx_it.o(i.NMI_Handler)
    i.OLED_CLS                               0x08001f6e   Section        0  oled_i2c.o(i.OLED_CLS)
    i.OLED_Fill                              0x08001f74   Section        0  oled_i2c.o(i.OLED_Fill)
    i.OLED_Init                              0x08001fac   Section        0  oled_i2c.o(i.OLED_Init)
    i.OLED_SetPos                            0x08002074   Section        0  oled_i2c.o(i.OLED_SetPos)
    i.OLED_ShowStr                           0x0800209c   Section        0  oled_i2c.o(i.OLED_ShowStr)
    i.PendSV_Handler                         0x08002174   Section        0  stm32g4xx_it.o(i.PendSV_Handler)
    i.SPI_EndRxTxTransaction                 0x08002176   Section        0  stm32g4xx_hal_spi.o(i.SPI_EndRxTxTransaction)
    SPI_EndRxTxTransaction                   0x08002177   Thumb Code    72  stm32g4xx_hal_spi.o(i.SPI_EndRxTxTransaction)
    i.SPI_WaitFifoStateUntilTimeout          0x080021c0   Section        0  stm32g4xx_hal_spi.o(i.SPI_WaitFifoStateUntilTimeout)
    SPI_WaitFifoStateUntilTimeout            0x080021c1   Thumb Code   218  stm32g4xx_hal_spi.o(i.SPI_WaitFifoStateUntilTimeout)
    i.SPI_WaitFlagStateUntilTimeout          0x080022a0   Section        0  stm32g4xx_hal_spi.o(i.SPI_WaitFlagStateUntilTimeout)
    SPI_WaitFlagStateUntilTimeout            0x080022a1   Thumb Code   180  stm32g4xx_hal_spi.o(i.SPI_WaitFlagStateUntilTimeout)
    i.SVC_Handler                            0x08002358   Section        0  stm32g4xx_it.o(i.SVC_Handler)
    i.SysTick_Handler                        0x0800235a   Section        0  stm32g4xx_it.o(i.SysTick_Handler)
    i.SystemClock_Config                     0x0800235e   Section        0  main.o(i.SystemClock_Config)
    i.SystemInit                             0x080023c4   Section        0  system_stm32g4xx.o(i.SystemInit)
    i.UARTEx_SetNbDataToProcess              0x080023d4   Section        0  stm32g4xx_hal_uart_ex.o(i.UARTEx_SetNbDataToProcess)
    UARTEx_SetNbDataToProcess                0x080023d5   Thumb Code    62  stm32g4xx_hal_uart_ex.o(i.UARTEx_SetNbDataToProcess)
    i.UART_AdvFeatureConfig                  0x08002418   Section        0  stm32g4xx_hal_uart.o(i.UART_AdvFeatureConfig)
    i.UART_CheckIdleState                    0x080024e0   Section        0  stm32g4xx_hal_uart.o(i.UART_CheckIdleState)
    i.UART_DMAAbortOnError                   0x0800258c   Section        0  stm32g4xx_hal_uart.o(i.UART_DMAAbortOnError)
    UART_DMAAbortOnError                     0x0800258d   Thumb Code    16  stm32g4xx_hal_uart.o(i.UART_DMAAbortOnError)
    i.UART_EndRxTransfer                     0x0800259c   Section        0  stm32g4xx_hal_uart.o(i.UART_EndRxTransfer)
    UART_EndRxTransfer                       0x0800259d   Thumb Code    78  stm32g4xx_hal_uart.o(i.UART_EndRxTransfer)
    i.UART_SetConfig                         0x080025f0   Section        0  stm32g4xx_hal_uart.o(i.UART_SetConfig)
    i.UART_WaitOnFlagUntilTimeout            0x08002888   Section        0  stm32g4xx_hal_uart.o(i.UART_WaitOnFlagUntilTimeout)
    i.USART1_IRQHandler                      0x0800291c   Section        0  stm32g4xx_it.o(i.USART1_IRQHandler)
    i.UsageFault_Handler                     0x08002938   Section        0  stm32g4xx_it.o(i.UsageFault_Handler)
    i.WriteCmd                               0x0800293a   Section        0  oled_i2c.o(i.WriteCmd)
    i.WriteDat                               0x08002942   Section        0  oled_i2c.o(i.WriteDat)
    i.__NVIC_SetPriority                     0x0800294a   Section        0  stm32g4xx_hal_cortex.o(i.__NVIC_SetPriority)
    __NVIC_SetPriority                       0x0800294b   Thumb Code    32  stm32g4xx_hal_cortex.o(i.__NVIC_SetPriority)
    i.dac8830_send_byte                      0x0800296c   Section        0  dac8830.o(i.dac8830_send_byte)
    i.delay_init                             0x080029c8   Section        0  delay.o(i.delay_init)
    i.delay_ms                               0x080029dc   Section        0  delay.o(i.delay_ms)
    i.delay_us                               0x080029e8   Section        0  delay.o(i.delay_us)
    i.main                                   0x08002a1c   Section        0  main.o(i.main)
    x$fpl$fpinit                             0x08002a68   Section       10  fpinit.o(x$fpl$fpinit)
    $v0                                      0x08002a68   Number         0  fpinit.o(x$fpl$fpinit)
    .constdata                               0x08002a72   Section       24  stm32g4xx_hal_uart.o(.constdata)
    .constdata                               0x08002a8a   Section       16  stm32g4xx_hal_uart_ex.o(.constdata)
    numerator                                0x08002a8a   Data           8  stm32g4xx_hal_uart_ex.o(.constdata)
    denominator                              0x08002a92   Data           8  stm32g4xx_hal_uart_ex.o(.constdata)
    .constdata                               0x08002a9a   Section       16  system_stm32g4xx.o(.constdata)
    .constdata                               0x08002aaa   Section        8  system_stm32g4xx.o(.constdata)
    .constdata                               0x08002ab2   Section     2086  oled_i2c.o(.constdata)
    hSpeedReg                                0x08002ab2   Data           8  oled_i2c.o(.constdata)
    .data                                    0x20000000   Section       12  stm32g4xx_hal.o(.data)
    .data                                    0x2000000c   Section        4  system_stm32g4xx.o(.data)
    .data                                    0x20000010   Section        2  delay.o(.data)
    sysClkFreq                               0x20000010   Data           2  delay.o(.data)
    .data                                    0x20000012   Section      547  oled_i2c.o(.data)
    .data                                    0x20000238   Section       12  myusart1.o(.data)
    .data                                    0x20000244   Section        2  dac8830.o(.data)
    .bss                                     0x20000248   Section      100  spi.o(.bss)
    .bss                                     0x200002ac   Section      148  usart.o(.bss)
    .bss                                     0x20000340   Section      100  myusart1.o(.bss)
    .bss                                     0x200003a4   Section       96  libspace.o(.bss)
    HEAP                                     0x20000408   Section      512  startup_stm32g474xx.o(HEAP)
    Heap_Mem                                 0x20000408   Data         512  startup_stm32g474xx.o(HEAP)
    STACK                                    0x20000608   Section     1024  startup_stm32g474xx.o(STACK)
    Stack_Mem                                0x20000608   Data        1024  startup_stm32g474xx.o(STACK)
    __initial_sp                             0x20000a08   Data           0  startup_stm32g474xx.o(STACK)

    Global Symbols

    Symbol Name                              Value     Ov Type        Size  Object(Section)

    BuildAttributes$$THM_ISAv4$E$P$D$K$B$S$7EM$VFPi3$EXTD16$VFPS$VFMA$PE$A:L22UL41UL21$X:L11$S22US41US21$IEEE1$IW$USESV6$~STKCKD$USESV7$~SHL$OTIME$ROPI$IEEEJ$EBA8$UX$STANDARDLIB$REQ8$PRES8$EABIv2 0x00000000   Number         0  anon$$obj.o ABSOLUTE
    __ARM_use_no_argv                        0x00000000   Number         0  main.o ABSOLUTE
    _printf_flags                            0x00000000   Number         0  printf_stubs.o ABSOLUTE
    _printf_return_value                     0x00000000   Number         0  printf_stubs.o ABSOLUTE
    _printf_sizespec                         0x00000000   Number         0  printf_stubs.o ABSOLUTE
    _printf_widthprec                        0x00000000   Number         0  printf_stubs.o ABSOLUTE
    __ARM_exceptions_init                     - Undefined Weak Reference
    __alloca_initialize                       - Undefined Weak Reference
    __arm_preinit_                            - Undefined Weak Reference
    __cpp_initialize__aeabi_                  - Undefined Weak Reference
    __cxa_finalize                            - Undefined Weak Reference
    __sigvec_lookup                           - Undefined Weak Reference
    _atexit_init                              - Undefined Weak Reference
    _call_atexit_fns                          - Undefined Weak Reference
    _clock_init                               - Undefined Weak Reference
    _fp_trap_init                             - Undefined Weak Reference
    _fp_trap_shutdown                         - Undefined Weak Reference
    _get_lc_collate                           - Undefined Weak Reference
    _get_lc_ctype                             - Undefined Weak Reference
    _get_lc_monetary                          - Undefined Weak Reference
    _get_lc_time                              - Undefined Weak Reference
    _getenv_init                              - Undefined Weak Reference
    _handle_redirection                       - Undefined Weak Reference
    _init_alloc                               - Undefined Weak Reference
    _init_user_alloc                          - Undefined Weak Reference
    _initio                                   - Undefined Weak Reference
    _printf_post_padding                      - Undefined Weak Reference
    _printf_pre_padding                       - Undefined Weak Reference
    _rand_init                                - Undefined Weak Reference
    _signal_finish                            - Undefined Weak Reference
    _signal_init                              - Undefined Weak Reference
    _terminate_alloc                          - Undefined Weak Reference
    _terminate_user_alloc                     - Undefined Weak Reference
    _terminateio                              - Undefined Weak Reference
    __Vectors_Size                           0x000001d8   Number         0  startup_stm32g474xx.o ABSOLUTE
    __Vectors                                0x08000000   Data           4  startup_stm32g474xx.o(RESET)
    __Vectors_End                            0x080001d8   Data           0  startup_stm32g474xx.o(RESET)
    __main                                   0x080001d9   Thumb Code     8  __main.o(!!!main)
    __scatterload                            0x080001e1   Thumb Code     0  __scatter.o(!!!scatter)
    __scatterload_rt2                        0x080001e1   Thumb Code    44  __scatter.o(!!!scatter)
    __scatterload_rt2_thumb_only             0x080001e1   Thumb Code     0  __scatter.o(!!!scatter)
    __scatterload_null                       0x080001ef   Thumb Code     0  __scatter.o(!!!scatter)
    __decompress                             0x08000215   Thumb Code    90  __dczerorl2.o(!!dczerorl2)
    __decompress1                            0x08000215   Thumb Code     0  __dczerorl2.o(!!dczerorl2)
    __scatterload_zeroinit                   0x08000271   Thumb Code    28  __scatter_zi.o(!!handler_zi)
    __rt_lib_init                            0x0800028d   Thumb Code     0  libinit.o(.ARM.Collect$$libinit$$00000000)
    __rt_lib_init_fp_1                       0x0800028f   Thumb Code     0  libinit2.o(.ARM.Collect$$libinit$$00000001)
    __rt_lib_init_alloca_1                   0x08000293   Thumb Code     0  libinit2.o(.ARM.Collect$$libinit$$0000002E)
    __rt_lib_init_argv_1                     0x08000293   Thumb Code     0  libinit2.o(.ARM.Collect$$libinit$$0000002C)
    __rt_lib_init_atexit_1                   0x08000293   Thumb Code     0  libinit2.o(.ARM.Collect$$libinit$$0000001B)
    __rt_lib_init_clock_1                    0x08000293   Thumb Code     0  libinit2.o(.ARM.Collect$$libinit$$00000021)
    __rt_lib_init_cpp_1                      0x08000293   Thumb Code     0  libinit2.o(.ARM.Collect$$libinit$$00000032)
    __rt_lib_init_exceptions_1               0x08000293   Thumb Code     0  libinit2.o(.ARM.Collect$$libinit$$00000030)
    __rt_lib_init_fp_trap_1                  0x08000293   Thumb Code     0  libinit2.o(.ARM.Collect$$libinit$$0000001F)
    __rt_lib_init_getenv_1                   0x08000293   Thumb Code     0  libinit2.o(.ARM.Collect$$libinit$$00000023)
    __rt_lib_init_heap_1                     0x08000293   Thumb Code     0  libinit2.o(.ARM.Collect$$libinit$$0000000A)
    __rt_lib_init_lc_collate_1               0x08000293   Thumb Code     0  libinit2.o(.ARM.Collect$$libinit$$00000011)
    __rt_lib_init_lc_ctype_1                 0x08000293   Thumb Code     0  libinit2.o(.ARM.Collect$$libinit$$00000013)
    __rt_lib_init_lc_monetary_1              0x08000293   Thumb Code     0  libinit2.o(.ARM.Collect$$libinit$$00000015)
    __rt_lib_init_lc_numeric_1               0x08000293   Thumb Code     0  libinit2.o(.ARM.Collect$$libinit$$00000017)
    __rt_lib_init_lc_time_1                  0x08000293   Thumb Code     0  libinit2.o(.ARM.Collect$$libinit$$00000019)
    __rt_lib_init_preinit_1                  0x08000293   Thumb Code     0  libinit2.o(.ARM.Collect$$libinit$$00000004)
    __rt_lib_init_rand_1                     0x08000293   Thumb Code     0  libinit2.o(.ARM.Collect$$libinit$$0000000E)
    __rt_lib_init_return                     0x08000293   Thumb Code     0  libinit2.o(.ARM.Collect$$libinit$$00000033)
    __rt_lib_init_signal_1                   0x08000293   Thumb Code     0  libinit2.o(.ARM.Collect$$libinit$$0000001D)
    __rt_lib_init_stdio_1                    0x08000293   Thumb Code     0  libinit2.o(.ARM.Collect$$libinit$$00000025)
    __rt_lib_init_user_alloc_1               0x08000293   Thumb Code     0  libinit2.o(.ARM.Collect$$libinit$$0000000C)
    __rt_lib_shutdown                        0x08000295   Thumb Code     0  libshutdown.o(.ARM.Collect$$libshutdown$$00000000)
    __rt_lib_shutdown_cpp_1                  0x08000297   Thumb Code     0  libshutdown2.o(.ARM.Collect$$libshutdown$$00000002)
    __rt_lib_shutdown_fp_trap_1              0x08000297   Thumb Code     0  libshutdown2.o(.ARM.Collect$$libshutdown$$00000007)
    __rt_lib_shutdown_heap_1                 0x08000297   Thumb Code     0  libshutdown2.o(.ARM.Collect$$libshutdown$$0000000F)
    __rt_lib_shutdown_return                 0x08000297   Thumb Code     0  libshutdown2.o(.ARM.Collect$$libshutdown$$00000010)
    __rt_lib_shutdown_signal_1               0x08000297   Thumb Code     0  libshutdown2.o(.ARM.Collect$$libshutdown$$0000000A)
    __rt_lib_shutdown_stdio_1                0x08000297   Thumb Code     0  libshutdown2.o(.ARM.Collect$$libshutdown$$00000004)
    __rt_lib_shutdown_user_alloc_1           0x08000297   Thumb Code     0  libshutdown2.o(.ARM.Collect$$libshutdown$$0000000C)
    __rt_entry                               0x08000299   Thumb Code     0  __rtentry.o(.ARM.Collect$$rtentry$$00000000)
    __rt_entry_presh_1                       0x08000299   Thumb Code     0  __rtentry2.o(.ARM.Collect$$rtentry$$00000002)
    __rt_entry_sh                            0x08000299   Thumb Code     0  __rtentry4.o(.ARM.Collect$$rtentry$$00000004)
    __rt_entry_li                            0x0800029f   Thumb Code     0  __rtentry2.o(.ARM.Collect$$rtentry$$0000000A)
    __rt_entry_postsh_1                      0x0800029f   Thumb Code     0  __rtentry2.o(.ARM.Collect$$rtentry$$00000009)
    __rt_entry_main                          0x080002a3   Thumb Code     0  __rtentry2.o(.ARM.Collect$$rtentry$$0000000D)
    __rt_entry_postli_1                      0x080002a3   Thumb Code     0  __rtentry2.o(.ARM.Collect$$rtentry$$0000000C)
    __rt_exit                                0x080002ab   Thumb Code     0  rtexit.o(.ARM.Collect$$rtexit$$00000000)
    __rt_exit_ls                             0x080002ad   Thumb Code     0  rtexit2.o(.ARM.Collect$$rtexit$$00000003)
    __rt_exit_prels_1                        0x080002ad   Thumb Code     0  rtexit2.o(.ARM.Collect$$rtexit$$00000002)
    __rt_exit_exit                           0x080002b1   Thumb Code     0  rtexit2.o(.ARM.Collect$$rtexit$$00000004)
    Reset_Handler                            0x080002b9   Thumb Code     8  startup_stm32g474xx.o(.text)
    ADC1_2_IRQHandler                        0x080002d3   Thumb Code     0  startup_stm32g474xx.o(.text)
    ADC3_IRQHandler                          0x080002d3   Thumb Code     0  startup_stm32g474xx.o(.text)
    ADC4_IRQHandler                          0x080002d3   Thumb Code     0  startup_stm32g474xx.o(.text)
    ADC5_IRQHandler                          0x080002d3   Thumb Code     0  startup_stm32g474xx.o(.text)
    COMP1_2_3_IRQHandler                     0x080002d3   Thumb Code     0  startup_stm32g474xx.o(.text)
    COMP4_5_6_IRQHandler                     0x080002d3   Thumb Code     0  startup_stm32g474xx.o(.text)
    COMP7_IRQHandler                         0x080002d3   Thumb Code     0  startup_stm32g474xx.o(.text)
    CORDIC_IRQHandler                        0x080002d3   Thumb Code     0  startup_stm32g474xx.o(.text)
    CRS_IRQHandler                           0x080002d3   Thumb Code     0  startup_stm32g474xx.o(.text)
    DMA1_Channel1_IRQHandler                 0x080002d3   Thumb Code     0  startup_stm32g474xx.o(.text)
    DMA1_Channel2_IRQHandler                 0x080002d3   Thumb Code     0  startup_stm32g474xx.o(.text)
    DMA1_Channel3_IRQHandler                 0x080002d3   Thumb Code     0  startup_stm32g474xx.o(.text)
    DMA1_Channel4_IRQHandler                 0x080002d3   Thumb Code     0  startup_stm32g474xx.o(.text)
    DMA1_Channel5_IRQHandler                 0x080002d3   Thumb Code     0  startup_stm32g474xx.o(.text)
    DMA1_Channel6_IRQHandler                 0x080002d3   Thumb Code     0  startup_stm32g474xx.o(.text)
    DMA1_Channel7_IRQHandler                 0x080002d3   Thumb Code     0  startup_stm32g474xx.o(.text)
    DMA1_Channel8_IRQHandler                 0x080002d3   Thumb Code     0  startup_stm32g474xx.o(.text)
    DMA2_Channel1_IRQHandler                 0x080002d3   Thumb Code     0  startup_stm32g474xx.o(.text)
    DMA2_Channel2_IRQHandler                 0x080002d3   Thumb Code     0  startup_stm32g474xx.o(.text)
    DMA2_Channel3_IRQHandler                 0x080002d3   Thumb Code     0  startup_stm32g474xx.o(.text)
    DMA2_Channel4_IRQHandler                 0x080002d3   Thumb Code     0  startup_stm32g474xx.o(.text)
    DMA2_Channel5_IRQHandler                 0x080002d3   Thumb Code     0  startup_stm32g474xx.o(.text)
    DMA2_Channel6_IRQHandler                 0x080002d3   Thumb Code     0  startup_stm32g474xx.o(.text)
    DMA2_Channel7_IRQHandler                 0x080002d3   Thumb Code     0  startup_stm32g474xx.o(.text)
    DMA2_Channel8_IRQHandler                 0x080002d3   Thumb Code     0  startup_stm32g474xx.o(.text)
    DMAMUX_OVR_IRQHandler                    0x080002d3   Thumb Code     0  startup_stm32g474xx.o(.text)
    EXTI0_IRQHandler                         0x080002d3   Thumb Code     0  startup_stm32g474xx.o(.text)
    EXTI1_IRQHandler                         0x080002d3   Thumb Code     0  startup_stm32g474xx.o(.text)
    EXTI2_IRQHandler                         0x080002d3   Thumb Code     0  startup_stm32g474xx.o(.text)
    EXTI3_IRQHandler                         0x080002d3   Thumb Code     0  startup_stm32g474xx.o(.text)
    EXTI4_IRQHandler                         0x080002d3   Thumb Code     0  startup_stm32g474xx.o(.text)
    EXTI9_5_IRQHandler                       0x080002d3   Thumb Code     0  startup_stm32g474xx.o(.text)
    FDCAN1_IT0_IRQHandler                    0x080002d3   Thumb Code     0  startup_stm32g474xx.o(.text)
    FDCAN1_IT1_IRQHandler                    0x080002d3   Thumb Code     0  startup_stm32g474xx.o(.text)
    FDCAN2_IT0_IRQHandler                    0x080002d3   Thumb Code     0  startup_stm32g474xx.o(.text)
    FDCAN2_IT1_IRQHandler                    0x080002d3   Thumb Code     0  startup_stm32g474xx.o(.text)
    FDCAN3_IT0_IRQHandler                    0x080002d3   Thumb Code     0  startup_stm32g474xx.o(.text)
    FDCAN3_IT1_IRQHandler                    0x080002d3   Thumb Code     0  startup_stm32g474xx.o(.text)
    FLASH_IRQHandler                         0x080002d3   Thumb Code     0  startup_stm32g474xx.o(.text)
    FMAC_IRQHandler                          0x080002d3   Thumb Code     0  startup_stm32g474xx.o(.text)
    FMC_IRQHandler                           0x080002d3   Thumb Code     0  startup_stm32g474xx.o(.text)
    FPU_IRQHandler                           0x080002d3   Thumb Code     0  startup_stm32g474xx.o(.text)
    HRTIM1_FLT_IRQHandler                    0x080002d3   Thumb Code     0  startup_stm32g474xx.o(.text)
    HRTIM1_Master_IRQHandler                 0x080002d3   Thumb Code     0  startup_stm32g474xx.o(.text)
    HRTIM1_TIMA_IRQHandler                   0x080002d3   Thumb Code     0  startup_stm32g474xx.o(.text)
    HRTIM1_TIMB_IRQHandler                   0x080002d3   Thumb Code     0  startup_stm32g474xx.o(.text)
    HRTIM1_TIMC_IRQHandler                   0x080002d3   Thumb Code     0  startup_stm32g474xx.o(.text)
    HRTIM1_TIMD_IRQHandler                   0x080002d3   Thumb Code     0  startup_stm32g474xx.o(.text)
    HRTIM1_TIME_IRQHandler                   0x080002d3   Thumb Code     0  startup_stm32g474xx.o(.text)
    HRTIM1_TIMF_IRQHandler                   0x080002d3   Thumb Code     0  startup_stm32g474xx.o(.text)
    I2C1_ER_IRQHandler                       0x080002d3   Thumb Code     0  startup_stm32g474xx.o(.text)
    I2C1_EV_IRQHandler                       0x080002d3   Thumb Code     0  startup_stm32g474xx.o(.text)
    I2C2_ER_IRQHandler                       0x080002d3   Thumb Code     0  startup_stm32g474xx.o(.text)
    I2C2_EV_IRQHandler                       0x080002d3   Thumb Code     0  startup_stm32g474xx.o(.text)
    I2C3_ER_IRQHandler                       0x080002d3   Thumb Code     0  startup_stm32g474xx.o(.text)
    I2C3_EV_IRQHandler                       0x080002d3   Thumb Code     0  startup_stm32g474xx.o(.text)
    I2C4_ER_IRQHandler                       0x080002d3   Thumb Code     0  startup_stm32g474xx.o(.text)
    I2C4_EV_IRQHandler                       0x080002d3   Thumb Code     0  startup_stm32g474xx.o(.text)
    LPTIM1_IRQHandler                        0x080002d3   Thumb Code     0  startup_stm32g474xx.o(.text)
    LPUART1_IRQHandler                       0x080002d3   Thumb Code     0  startup_stm32g474xx.o(.text)
    PVD_PVM_IRQHandler                       0x080002d3   Thumb Code     0  startup_stm32g474xx.o(.text)
    QUADSPI_IRQHandler                       0x080002d3   Thumb Code     0  startup_stm32g474xx.o(.text)
    RCC_IRQHandler                           0x080002d3   Thumb Code     0  startup_stm32g474xx.o(.text)
    RNG_IRQHandler                           0x080002d3   Thumb Code     0  startup_stm32g474xx.o(.text)
    RTC_Alarm_IRQHandler                     0x080002d3   Thumb Code     0  startup_stm32g474xx.o(.text)
    RTC_TAMP_LSECSS_IRQHandler               0x080002d3   Thumb Code     0  startup_stm32g474xx.o(.text)
    RTC_WKUP_IRQHandler                      0x080002d3   Thumb Code     0  startup_stm32g474xx.o(.text)
    SAI1_IRQHandler                          0x080002d3   Thumb Code     0  startup_stm32g474xx.o(.text)
    SPI1_IRQHandler                          0x080002d3   Thumb Code     0  startup_stm32g474xx.o(.text)
    SPI2_IRQHandler                          0x080002d3   Thumb Code     0  startup_stm32g474xx.o(.text)
    SPI3_IRQHandler                          0x080002d3   Thumb Code     0  startup_stm32g474xx.o(.text)
    SPI4_IRQHandler                          0x080002d3   Thumb Code     0  startup_stm32g474xx.o(.text)
    TIM1_BRK_TIM15_IRQHandler                0x080002d3   Thumb Code     0  startup_stm32g474xx.o(.text)
    TIM1_CC_IRQHandler                       0x080002d3   Thumb Code     0  startup_stm32g474xx.o(.text)
    TIM1_TRG_COM_TIM17_IRQHandler            0x080002d3   Thumb Code     0  startup_stm32g474xx.o(.text)
    TIM1_UP_TIM16_IRQHandler                 0x080002d3   Thumb Code     0  startup_stm32g474xx.o(.text)
    TIM20_BRK_IRQHandler                     0x080002d3   Thumb Code     0  startup_stm32g474xx.o(.text)
    TIM20_CC_IRQHandler                      0x080002d3   Thumb Code     0  startup_stm32g474xx.o(.text)
    TIM20_TRG_COM_IRQHandler                 0x080002d3   Thumb Code     0  startup_stm32g474xx.o(.text)
    TIM20_UP_IRQHandler                      0x080002d3   Thumb Code     0  startup_stm32g474xx.o(.text)
    TIM2_IRQHandler                          0x080002d3   Thumb Code     0  startup_stm32g474xx.o(.text)
    TIM3_IRQHandler                          0x080002d3   Thumb Code     0  startup_stm32g474xx.o(.text)
    TIM4_IRQHandler                          0x080002d3   Thumb Code     0  startup_stm32g474xx.o(.text)
    TIM5_IRQHandler                          0x080002d3   Thumb Code     0  startup_stm32g474xx.o(.text)
    TIM6_DAC_IRQHandler                      0x080002d3   Thumb Code     0  startup_stm32g474xx.o(.text)
    TIM7_DAC_IRQHandler                      0x080002d3   Thumb Code     0  startup_stm32g474xx.o(.text)
    TIM8_BRK_IRQHandler                      0x080002d3   Thumb Code     0  startup_stm32g474xx.o(.text)
    TIM8_CC_IRQHandler                       0x080002d3   Thumb Code     0  startup_stm32g474xx.o(.text)
    TIM8_TRG_COM_IRQHandler                  0x080002d3   Thumb Code     0  startup_stm32g474xx.o(.text)
    TIM8_UP_IRQHandler                       0x080002d3   Thumb Code     0  startup_stm32g474xx.o(.text)
    UART4_IRQHandler                         0x080002d3   Thumb Code     0  startup_stm32g474xx.o(.text)
    UART5_IRQHandler                         0x080002d3   Thumb Code     0  startup_stm32g474xx.o(.text)
    UCPD1_IRQHandler                         0x080002d3   Thumb Code     0  startup_stm32g474xx.o(.text)
    USART2_IRQHandler                        0x080002d3   Thumb Code     0  startup_stm32g474xx.o(.text)
    USART3_IRQHandler                        0x080002d3   Thumb Code     0  startup_stm32g474xx.o(.text)
    USBWakeUp_IRQHandler                     0x080002d3   Thumb Code     0  startup_stm32g474xx.o(.text)
    USB_HP_IRQHandler                        0x080002d3   Thumb Code     0  startup_stm32g474xx.o(.text)
    USB_LP_IRQHandler                        0x080002d3   Thumb Code     0  startup_stm32g474xx.o(.text)
    WWDG_IRQHandler                          0x080002d3   Thumb Code     0  startup_stm32g474xx.o(.text)
    __user_initial_stackheap                 0x080002d5   Thumb Code     0  startup_stm32g474xx.o(.text)
    __aeabi_uldivmod                         0x080002f9   Thumb Code     0  lludivv7m.o(.text)
    _ll_udiv                                 0x080002f9   Thumb Code   238  lludivv7m.o(.text)
    __aeabi_memclr4                          0x080003e7   Thumb Code     0  rt_memclr_w.o(.text)
    __aeabi_memclr8                          0x080003e7   Thumb Code     0  rt_memclr_w.o(.text)
    __rt_memclr_w                            0x080003e7   Thumb Code    78  rt_memclr_w.o(.text)
    _memset_w                                0x080003eb   Thumb Code     0  rt_memclr_w.o(.text)
    __use_two_region_memory                  0x08000435   Thumb Code     2  heapauxi.o(.text)
    __rt_heap_escrow$2region                 0x08000437   Thumb Code     2  heapauxi.o(.text)
    __rt_heap_expand$2region                 0x08000439   Thumb Code     2  heapauxi.o(.text)
    __user_libspace                          0x0800043d   Thumb Code     8  libspace.o(.text)
    __user_perproc_libspace                  0x0800043d   Thumb Code     0  libspace.o(.text)
    __user_perthread_libspace                0x0800043d   Thumb Code     0  libspace.o(.text)
    __user_setup_stackheap                   0x08000445   Thumb Code    74  sys_stackheap_outer.o(.text)
    exit                                     0x0800048f   Thumb Code    18  exit.o(.text)
    _sys_exit                                0x080004a1   Thumb Code     8  sys_exit.o(.text)
    __I$use$semihosting                      0x080004ad   Thumb Code     0  use_no_semi.o(.text)
    __use_no_semihosting_swi                 0x080004ad   Thumb Code     2  use_no_semi.o(.text)
    BusFault_Handler                         0x080004af   Thumb Code     2  stm32g4xx_it.o(i.BusFault_Handler)
    __semihosting_library_function           0x080004af   Thumb Code     0  indicate_semi.o(.text)
    DebugMon_Handler                         0x080004b1   Thumb Code     2  stm32g4xx_it.o(i.DebugMon_Handler)
    EXTI15_10_IRQHandler                     0x080004b3   Thumb Code     8  stm32g4xx_it.o(i.EXTI15_10_IRQHandler)
    Error_Handler                            0x080004bb   Thumb Code     4  main.o(i.Error_Handler)
    HAL_DMA_Abort                            0x080004bf   Thumb Code   106  stm32g4xx_hal_dma.o(i.HAL_DMA_Abort)
    HAL_DMA_Abort_IT                         0x08000529   Thumb Code   120  stm32g4xx_hal_dma.o(i.HAL_DMA_Abort_IT)
    HAL_GPIO_EXTI_Callback                   0x080005a1   Thumb Code     2  main.o(i.HAL_GPIO_EXTI_Callback)
    HAL_GPIO_EXTI_IRQHandler                 0x080005a5   Thumb Code    18  stm32g4xx_hal_gpio.o(i.HAL_GPIO_EXTI_IRQHandler)
    HAL_GPIO_Init                            0x080005bd   Thumb Code   550  stm32g4xx_hal_gpio.o(i.HAL_GPIO_Init)
    HAL_GPIO_ReadPin                         0x08000805   Thumb Code    10  stm32g4xx_hal_gpio.o(i.HAL_GPIO_ReadPin)
    HAL_GPIO_WritePin                        0x0800080f   Thumb Code    10  stm32g4xx_hal_gpio.o(i.HAL_GPIO_WritePin)
    HAL_GetTick                              0x08000819   Thumb Code     6  stm32g4xx_hal.o(i.HAL_GetTick)
    HAL_IncTick                              0x08000825   Thumb Code    12  stm32g4xx_hal.o(i.HAL_IncTick)
    HAL_Init                                 0x08000835   Thumb Code    30  stm32g4xx_hal.o(i.HAL_Init)
    HAL_InitTick                             0x08000855   Thumb Code    58  stm32g4xx_hal.o(i.HAL_InitTick)
    HAL_MspInit                              0x08000899   Thumb Code    42  stm32g4xx_hal_msp.o(i.HAL_MspInit)
    HAL_NVIC_EnableIRQ                       0x080008c9   Thumb Code    26  stm32g4xx_hal_cortex.o(i.HAL_NVIC_EnableIRQ)
    HAL_NVIC_SetPriority                     0x080008e5   Thumb Code    60  stm32g4xx_hal_cortex.o(i.HAL_NVIC_SetPriority)
    HAL_NVIC_SetPriorityGrouping             0x08000925   Thumb Code    26  stm32g4xx_hal_cortex.o(i.HAL_NVIC_SetPriorityGrouping)
    HAL_PWREx_ControlVoltageScaling          0x08000949   Thumb Code   174  stm32g4xx_hal_pwr_ex.o(i.HAL_PWREx_ControlVoltageScaling)
    HAL_PWREx_DisableUCPDDeadBattery         0x08000a05   Thumb Code    12  stm32g4xx_hal_pwr_ex.o(i.HAL_PWREx_DisableUCPDDeadBattery)
    HAL_RCCEx_PeriphCLKConfig                0x08000a15   Thumb Code   758  stm32g4xx_hal_rcc_ex.o(i.HAL_RCCEx_PeriphCLKConfig)
    HAL_RCC_ClockConfig                      0x08000d15   Thumb Code   444  stm32g4xx_hal_rcc.o(i.HAL_RCC_ClockConfig)
    HAL_RCC_GetPCLK1Freq                     0x08000ef1   Thumb Code    24  stm32g4xx_hal_rcc.o(i.HAL_RCC_GetPCLK1Freq)
    HAL_RCC_GetPCLK2Freq                     0x08000f15   Thumb Code    24  stm32g4xx_hal_rcc.o(i.HAL_RCC_GetPCLK2Freq)
    HAL_RCC_GetSysClockFreq                  0x08000f39   Thumb Code    98  stm32g4xx_hal_rcc.o(i.HAL_RCC_GetSysClockFreq)
    HAL_RCC_OscConfig                        0x08000fa9   Thumb Code  1028  stm32g4xx_hal_rcc.o(i.HAL_RCC_OscConfig)
    HAL_SPI_GetState                         0x080013ad   Thumb Code     6  stm32g4xx_hal_spi.o(i.HAL_SPI_GetState)
    HAL_SPI_Init                             0x080013b3   Thumb Code   234  stm32g4xx_hal_spi.o(i.HAL_SPI_Init)
    HAL_SPI_MspInit                          0x0800149d   Thumb Code    88  spi.o(i.HAL_SPI_MspInit)
    HAL_SPI_Transmit                         0x08001501   Thumb Code   398  stm32g4xx_hal_spi.o(i.HAL_SPI_Transmit)
    HAL_SYSTICK_CLKSourceConfig              0x0800168f   Thumb Code    24  stm32g4xx_hal_cortex.o(i.HAL_SYSTICK_CLKSourceConfig)
    HAL_SYSTICK_Config                       0x080016a7   Thumb Code    40  stm32g4xx_hal_cortex.o(i.HAL_SYSTICK_Config)
    HAL_UARTEx_DisableFifoMode               0x080016cf   Thumb Code    62  stm32g4xx_hal_uart_ex.o(i.HAL_UARTEx_DisableFifoMode)
    HAL_UARTEx_RxEventCallback               0x0800170d   Thumb Code     2  stm32g4xx_hal_uart.o(i.HAL_UARTEx_RxEventCallback)
    HAL_UARTEx_RxFifoFullCallback            0x0800170f   Thumb Code     2  stm32g4xx_hal_uart_ex.o(i.HAL_UARTEx_RxFifoFullCallback)
    HAL_UARTEx_SetRxFifoThreshold            0x08001711   Thumb Code    76  stm32g4xx_hal_uart_ex.o(i.HAL_UARTEx_SetRxFifoThreshold)
    HAL_UARTEx_SetTxFifoThreshold            0x0800175d   Thumb Code    76  stm32g4xx_hal_uart_ex.o(i.HAL_UARTEx_SetTxFifoThreshold)
    HAL_UARTEx_TxFifoEmptyCallback           0x080017a9   Thumb Code     2  stm32g4xx_hal_uart_ex.o(i.HAL_UARTEx_TxFifoEmptyCallback)
    HAL_UARTEx_WakeupCallback                0x080017ab   Thumb Code     2  stm32g4xx_hal_uart_ex.o(i.HAL_UARTEx_WakeupCallback)
    HAL_UART_ErrorCallback                   0x080017ad   Thumb Code     2  stm32g4xx_hal_uart.o(i.HAL_UART_ErrorCallback)
    HAL_UART_IRQHandler                      0x080017b1   Thumb Code   782  stm32g4xx_hal_uart.o(i.HAL_UART_IRQHandler)
    HAL_UART_Init                            0x08001acd   Thumb Code   106  stm32g4xx_hal_uart.o(i.HAL_UART_Init)
    HAL_UART_MspInit                         0x08001b39   Thumb Code   128  usart.o(i.HAL_UART_MspInit)
    HAL_UART_TxCpltCallback                  0x08001bc5   Thumb Code     2  stm32g4xx_hal_uart.o(i.HAL_UART_TxCpltCallback)
    HardFault_Handler                        0x08001bc7   Thumb Code     2  stm32g4xx_it.o(i.HardFault_Handler)
    I2C_WriteByte                            0x08001bc9   Thumb Code    48  oled_i2c.o(i.I2C_WriteByte)
    IIC_Init                                 0x08001bf9   Thumb Code    28  myiic.o(i.IIC_Init)
    IIC_Send_Byte                            0x08001c19   Thumb Code   116  myiic.o(i.IIC_Send_Byte)
    IIC_Start                                0x08001c91   Thumb Code    80  myiic.o(i.IIC_Start)
    IIC_Stop                                 0x08001ce5   Thumb Code    82  myiic.o(i.IIC_Stop)
    IIC_Wait_Ack                             0x08001d3d   Thumb Code   102  myiic.o(i.IIC_Wait_Ack)
    MX_GPIO_Init                             0x08001da9   Thumb Code   180  gpio.o(i.MX_GPIO_Init)
    MX_SPI2_Init                             0x08001e69   Thumb Code    72  spi.o(i.MX_SPI2_Init)
    MX_USART1_UART_Init                      0x08001eb9   Thumb Code    94  usart.o(i.MX_USART1_UART_Init)
    MemManage_Handler                        0x08001f21   Thumb Code     2  stm32g4xx_it.o(i.MemManage_Handler)
    MyUSART1_IRQHandler                      0x08001f25   Thumb Code    40  myusart1.o(i.MyUSART1_IRQHandler)
    MyUSART1_Init                            0x08001f59   Thumb Code    16  myusart1.o(i.MyUSART1_Init)
    NMI_Handler                              0x08001f6d   Thumb Code     2  stm32g4xx_it.o(i.NMI_Handler)
    OLED_CLS                                 0x08001f6f   Thumb Code     6  oled_i2c.o(i.OLED_CLS)
    OLED_Fill                                0x08001f75   Thumb Code    56  oled_i2c.o(i.OLED_Fill)
    OLED_Init                                0x08001fad   Thumb Code   194  oled_i2c.o(i.OLED_Init)
    OLED_SetPos                              0x08002075   Thumb Code    38  oled_i2c.o(i.OLED_SetPos)
    OLED_ShowStr                             0x0800209d   Thumb Code   208  oled_i2c.o(i.OLED_ShowStr)
    PendSV_Handler                           0x08002175   Thumb Code     2  stm32g4xx_it.o(i.PendSV_Handler)
    SVC_Handler                              0x08002359   Thumb Code     2  stm32g4xx_it.o(i.SVC_Handler)
    SysTick_Handler                          0x0800235b   Thumb Code     4  stm32g4xx_it.o(i.SysTick_Handler)
    SystemClock_Config                       0x0800235f   Thumb Code   102  main.o(i.SystemClock_Config)
    SystemInit                               0x080023c5   Thumb Code    12  system_stm32g4xx.o(i.SystemInit)
    UART_AdvFeatureConfig                    0x08002419   Thumb Code   200  stm32g4xx_hal_uart.o(i.UART_AdvFeatureConfig)
    UART_CheckIdleState                      0x080024e1   Thumb Code   172  stm32g4xx_hal_uart.o(i.UART_CheckIdleState)
    UART_SetConfig                           0x080025f1   Thumb Code   614  stm32g4xx_hal_uart.o(i.UART_SetConfig)
    UART_WaitOnFlagUntilTimeout              0x08002889   Thumb Code   148  stm32g4xx_hal_uart.o(i.UART_WaitOnFlagUntilTimeout)
    USART1_IRQHandler                        0x0800291d   Thumb Code    18  stm32g4xx_it.o(i.USART1_IRQHandler)
    UsageFault_Handler                       0x08002939   Thumb Code     2  stm32g4xx_it.o(i.UsageFault_Handler)
    WriteCmd                                 0x0800293b   Thumb Code     8  oled_i2c.o(i.WriteCmd)
    WriteDat                                 0x08002943   Thumb Code     8  oled_i2c.o(i.WriteDat)
    dac8830_send_byte                        0x0800296d   Thumb Code    74  dac8830.o(i.dac8830_send_byte)
    delay_init                               0x080029c9   Thumb Code    16  delay.o(i.delay_init)
    delay_ms                                 0x080029dd   Thumb Code    10  delay.o(i.delay_ms)
    delay_us                                 0x080029e9   Thumb Code    48  delay.o(i.delay_us)
    main                                     0x08002a1d   Thumb Code    62  main.o(i.main)
    _fp_init                                 0x08002a69   Thumb Code    10  fpinit.o(x$fpl$fpinit)
    __fplib_config_fpu_vfp                   0x08002a71   Thumb Code     0  fpinit.o(x$fpl$fpinit)
    __fplib_config_pureend_doubles           0x08002a71   Thumb Code     0  fpinit.o(x$fpl$fpinit)
    UARTPrescTable                           0x08002a72   Data          24  stm32g4xx_hal_uart.o(.constdata)
    AHBPrescTable                            0x08002a9a   Data          16  system_stm32g4xx.o(.constdata)
    APBPrescTable                            0x08002aaa   Data           8  system_stm32g4xx.o(.constdata)
    F6x8                                     0x08002aba   Data         558  oled_i2c.o(.constdata)
    F8X16                                    0x08002ce8   Data        1520  oled_i2c.o(.constdata)
    Region$$Table$$Base                      0x080032d8   Number         0  anon$$obj.o(Region$$Table)
    Region$$Table$$Limit                     0x080032f8   Number         0  anon$$obj.o(Region$$Table)
    uwTickPrio                               0x20000000   Data           4  stm32g4xx_hal.o(.data)
    uwTickFreq                               0x20000004   Data           4  stm32g4xx_hal.o(.data)
    uwTick                                   0x20000008   Data           4  stm32g4xx_hal.o(.data)
    SystemCoreClock                          0x2000000c   Data           4  system_stm32g4xx.o(.data)
    RevState                                 0x20000012   Data           1  oled_i2c.o(.data)
    brightness                               0x20000013   Data           1  oled_i2c.o(.data)
    isScrolling                              0x20000014   Data           1  oled_i2c.o(.data)
    F16x16                                   0x20000015   Data         544  oled_i2c.o(.data)
    MyUSART1_bufferOverflowFlag              0x20000238   Data           1  myusart1.o(.data)
    MyUSART1_bufferPos                       0x2000023c   Data           4  myusart1.o(.data)
    MyUSART1_dummyHandle                     0x20000240   Data           4  myusart1.o(.data)
    send_data                                0x20000244   Data           2  dac8830.o(.data)
    hspi2                                    0x20000248   Data         100  spi.o(.bss)
    huart1                                   0x200002ac   Data         148  usart.o(.bss)
    MyUSART1_buffer                          0x20000340   Data         100  myusart1.o(.bss)
    __libspace_start                         0x200003a4   Data          96  libspace.o(.bss)
    __temporary_stack_top$libspace           0x20000404   Data           0  libspace.o(.bss)



==============================================================================

Memory Map of the image

  Image Entry point : 0x080001d9

  Load Region LR_IROM1 (Base: 0x08000000, Size: 0x00003540, Max: 0x00080000, ABSOLUTE, COMPRESSED[0x000034b4])

    Execution Region ER_IROM1 (Exec base: 0x08000000, Load base: 0x08000000, Size: 0x000032f8, Max: 0x00080000, ABSOLUTE)

    Exec Addr    Load Addr    Size         Type   Attr      Idx    E Section Name        Object

    0x08000000   0x08000000   0x000001d8   Data   RO            3    RESET               startup_stm32g474xx.o
    0x080001d8   0x080001d8   0x00000008   Code   RO         3370  * !!!main             c_w.l(__main.o)
    0x080001e0   0x080001e0   0x00000034   Code   RO         3594    !!!scatter          c_w.l(__scatter.o)
    0x08000214   0x08000214   0x0000005a   Code   RO         3592    !!dczerorl2         c_w.l(__dczerorl2.o)
    0x0800026e   0x0800026e   0x00000002   PAD
    0x08000270   0x08000270   0x0000001c   Code   RO         3596    !!handler_zi        c_w.l(__scatter_zi.o)
    0x0800028c   0x0800028c   0x00000002   Code   RO         3465    .ARM.Collect$$libinit$$00000000  c_w.l(libinit.o)
    0x0800028e   0x0800028e   0x00000004   Code   RO         3466    .ARM.Collect$$libinit$$00000001  c_w.l(libinit2.o)
    0x08000292   0x08000292   0x00000000   Code   RO         3469    .ARM.Collect$$libinit$$00000004  c_w.l(libinit2.o)
    0x08000292   0x08000292   0x00000000   Code   RO         3472    .ARM.Collect$$libinit$$0000000A  c_w.l(libinit2.o)
    0x08000292   0x08000292   0x00000000   Code   RO         3474    .ARM.Collect$$libinit$$0000000C  c_w.l(libinit2.o)
    0x08000292   0x08000292   0x00000000   Code   RO         3476    .ARM.Collect$$libinit$$0000000E  c_w.l(libinit2.o)
    0x08000292   0x08000292   0x00000000   Code   RO         3479    .ARM.Collect$$libinit$$00000011  c_w.l(libinit2.o)
    0x08000292   0x08000292   0x00000000   Code   RO         3481    .ARM.Collect$$libinit$$00000013  c_w.l(libinit2.o)
    0x08000292   0x08000292   0x00000000   Code   RO         3483    .ARM.Collect$$libinit$$00000015  c_w.l(libinit2.o)
    0x08000292   0x08000292   0x00000000   Code   RO         3485    .ARM.Collect$$libinit$$00000017  c_w.l(libinit2.o)
    0x08000292   0x08000292   0x00000000   Code   RO         3487    .ARM.Collect$$libinit$$00000019  c_w.l(libinit2.o)
    0x08000292   0x08000292   0x00000000   Code   RO         3489    .ARM.Collect$$libinit$$0000001B  c_w.l(libinit2.o)
    0x08000292   0x08000292   0x00000000   Code   RO         3491    .ARM.Collect$$libinit$$0000001D  c_w.l(libinit2.o)
    0x08000292   0x08000292   0x00000000   Code   RO         3493    .ARM.Collect$$libinit$$0000001F  c_w.l(libinit2.o)
    0x08000292   0x08000292   0x00000000   Code   RO         3495    .ARM.Collect$$libinit$$00000021  c_w.l(libinit2.o)
    0x08000292   0x08000292   0x00000000   Code   RO         3497    .ARM.Collect$$libinit$$00000023  c_w.l(libinit2.o)
    0x08000292   0x08000292   0x00000000   Code   RO         3499    .ARM.Collect$$libinit$$00000025  c_w.l(libinit2.o)
    0x08000292   0x08000292   0x00000000   Code   RO         3503    .ARM.Collect$$libinit$$0000002C  c_w.l(libinit2.o)
    0x08000292   0x08000292   0x00000000   Code   RO         3505    .ARM.Collect$$libinit$$0000002E  c_w.l(libinit2.o)
    0x08000292   0x08000292   0x00000000   Code   RO         3507    .ARM.Collect$$libinit$$00000030  c_w.l(libinit2.o)
    0x08000292   0x08000292   0x00000000   Code   RO         3509    .ARM.Collect$$libinit$$00000032  c_w.l(libinit2.o)
    0x08000292   0x08000292   0x00000002   Code   RO         3510    .ARM.Collect$$libinit$$00000033  c_w.l(libinit2.o)
    0x08000294   0x08000294   0x00000002   Code   RO         3557    .ARM.Collect$$libshutdown$$00000000  c_w.l(libshutdown.o)
    0x08000296   0x08000296   0x00000000   Code   RO         3575    .ARM.Collect$$libshutdown$$00000002  c_w.l(libshutdown2.o)
    0x08000296   0x08000296   0x00000000   Code   RO         3577    .ARM.Collect$$libshutdown$$00000004  c_w.l(libshutdown2.o)
    0x08000296   0x08000296   0x00000000   Code   RO         3580    .ARM.Collect$$libshutdown$$00000007  c_w.l(libshutdown2.o)
    0x08000296   0x08000296   0x00000000   Code   RO         3583    .ARM.Collect$$libshutdown$$0000000A  c_w.l(libshutdown2.o)
    0x08000296   0x08000296   0x00000000   Code   RO         3585    .ARM.Collect$$libshutdown$$0000000C  c_w.l(libshutdown2.o)
    0x08000296   0x08000296   0x00000000   Code   RO         3588    .ARM.Collect$$libshutdown$$0000000F  c_w.l(libshutdown2.o)
    0x08000296   0x08000296   0x00000002   Code   RO         3589    .ARM.Collect$$libshutdown$$00000010  c_w.l(libshutdown2.o)
    0x08000298   0x08000298   0x00000000   Code   RO         3374    .ARM.Collect$$rtentry$$00000000  c_w.l(__rtentry.o)
    0x08000298   0x08000298   0x00000000   Code   RO         3387    .ARM.Collect$$rtentry$$00000002  c_w.l(__rtentry2.o)
    0x08000298   0x08000298   0x00000006   Code   RO         3399    .ARM.Collect$$rtentry$$00000004  c_w.l(__rtentry4.o)
    0x0800029e   0x0800029e   0x00000000   Code   RO         3389    .ARM.Collect$$rtentry$$00000009  c_w.l(__rtentry2.o)
    0x0800029e   0x0800029e   0x00000004   Code   RO         3390    .ARM.Collect$$rtentry$$0000000A  c_w.l(__rtentry2.o)
    0x080002a2   0x080002a2   0x00000000   Code   RO         3392    .ARM.Collect$$rtentry$$0000000C  c_w.l(__rtentry2.o)
    0x080002a2   0x080002a2   0x00000008   Code   RO         3393    .ARM.Collect$$rtentry$$0000000D  c_w.l(__rtentry2.o)
    0x080002aa   0x080002aa   0x00000002   Code   RO         3511    .ARM.Collect$$rtexit$$00000000  c_w.l(rtexit.o)
    0x080002ac   0x080002ac   0x00000000   Code   RO         3526    .ARM.Collect$$rtexit$$00000002  c_w.l(rtexit2.o)
    0x080002ac   0x080002ac   0x00000004   Code   RO         3527    .ARM.Collect$$rtexit$$00000003  c_w.l(rtexit2.o)
    0x080002b0   0x080002b0   0x00000006   Code   RO         3528    .ARM.Collect$$rtexit$$00000004  c_w.l(rtexit2.o)
    0x080002b6   0x080002b6   0x00000002   PAD
    0x080002b8   0x080002b8   0x00000040   Code   RO            4    .text               startup_stm32g474xx.o
    0x080002f8   0x080002f8   0x000000ee   Code   RO         3334    .text               c_w.l(lludivv7m.o)
    0x080003e6   0x080003e6   0x0000004e   Code   RO         3366    .text               c_w.l(rt_memclr_w.o)
    0x08000434   0x08000434   0x00000006   Code   RO         3368    .text               c_w.l(heapauxi.o)
    0x0800043a   0x0800043a   0x00000002   PAD
    0x0800043c   0x0800043c   0x00000008   Code   RO         3447    .text               c_w.l(libspace.o)
    0x08000444   0x08000444   0x0000004a   Code   RO         3450    .text               c_w.l(sys_stackheap_outer.o)
    0x0800048e   0x0800048e   0x00000012   Code   RO         3452    .text               c_w.l(exit.o)
    0x080004a0   0x080004a0   0x0000000c   Code   RO         3523    .text               c_w.l(sys_exit.o)
    0x080004ac   0x080004ac   0x00000002   Code   RO         3544    .text               c_w.l(use_no_semi.o)
    0x080004ae   0x080004ae   0x00000000   Code   RO         3546    .text               c_w.l(indicate_semi.o)
    0x080004ae   0x080004ae   0x00000002   Code   RO          293    i.BusFault_Handler  stm32g4xx_it.o
    0x080004b0   0x080004b0   0x00000002   Code   RO          294    i.DebugMon_Handler  stm32g4xx_it.o
    0x080004b2   0x080004b2   0x00000008   Code   RO          295    i.EXTI15_10_IRQHandler  stm32g4xx_it.o
    0x080004ba   0x080004ba   0x00000004   Code   RO           13    i.Error_Handler     main.o
    0x080004be   0x080004be   0x0000006a   Code   RO         1625    i.HAL_DMA_Abort     stm32g4xx_hal_dma.o
    0x08000528   0x08000528   0x00000078   Code   RO         1626    i.HAL_DMA_Abort_IT  stm32g4xx_hal_dma.o
    0x080005a0   0x080005a0   0x00000002   Code   RO           14    i.HAL_GPIO_EXTI_Callback  main.o
    0x080005a2   0x080005a2   0x00000002   PAD
    0x080005a4   0x080005a4   0x00000018   Code   RO         1486    i.HAL_GPIO_EXTI_IRQHandler  stm32g4xx_hal_gpio.o
    0x080005bc   0x080005bc   0x00000248   Code   RO         1487    i.HAL_GPIO_Init     stm32g4xx_hal_gpio.o
    0x08000804   0x08000804   0x0000000a   Code   RO         1489    i.HAL_GPIO_ReadPin  stm32g4xx_hal_gpio.o
    0x0800080e   0x0800080e   0x0000000a   Code   RO         1491    i.HAL_GPIO_WritePin  stm32g4xx_hal_gpio.o
    0x08000818   0x08000818   0x0000000c   Code   RO          766    i.HAL_GetTick       stm32g4xx_hal.o
    0x08000824   0x08000824   0x00000010   Code   RO          772    i.HAL_IncTick       stm32g4xx_hal.o
    0x08000834   0x08000834   0x0000001e   Code   RO          773    i.HAL_Init          stm32g4xx_hal.o
    0x08000852   0x08000852   0x00000002   PAD
    0x08000854   0x08000854   0x00000044   Code   RO          774    i.HAL_InitTick      stm32g4xx_hal.o
    0x08000898   0x08000898   0x00000030   Code   RO          380    i.HAL_MspInit       stm32g4xx_hal_msp.o
    0x080008c8   0x080008c8   0x0000001a   Code   RO         2136    i.HAL_NVIC_EnableIRQ  stm32g4xx_hal_cortex.o
    0x080008e2   0x080008e2   0x00000002   PAD
    0x080008e4   0x080008e4   0x00000040   Code   RO         2142    i.HAL_NVIC_SetPriority  stm32g4xx_hal_cortex.o
    0x08000924   0x08000924   0x00000024   Code   RO         2143    i.HAL_NVIC_SetPriorityGrouping  stm32g4xx_hal_cortex.o
    0x08000948   0x08000948   0x000000bc   Code   RO         1890    i.HAL_PWREx_ControlVoltageScaling  stm32g4xx_hal_pwr_ex.o
    0x08000a04   0x08000a04   0x00000010   Code   RO         1902    i.HAL_PWREx_DisableUCPDDeadBattery  stm32g4xx_hal_pwr_ex.o
    0x08000a14   0x08000a14   0x00000300   Code   RO         1133    i.HAL_RCCEx_PeriphCLKConfig  stm32g4xx_hal_rcc_ex.o
    0x08000d14   0x08000d14   0x000001dc   Code   RO         1008    i.HAL_RCC_ClockConfig  stm32g4xx_hal_rcc.o
    0x08000ef0   0x08000ef0   0x00000024   Code   RO         1016    i.HAL_RCC_GetPCLK1Freq  stm32g4xx_hal_rcc.o
    0x08000f14   0x08000f14   0x00000024   Code   RO         1017    i.HAL_RCC_GetPCLK2Freq  stm32g4xx_hal_rcc.o
    0x08000f38   0x08000f38   0x00000070   Code   RO         1018    i.HAL_RCC_GetSysClockFreq  stm32g4xx_hal_rcc.o
    0x08000fa8   0x08000fa8   0x00000404   Code   RO         1021    i.HAL_RCC_OscConfig  stm32g4xx_hal_rcc.o
    0x080013ac   0x080013ac   0x00000006   Code   RO          413    i.HAL_SPI_GetState  stm32g4xx_hal_spi.o
    0x080013b2   0x080013b2   0x000000ea   Code   RO          415    i.HAL_SPI_Init      stm32g4xx_hal_spi.o
    0x0800149c   0x0800149c   0x00000064   Code   RO          210    i.HAL_SPI_MspInit   spi.o
    0x08001500   0x08001500   0x0000018e   Code   RO          423    i.HAL_SPI_Transmit  stm32g4xx_hal_spi.o
    0x0800168e   0x0800168e   0x00000018   Code   RO         2145    i.HAL_SYSTICK_CLKSourceConfig  stm32g4xx_hal_cortex.o
    0x080016a6   0x080016a6   0x00000028   Code   RO         2147    i.HAL_SYSTICK_Config  stm32g4xx_hal_cortex.o
    0x080016ce   0x080016ce   0x0000003e   Code   RO         2696    i.HAL_UARTEx_DisableFifoMode  stm32g4xx_hal_uart_ex.o
    0x0800170c   0x0800170c   0x00000002   Code   RO         2285    i.HAL_UARTEx_RxEventCallback  stm32g4xx_hal_uart.o
    0x0800170e   0x0800170e   0x00000002   Code   RO         2704    i.HAL_UARTEx_RxFifoFullCallback  stm32g4xx_hal_uart_ex.o
    0x08001710   0x08001710   0x0000004c   Code   RO         2705    i.HAL_UARTEx_SetRxFifoThreshold  stm32g4xx_hal_uart_ex.o
    0x0800175c   0x0800175c   0x0000004c   Code   RO         2706    i.HAL_UARTEx_SetTxFifoThreshold  stm32g4xx_hal_uart_ex.o
    0x080017a8   0x080017a8   0x00000002   Code   RO         2708    i.HAL_UARTEx_TxFifoEmptyCallback  stm32g4xx_hal_uart_ex.o
    0x080017aa   0x080017aa   0x00000002   Code   RO         2709    i.HAL_UARTEx_WakeupCallback  stm32g4xx_hal_uart_ex.o
    0x080017ac   0x080017ac   0x00000002   Code   RO         2301    i.HAL_UART_ErrorCallback  stm32g4xx_hal_uart.o
    0x080017ae   0x080017ae   0x00000002   PAD
    0x080017b0   0x080017b0   0x0000031c   Code   RO         2304    i.HAL_UART_IRQHandler  stm32g4xx_hal_uart.o
    0x08001acc   0x08001acc   0x0000006a   Code   RO         2305    i.HAL_UART_Init     stm32g4xx_hal_uart.o
    0x08001b36   0x08001b36   0x00000002   PAD
    0x08001b38   0x08001b38   0x0000008c   Code   RO          252    i.HAL_UART_MspInit  usart.o
    0x08001bc4   0x08001bc4   0x00000002   Code   RO         2317    i.HAL_UART_TxCpltCallback  stm32g4xx_hal_uart.o
    0x08001bc6   0x08001bc6   0x00000002   Code   RO          296    i.HardFault_Handler  stm32g4xx_it.o
    0x08001bc8   0x08001bc8   0x00000030   Code   RO         2974    i.I2C_WriteByte     oled_i2c.o
    0x08001bf8   0x08001bf8   0x00000020   Code   RO         2906    i.IIC_Init          myiic.o
    0x08001c18   0x08001c18   0x00000078   Code   RO         2909    i.IIC_Send_Byte     myiic.o
    0x08001c90   0x08001c90   0x00000054   Code   RO         2910    i.IIC_Start         myiic.o
    0x08001ce4   0x08001ce4   0x00000058   Code   RO         2911    i.IIC_Stop          myiic.o
    0x08001d3c   0x08001d3c   0x0000006c   Code   RO         2912    i.IIC_Wait_Ack      myiic.o
    0x08001da8   0x08001da8   0x000000c0   Code   RO          185    i.MX_GPIO_Init      gpio.o
    0x08001e68   0x08001e68   0x00000050   Code   RO          211    i.MX_SPI2_Init      spi.o
    0x08001eb8   0x08001eb8   0x00000068   Code   RO          253    i.MX_USART1_UART_Init  usart.o
    0x08001f20   0x08001f20   0x00000002   Code   RO          297    i.MemManage_Handler  stm32g4xx_it.o
    0x08001f22   0x08001f22   0x00000002   PAD
    0x08001f24   0x08001f24   0x00000034   Code   RO         3150    i.MyUSART1_IRQHandler  myusart1.o
    0x08001f58   0x08001f58   0x00000014   Code   RO         3151    i.MyUSART1_Init     myusart1.o
    0x08001f6c   0x08001f6c   0x00000002   Code   RO          298    i.NMI_Handler       stm32g4xx_it.o
    0x08001f6e   0x08001f6e   0x00000006   Code   RO         2975    i.OLED_CLS          oled_i2c.o
    0x08001f74   0x08001f74   0x00000038   Code   RO         2978    i.OLED_Fill         oled_i2c.o
    0x08001fac   0x08001fac   0x000000c8   Code   RO         2980    i.OLED_Init         oled_i2c.o
    0x08002074   0x08002074   0x00000026   Code   RO         2986    i.OLED_SetPos       oled_i2c.o
    0x0800209a   0x0800209a   0x00000002   PAD
    0x0800209c   0x0800209c   0x000000d8   Code   RO         2993    i.OLED_ShowStr      oled_i2c.o
    0x08002174   0x08002174   0x00000002   Code   RO          299    i.PendSV_Handler    stm32g4xx_it.o
    0x08002176   0x08002176   0x00000048   Code   RO          453    i.SPI_EndRxTxTransaction  stm32g4xx_hal_spi.o
    0x080021be   0x080021be   0x00000002   PAD
    0x080021c0   0x080021c0   0x000000e0   Code   RO          458    i.SPI_WaitFifoStateUntilTimeout  stm32g4xx_hal_spi.o
    0x080022a0   0x080022a0   0x000000b8   Code   RO          459    i.SPI_WaitFlagStateUntilTimeout  stm32g4xx_hal_spi.o
    0x08002358   0x08002358   0x00000002   Code   RO          300    i.SVC_Handler       stm32g4xx_it.o
    0x0800235a   0x0800235a   0x00000004   Code   RO          301    i.SysTick_Handler   stm32g4xx_it.o
    0x0800235e   0x0800235e   0x00000066   Code   RO           15    i.SystemClock_Config  main.o
    0x080023c4   0x080023c4   0x00000010   Code   RO         2815    i.SystemInit        system_stm32g4xx.o
    0x080023d4   0x080023d4   0x00000044   Code   RO         2710    i.UARTEx_SetNbDataToProcess  stm32g4xx_hal_uart_ex.o
    0x08002418   0x08002418   0x000000c8   Code   RO         2319    i.UART_AdvFeatureConfig  stm32g4xx_hal_uart.o
    0x080024e0   0x080024e0   0x000000ac   Code   RO         2320    i.UART_CheckIdleState  stm32g4xx_hal_uart.o
    0x0800258c   0x0800258c   0x00000010   Code   RO         2321    i.UART_DMAAbortOnError  stm32g4xx_hal_uart.o
    0x0800259c   0x0800259c   0x00000054   Code   RO         2331    i.UART_EndRxTransfer  stm32g4xx_hal_uart.o
    0x080025f0   0x080025f0   0x00000298   Code   RO         2337    i.UART_SetConfig    stm32g4xx_hal_uart.o
    0x08002888   0x08002888   0x00000094   Code   RO         2344    i.UART_WaitOnFlagUntilTimeout  stm32g4xx_hal_uart.o
    0x0800291c   0x0800291c   0x0000001c   Code   RO          302    i.USART1_IRQHandler  stm32g4xx_it.o
    0x08002938   0x08002938   0x00000002   Code   RO          303    i.UsageFault_Handler  stm32g4xx_it.o
    0x0800293a   0x0800293a   0x00000008   Code   RO         2995    i.WriteCmd          oled_i2c.o
    0x08002942   0x08002942   0x00000008   Code   RO         2996    i.WriteDat          oled_i2c.o
    0x0800294a   0x0800294a   0x00000020   Code   RO         2149    i.__NVIC_SetPriority  stm32g4xx_hal_cortex.o
    0x0800296a   0x0800296a   0x00000002   PAD
    0x0800296c   0x0800296c   0x0000005c   Code   RO         3300    i.dac8830_send_byte  dac8830.o
    0x080029c8   0x080029c8   0x00000014   Code   RO         2853    i.delay_init        delay.o
    0x080029dc   0x080029dc   0x0000000a   Code   RO         2854    i.delay_ms          delay.o
    0x080029e6   0x080029e6   0x00000002   PAD
    0x080029e8   0x080029e8   0x00000034   Code   RO         2856    i.delay_us          delay.o
    0x08002a1c   0x08002a1c   0x0000004c   Code   RO           16    i.main              main.o
    0x08002a68   0x08002a68   0x0000000a   Code   RO         3521    x$fpl$fpinit        fz_wm.l(fpinit.o)
    0x08002a72   0x08002a72   0x00000018   Data   RO         2345    .constdata          stm32g4xx_hal_uart.o
    0x08002a8a   0x08002a8a   0x00000010   Data   RO         2711    .constdata          stm32g4xx_hal_uart_ex.o
    0x08002a9a   0x08002a9a   0x00000010   Data   RO         2816    .constdata          system_stm32g4xx.o
    0x08002aaa   0x08002aaa   0x00000008   Data   RO         2817    .constdata          system_stm32g4xx.o
    0x08002ab2   0x08002ab2   0x00000826   Data   RO         2998    .constdata          oled_i2c.o
    0x080032d8   0x080032d8   0x00000020   Data   RO         3590    Region$$Table       anon$$obj.o


    Execution Region RW_IRAM1 (Exec base: 0x20000000, Load base: 0x080032f8, Size: 0x00000a08, Max: 0x00020000, ABSOLUTE, COMPRESSED[0x000001bc])

    Exec Addr    Load Addr    Size         Type   Attr      Idx    E Section Name        Object

    0x20000000   COMPRESSED   0x0000000c   Data   RW          793    .data               stm32g4xx_hal.o
    0x2000000c   COMPRESSED   0x00000004   Data   RW         2818    .data               system_stm32g4xx.o
    0x20000010   COMPRESSED   0x00000002   Data   RW         2857    .data               delay.o
    0x20000012   COMPRESSED   0x00000223   Data   RW         2999    .data               oled_i2c.o
    0x20000235   COMPRESSED   0x00000003   PAD
    0x20000238   COMPRESSED   0x0000000c   Data   RW         3168    .data               myusart1.o
    0x20000244   COMPRESSED   0x00000002   Data   RW         3301    .data               dac8830.o
    0x20000246   COMPRESSED   0x00000002   PAD
    0x20000248        -       0x00000064   Zero   RW          212    .bss                spi.o
    0x200002ac        -       0x00000094   Zero   RW          254    .bss                usart.o
    0x20000340        -       0x00000064   Zero   RW         3167    .bss                myusart1.o
    0x200003a4        -       0x00000060   Zero   RW         3448    .bss                c_w.l(libspace.o)
    0x20000404   COMPRESSED   0x00000004   PAD
    0x20000408        -       0x00000200   Zero   RW            2    HEAP                startup_stm32g474xx.o
    0x20000608        -       0x00000400   Zero   RW            1    STACK               startup_stm32g474xx.o


==============================================================================

Image component sizes


      Code (inc. data)   RO Data    RW Data    ZI Data      Debug   Object Name

        92         18          0          2          0        812   dac8830.o
        82          8          0          2          0       1835   delay.o
       192         12          0          0          0        987   gpio.o
       184         14          0          0          0     812938   main.o
       432         24          0          0          0       2825   myiic.o
        72         16          0         12        100       3372   myusart1.o
       580         14       2086        547          0       6898   oled_i2c.o
       180         20          0          0        100       1673   spi.o
        64         26        472          0       1536        836   startup_stm32g474xx.o
       126         20          0         12          0       3645   stm32g4xx_hal.o
       222         14          0          0          0      34425   stm32g4xx_hal_cortex.o
       226          0          0          0          0       1919   stm32g4xx_hal_dma.o
       628         40          0          0          0       3598   stm32g4xx_hal_gpio.o
        48          6          0          0          0        854   stm32g4xx_hal_msp.o
       204         18          0          0          0       1393   stm32g4xx_hal_pwr_ex.o
      1688         92          0          0          0       6240   stm32g4xx_hal_rcc.o
       768         10          0          0          0       1956   stm32g4xx_hal_rcc_ex.o
      1118         10          0          0          0       6357   stm32g4xx_hal_spi.o
      2192         90         24          0          0      29312   stm32g4xx_hal_uart.o
       288          6         16          0          0       5326   stm32g4xx_hal_uart_ex.o
        56         10          0          0          0       5089   stm32g4xx_it.o
        16          4         24          4          0       1111   system_stm32g4xx.o
       244         22          0          0        148       1778   usart.o

    ----------------------------------------------------------------------
      9722        494       2654        584       1884     935179   Object Totals
         0          0         32          0          0          0   (incl. Generated)
        20          0          0          5          0          0   (incl. Padding)

    ----------------------------------------------------------------------

      Code (inc. data)   RO Data    RW Data    ZI Data      Debug   Library Member Name

        90          0          0          0          0          0   __dczerorl2.o
         8          0          0          0          0         68   __main.o
         0          0          0          0          0          0   __rtentry.o
        12          0          0          0          0          0   __rtentry2.o
         6          0          0          0          0          0   __rtentry4.o
        52          8          0          0          0          0   __scatter.o
        28          0          0          0          0          0   __scatter_zi.o
        18          0          0          0          0         80   exit.o
         6          0          0          0          0        152   heapauxi.o
         0          0          0          0          0          0   indicate_semi.o
         2          0          0          0          0          0   libinit.o
         6          0          0          0          0          0   libinit2.o
         2          0          0          0          0          0   libshutdown.o
         2          0          0          0          0          0   libshutdown2.o
         8          4          0          0         96         68   libspace.o
       238          0          0          0          0        100   lludivv7m.o
        78          0          0          0          0         80   rt_memclr_w.o
         2          0          0          0          0          0   rtexit.o
        10          0          0          0          0          0   rtexit2.o
        12          4          0          0          0         68   sys_exit.o
        74          0          0          0          0         80   sys_stackheap_outer.o
         2          0          0          0          0         68   use_no_semi.o
        10          0          0          0          0        116   fpinit.o

    ----------------------------------------------------------------------
       672         16          0          0        100        880   Library Totals
         6          0          0          0          4          0   (incl. Padding)

    ----------------------------------------------------------------------

      Code (inc. data)   RO Data    RW Data    ZI Data      Debug   Library Name

       656         16          0          0         96        764   c_w.l
        10          0          0          0          0        116   fz_wm.l

    ----------------------------------------------------------------------
       672         16          0          0        100        880   Library Totals

    ----------------------------------------------------------------------

==============================================================================


      Code (inc. data)   RO Data    RW Data    ZI Data      Debug   

     10394        510       2654        584       1984     927599   Grand Totals
     10394        510       2654        444       1984     927599   ELF Image Totals (compressed)
     10394        510       2654        444          0          0   ROM Totals

==============================================================================

    Total RO  Size (Code + RO Data)                13048 (  12.74kB)
    Total RW  Size (RW Data + ZI Data)              2568 (   2.51kB)
    Total ROM Size (Code + RO Data + RW Data)      13492 (  13.18kB)

==============================================================================

