Component: ARM Compiler 5.06 update 5 (build 528) Tool: armlink [4d35e2]

==============================================================================

Section Cross References

    startup_stm32g474xx.o(STACK) refers (Special) to heapauxi.o(.text) for __use_two_region_memory
    startup_stm32g474xx.o(HEAP) refers (Special) to heapauxi.o(.text) for __use_two_region_memory
    startup_stm32g474xx.o(RESET) refers (Special) to heapauxi.o(.text) for __use_two_region_memory
    startup_stm32g474xx.o(RESET) refers to startup_stm32g474xx.o(STACK) for __initial_sp
    startup_stm32g474xx.o(RESET) refers to startup_stm32g474xx.o(.text) for Reset_Handler
    startup_stm32g474xx.o(RESET) refers to stm32g4xx_it.o(i.NMI_Handler) for NMI_Handler
    startup_stm32g474xx.o(RESET) refers to stm32g4xx_it.o(i.HardFault_Handler) for HardFault_Handler
    startup_stm32g474xx.o(RESET) refers to stm32g4xx_it.o(i.MemManage_Handler) for MemManage_Handler
    startup_stm32g474xx.o(RESET) refers to stm32g4xx_it.o(i.BusFault_Handler) for BusFault_Handler
    startup_stm32g474xx.o(RESET) refers to stm32g4xx_it.o(i.UsageFault_Handler) for UsageFault_Handler
    startup_stm32g474xx.o(RESET) refers to stm32g4xx_it.o(i.SVC_Handler) for SVC_Handler
    startup_stm32g474xx.o(RESET) refers to stm32g4xx_it.o(i.DebugMon_Handler) for DebugMon_Handler
    startup_stm32g474xx.o(RESET) refers to stm32g4xx_it.o(i.PendSV_Handler) for PendSV_Handler
    startup_stm32g474xx.o(RESET) refers to stm32g4xx_it.o(i.SysTick_Handler) for SysTick_Handler
    startup_stm32g474xx.o(RESET) refers to stm32g4xx_it.o(i.USART1_IRQHandler) for USART1_IRQHandler
    startup_stm32g474xx.o(RESET) refers to stm32g4xx_it.o(i.EXTI15_10_IRQHandler) for EXTI15_10_IRQHandler
    startup_stm32g474xx.o(.text) refers (Special) to heapauxi.o(.text) for __use_two_region_memory
    startup_stm32g474xx.o(.text) refers to system_stm32g4xx.o(i.SystemInit) for SystemInit
    startup_stm32g474xx.o(.text) refers to __main.o(!!!main) for __main
    startup_stm32g474xx.o(.text) refers to startup_stm32g474xx.o(HEAP) for Heap_Mem
    startup_stm32g474xx.o(.text) refers to startup_stm32g474xx.o(STACK) for Stack_Mem
    main.o(i.HAL_GPIO_EXTI_Callback) refers to main.o(.data) for .data
    main.o(i.HAL_IncTick) refers to stm32g4xx_hal.o(.data) for uwTickFreq
    main.o(i.SystemClock_Config) refers to rt_memclr_w.o(.text) for __aeabi_memclr4
    main.o(i.SystemClock_Config) refers to stm32g4xx_hal_pwr_ex.o(i.HAL_PWREx_ControlVoltageScaling) for HAL_PWREx_ControlVoltageScaling
    main.o(i.SystemClock_Config) refers to stm32g4xx_hal_rcc.o(i.HAL_RCC_OscConfig) for HAL_RCC_OscConfig
    main.o(i.SystemClock_Config) refers to stm32g4xx_hal_rcc.o(i.HAL_RCC_ClockConfig) for HAL_RCC_ClockConfig
    main.o(i.main) refers to stm32g4xx_hal.o(i.HAL_Init) for HAL_Init
    main.o(i.main) refers to main.o(i.SystemClock_Config) for SystemClock_Config
    main.o(i.main) refers to gpio.o(i.MX_GPIO_Init) for MX_GPIO_Init
    main.o(i.main) refers to usart.o(i.MX_USART1_UART_Init) for MX_USART1_UART_Init
    main.o(i.main) refers to delay.o(i.delay_init) for delay_init
    main.o(i.main) refers to myusart1.o(i.MyUSART1_Init) for MyUSART1_Init
    main.o(i.main) refers to oled_i2c.o(i.OLED_Init) for OLED_Init
    main.o(i.main) refers to oled_i2c.o(i.OLED_CLS) for OLED_CLS
    main.o(i.main) refers to oled_i2c.o(i.OLED_ShowStr) for OLED_ShowStr
    main.o(i.main) refers to ad9959.o(i.AD9959_Set_Fre) for AD9959_Set_Fre
    main.o(i.main) refers to ad9959.o(i.AD9959_Set_Amp) for AD9959_Set_Amp
    main.o(i.main) refers to ad9959.o(i.AD9959_Set_Phase) for AD9959_Set_Phase
    main.o(i.main) refers to ad9959.o(i.IO_Update) for IO_Update
    main.o(i.main) refers to ad9959.o(i.AD9959_Modulation_Init) for AD9959_Modulation_Init
    main.o(i.main) refers to ad9959.o(i.AD9959_SetFSK) for AD9959_SetFSK
    main.o(i.main) refers to ad9959.o(i.AD9959_SetASK) for AD9959_SetASK
    main.o(i.main) refers to usart.o(.bss) for huart1
    main.o(i.main) refers to main.o(.bss) for .bss
    main.o(i.main) refers to main.o(.data) for .data
    main.o(i.main) refers to ad9959.o(i.AD9959_SetPSK) for AD9959_SetPSK
    main.o(i.main) refers to ad9959.o(i.AD9959_SetFre_Sweep) for AD9959_SetFre_Sweep
    main.o(i.main) refers to ad9959.o(i.AD9959_SetAmp_Sweep) for AD9959_SetAmp_Sweep
    main.o(i.main) refers to ad9959.o(i.AD9959_SetPhase_Sweep) for AD9959_SetPhase_Sweep
    main.o(i.main) refers to stm32g4xx_hal_gpio.o(i.HAL_GPIO_WritePin) for HAL_GPIO_WritePin
    main.o(i.main) refers to stm32g4xx_hal.o(i.HAL_Delay) for HAL_Delay
    main.o(i.main) refers to delay.o(i.delay_us) for delay_us
    gpio.o(i.MX_GPIO_Init) refers to rt_memclr_w.o(.text) for __aeabi_memclr4
    gpio.o(i.MX_GPIO_Init) refers to stm32g4xx_hal_gpio.o(i.HAL_GPIO_WritePin) for HAL_GPIO_WritePin
    gpio.o(i.MX_GPIO_Init) refers to stm32g4xx_hal_gpio.o(i.HAL_GPIO_Init) for HAL_GPIO_Init
[...]
    ../clib/printf.c                         0x00000000   Number         0  __printf_flags_wp.o ABSOLUTE
    ../clib/printf.c                         0x00000000   Number         0  __printf_wp.o ABSOLUTE
    ../clib/printf.c                         0x00000000   Number         0  __printf_ss_wp.o ABSOLUTE
    ../clib/printf.c                         0x00000000   Number         0  __printf_flags_ss.o ABSOLUTE
    ../clib/printf.c                         0x00000000   Number         0  _sputc.o ABSOLUTE
    ../clib/printf_percent.s                 0x00000000   Number         0  _printf_percent.o ABSOLUTE
    ../clib/printf_percent.s                 0x00000000   Number         0  _printf_f.o ABSOLUTE
    ../clib/printf_percent.s                 0x00000000   Number         0  _printf_percent_end.o ABSOLUTE
    ../clib/signal.c                         0x00000000   Number         0  defsig_segv_inner.o ABSOLUTE
    ../clib/signal.c                         0x00000000   Number         0  defsig_other.o ABSOLUTE
    ../clib/signal.c                         0x00000000   Number         0  defsig_rtred_inner.o ABSOLUTE
    ../clib/signal.c                         0x00000000   Number         0  defsig_general.o ABSOLUTE
    ../clib/signal.c                         0x00000000   Number         0  defsig_rtmem_outer.o ABSOLUTE
    ../clib/signal.c                         0x00000000   Number         0  defsig_fpe_inner.o ABSOLUTE
    ../clib/signal.c                         0x00000000   Number         0  defsig_cppl_inner.o ABSOLUTE
    ../clib/signal.c                         0x00000000   Number         0  defsig_exit.o ABSOLUTE
    ../clib/signal.c                         0x00000000   Number         0  defsig_fpe_formal.o ABSOLUTE
    ../clib/signal.c                         0x00000000   Number         0  defsig_fpe_outer.o ABSOLUTE
    ../clib/signal.c                         0x00000000   Number         0  __raise.o ABSOLUTE
    ../clib/signal.c                         0x00000000   Number         0  defsig_abrt_inner.o ABSOLUTE
    ../clib/signal.c                         0x00000000   Number         0  defsig_rtmem_inner.o ABSOLUTE
    ../clib/signal.c                         0x00000000   Number         0  defsig_stak_inner.o ABSOLUTE
    ../clib/signal.c                         0x00000000   Number         0  defsig_pvfn_inner.o ABSOLUTE
    ../clib/signal.c                         0x00000000   Number         0  defsig_rtmem_formal.o ABSOLUTE
    ../clib/signal.s                         0x00000000   Number         0  defsig.o ABSOLUTE
    ../clib/stdlib.c                         0x00000000   Number         0  exit.o ABSOLUTE
    ../clib/string.c                         0x00000000   Number         0  strlen.o ABSOLUTE
    ../fplib/dfixu.s                         0x00000000   Number         0  dfixu.o ABSOLUTE
    ../fplib/dflt.s                          0x00000000   Number         0  dflt_clz.o ABSOLUTE
    ../fplib/dmul.s                          0x00000000   Number         0  dmul.o ABSOLUTE
    ../fplib/dnaninf.s                       0x00000000   Number         0  dnaninf.o ABSOLUTE
    ../fplib/dretinf.s                       0x00000000   Number         0  dretinf.o ABSOLUTE
    ../fplib/fpinit.s                        0x00000000   Number         0  fpinit.o ABSOLUTE
    ../fplib/istatus.s                       0x00000000   Number         0  istatus.o ABSOLUTE
    ../fplib/printf1.s                       0x00000000   Number         0  printf1.o ABSOLUTE
    ../fplib/usenofp.s                       0x00000000   Number         0  usenofp.o ABSOLUTE
    ../mathlib/fpclassify.c                  0x00000000   Number         0  fpclassify.o ABSOLUTE
    ..\Core\Src\gpio.c                       0x00000000   Number         0  gpio.o ABSOLUTE
    ..\Core\Src\main.c                       0x00000000   Number         0  main.o ABSOLUTE
    ..\Core\Src\stm32g4xx_hal_msp.c          0x00000000   Number         0  stm32g4xx_hal_msp.o ABSOLUTE
    ..\Core\Src\stm32g4xx_it.c               0x00000000   Number         0  stm32g4xx_it.o ABSOLUTE
    ..\Core\Src\system_stm32g4xx.c           0x00000000   Number         0  system_stm32g4xx.o ABSOLUTE
    ..\Core\Src\usart.c                      0x00000000   Number         0  usart.o ABSOLUTE
    ..\Drivers\STM32G4xx_HAL_Driver\Src\stm32g4xx_hal.c 0x00000000   Number         0  stm32g4xx_hal.o ABSOLUTE
    ..\Drivers\STM32G4xx_HAL_Driver\Src\stm32g4xx_hal_cortex.c 0x00000000   Number         0  stm32g4xx_hal_cortex.o ABSOLUTE
    ..\Drivers\STM32G4xx_HAL_Driver\Src\stm32g4xx_hal_dma.c 0x00000000   Number         0  stm32g4xx_hal_dma.o ABSOLUTE
    ..\Drivers\STM32G4xx_HAL_Driver\Src\stm32g4xx_hal_dma_ex.c 0x00000000   Number         0  stm32g4xx_hal_dma_ex.o ABSOLUTE
    ..\Drivers\STM32G4xx_HAL_Driver\Src\stm32g4xx_hal_exti.c 0x00000000   Number         0  stm32g4xx_hal_exti.o ABSOLUTE
    ..\Drivers\STM32G4xx_HAL_Driver\Src\stm32g4xx_hal_flash.c 0x00000000   Number         0  stm32g4xx_hal_flash.o ABSOLUTE
    ..\Drivers\STM32G4xx_HAL_Driver\Src\stm32g4xx_hal_flash_ex.c 0x00000000   Number         0  stm32g4xx_hal_flash_ex.o ABSOLUTE
    ..\Drivers\STM32G4xx_HAL_Driver\Src\stm32g4xx_hal_flash_ramfunc.c 0x00000000   Number         0  stm32g4xx_hal_flash_ramfunc.o ABSOLUTE
    ..\Drivers\STM32G4xx_HAL_Driver\Src\stm32g4xx_hal_gpio.c 0x00000000   Number         0  stm32g4xx_hal_gpio.o ABSOLUTE
    ..\Drivers\STM32G4xx_HAL_Driver\Src\stm32g4xx_hal_pwr.c 0x00000000   Number         0  stm32g4xx_hal_pwr.o ABSOLUTE
    ..\Drivers\STM32G4xx_HAL_Driver\Src\stm32g4xx_hal_pwr_ex.c 0x00000000   Number         0  stm32g4xx_hal_pwr_ex.o ABSOLUTE
    ..\Drivers\STM32G4xx_HAL_Driver\Src\stm32g4xx_hal_rcc.c 0x00000000   Number         0  stm32g4xx_hal_rcc.o ABSOLUTE
    ..\Drivers\STM32G4xx_HAL_Driver\Src\stm32g4xx_hal_rcc_ex.c 0x00000000   Number         0  stm32g4xx_hal_rcc_ex.o ABSOLUTE
    ..\Drivers\STM32G4xx_HAL_Driver\Src\stm32g4xx_hal_uart.c 0x00000000   Number         0  stm32g4xx_hal_uart.o ABSOLUTE
    ..\Drivers\STM32G4xx_HAL_Driver\Src\stm32g4xx_hal_uart_ex.c 0x00000000   Number         0  stm32g4xx_hal_uart_ex.o ABSOLUTE
    ..\HARDWARE\AD9959\AD9959.C              0x00000000   Number         0  ad9959.o ABSOLUTE
    ..\HARDWARE\DELAY\delay.c                0x00000000   Number         0  delay.o ABSOLUTE
    ..\HARDWARE\OLED\OLED_I2C.c              0x00000000   Number         0  oled_i2c.o ABSOLUTE
    ..\HARDWARE\OLED\myiic.c                 0x00000000   Number         0  myiic.o ABSOLUTE
    ..\HARDWARE\USART\myusart1.c             0x00000000   Number         0  myusart1.o ABSOLUTE
    ..\\HARDWARE\\AD9959\\AD9959.C           0x00000000   Number         0  ad9959.o ABSOLUTE
    ..\\HARDWARE\\DELAY\\delay.c             0x00000000   Number         0  delay.o ABSOLUTE
    ..\\HARDWARE\\OLED\\OLED_I2C.c           0x00000000   Number         0  oled_i2c.o ABSOLUTE
    ..\\HARDWARE\\OLED\\myiic.c              0x00000000   Number         0  myiic.o ABSOLUTE
    ..\\HARDWARE\\USART\\myusart1.c          0x00000000   Number         0  myusart1.o ABSOLUTE
    dc.s                                     0x00000000   Number         0  dc.o ABSOLUTE
    startup_stm32g474xx.s                    0x00000000   Number         0  startup_stm32g474xx.o ABSOLUTE
    RESET                                    0x08000000   Section      472  startup_stm32g474xx.o(RESET)
    !!!main                                  0x080001d8   Section        8  __main.o(!!!main)
    !!!scatter                               0x080001e0   Section       52  __scatter.o(!!!scatter)
    !!dczerorl2                              0x08000214   Section       90  __dczerorl2.o(!!dczerorl2)
    !!handler_zi                             0x08000270   Section       28  __scatter_zi.o(!!handler_zi)
    .ARM.Collect$$libinit$$00000000          0x0800028c   Section        2  libinit.o(.ARM.Collect$$libinit$$00000000)
    .ARM.Collect$$libinit$$00000001          0x0800028e   Section        4  libinit2.o(.ARM.Collect$$libinit$$00000001)
    .ARM.Collect$$libinit$$00000004          0x08000292   Section        0  libinit2.o(.ARM.Collect$$libinit$$00000004)
    .ARM.Collect$$libinit$$0000000A          0x08000292   Section        0  libinit2.o(.ARM.Collect$$libinit$$0000000A)
    .ARM.Collect$$libinit$$0000000C          0x08000292   Section        0  libinit2.o(.ARM.Collect$$libinit$$0000000C)
    .ARM.Collect$$libinit$$0000000E          0x08000292   Section        0  libinit2.o(.ARM.Collect$$libinit$$0000000E)
    .ARM.Collect$$libinit$$00000011          0x08000292   Section        0  libinit2.o(.ARM.Collect$$libinit$$00000011)
    .ARM.Collect$$libinit$$00000013          0x08000292   Section        0  libinit2.o(.ARM.Collect$$libinit$$00000013)
    .ARM.Collect$$libinit$$00000015          0x08000292   Section        0  libinit2.o(.ARM.Collect$$libinit$$00000015)
    .ARM.Collect$$libinit$$00000017          0x08000292   Section        0  libinit2.o(.ARM.Collect$$libinit$$00000017)
    .ARM.Collect$$libinit$$00000019          0x08000292   Section        0  libinit2.o(.ARM.Collect$$libinit$$00000019)
    .ARM.Collect$$libinit$$0000001B          0x08000292   Section        0  libinit2.o(.ARM.Collect$$libinit$$0000001B)
    .ARM.Collect$$libinit$$0000001D          0x08000292   Section        0  libinit2.o(.ARM.Collect$$libinit$$0000001D)
    .ARM.Collect$$libinit$$0000001F          0x08000292   Section        0  libinit2.o(.ARM.Collect$$libinit$$0000001F)
    .ARM.Collect$$libinit$$00000021          0x08000292   Section        0  libinit2.o(.ARM.Collect$$libinit$$00000021)
    .ARM.Collect$$libinit$$00000023          0x08000292   Section        0  libinit2.o(.ARM.Collect$$libinit$$00000023)
    .ARM.Collect$$libinit$$00000025          0x08000292   Section        0  libinit2.o(.ARM.Collect$$libinit$$00000025)
    .ARM.Collect$$libinit$$0000002C          0x08000292   Section        0  libinit2.o(.ARM.Collect$$libinit$$0000002C)
    .ARM.Collect$$libinit$$0000002E          0x08000292   Section        0  libinit2.o(.ARM.Collect$$libinit$$0000002E)
    .ARM.Collect$$libinit$$00000030          0x08000292   Section        0  libinit2.o(.ARM.Collect$$libinit$$00000030)
    .ARM.Collect$$libinit$$00000032          0x08000292   Section        0  libinit2.o(.ARM.Collect$$libinit$$00000032)
    .ARM.Collect$$libinit$$00000033          0x08000292   Section        2  libinit2.o(.ARM.Collect$$libinit$$00000033)
    .ARM.Collect$$libshutdown$$00000000      0x08000294   Section        2  libshutdown.o(.ARM.Collect$$libshutdown$$00000000)
    .ARM.Collect$$libshutdown$$00000002      0x08000296   Section        0  libshutdown2.o(.ARM.Collect$$libshutdown$$00000002)
    .ARM.Collect$$libshutdown$$00000004      0x08000296   Section        0  libshutdown2.o(.ARM.Collect$$libshutdown$$00000004)
    .ARM.Collect$$libshutdown$$00000007      0x08000296   Section        0  libshutdown2.o(.ARM.Collect$$libshutdown$$00000007)
    .ARM.Collect$$libshutdown$$0000000A      0x08000296   Section        0  libshutdown2.o(.ARM.Collect$$libshutdown$$0000000A)
    .ARM.Collect$$libshutdown$$0000000C      0x08000296   Section        0  libshutdown2.o(.ARM.Collect$$libshutdown$$0000000C)
    .ARM.Collect$$libshutdown$$0000000F      0x08000296   Section        0  libshutdown2.o(.ARM.Collect$$libshutdown$$0000000F)
    .ARM.Collect$$libshutdown$$00000010      0x08000296   Section        2  libshutdown2.o(.ARM.Collect$$libshutdown$$00000010)
    .ARM.Collect$$rtentry$$00000000          0x08000298   Section        0  __rtentry.o(.ARM.Collect$$rtentry$$00000000)
    .ARM.Collect$$rtentry$$00000002          0x08000298   Section        0  __rtentry2.o(.ARM.Collect$$rtentry$$00000002)
    .ARM.Collect$$rtentry$$00000004          0x08000298   Section        6  __rtentry4.o(.ARM.Collect$$rtentry$$00000004)
    .ARM.Collect$$rtentry$$00000009          0x0800029e   Section        0  __rtentry2.o(.ARM.Collect$$rtentry$$00000009)
    .ARM.Collect$$rtentry$$0000000A          0x0800029e   Section        4  __rtentry2.o(.ARM.Collect$$rtentry$$0000000A)
    .ARM.Collect$$rtentry$$0000000C          0x080002a2   Section        0  __rtentry2.o(.ARM.Collect$$rtentry$$0000000C)
    .ARM.Collect$$rtentry$$0000000D          0x080002a2   Section        8  __rtentry2.o(.ARM.Collect$$rtentry$$0000000D)
    .ARM.Collect$$rtexit$$00000000           0x080002aa   Section        2  rtexit.o(.ARM.Collect$$rtexit$$00000000)
    .ARM.Collect$$rtexit$$00000002           0x080002ac   Section        0  rtexit2.o(.ARM.Collect$$rtexit$$00000002)
    .ARM.Collect$$rtexit$$00000003           0x080002ac   Section        4  rtexit2.o(.ARM.Collect$$rtexit$$00000003)
    .ARM.Collect$$rtexit$$00000004           0x080002b0   Section        6  rtexit2.o(.ARM.Collect$$rtexit$$00000004)
    .text                                    0x080002b8   Section       64  startup_stm32g474xx.o(.text)
    $v0                                      0x080002b8   Number         0  startup_stm32g474xx.o(.text)
    .text                                    0x080002f8   Section      238  lludivv7m.o(.text)
    .text                                    0x080003e6   Section       78  rt_memclr_w.o(.text)
    .text                                    0x08000434   Section        0  heapauxi.o(.text)
    .text                                    0x0800043c   Section        8  libspace.o(.text)
    .text                                    0x08000444   Section       74  sys_stackheap_outer.o(.text)
    .text                                    0x0800048e   Section        0  exit.o(.text)
    .text                                    0x080004a0   Section        0  sys_exit.o(.text)
    .text                                    0x080004ac   Section        2  use_no_semi.o(.text)
    .text                                    0x080004ae   Section        0  indicate_semi.o(.text)
    i.AD9959_Modulation_Init                 0x080004b0   Section        0  ad9959.o(i.AD9959_Modulation_Init)
    i.AD9959_SetASK                          0x08000548   Section        0  ad9959.o(i.AD9959_SetASK)
    i.AD9959_SetAmp_Sweep                    0x0800058a   Section        0  ad9959.o(i.AD9959_SetAmp_Sweep)
    i.AD9959_SetFSK                          0x080005ee   Section        0  ad9959.o(i.AD9959_SetFSK)
    i.AD9959_SetFre_Sweep                    0x08000628   Section        0  ad9959.o(i.AD9959_SetFre_Sweep)
    i.AD9959_SetPSK                          0x080006b0   Section        0  ad9959.o(i.AD9959_SetPSK)
    i.AD9959_SetPhase_Sweep                  0x080006ea   Section        0  ad9959.o(i.AD9959_SetPhase_Sweep)
    i.AD9959_Set_Amp                         0x0800073e   Section        0  ad9959.o(i.AD9959_Set_Amp)
    i.AD9959_Set_Fre                         0x0800075c   Section        0  ad9959.o(i.AD9959_Set_Fre)
    i.AD9959_Set_Phase                       0x0800077a   Section        0  ad9959.o(i.AD9959_Set_Phase)
    i.AD9959_WriteData                       0x08000798   Section        0  ad9959.o(i.AD9959_WriteData)
    i.BusFault_Handler                       0x0800086c   Section        0  stm32g4xx_it.o(i.BusFault_Handler)
    i.DebugMon_Handler                       0x0800086e   Section        0  stm32g4xx_it.o(i.DebugMon_Handler)
    i.EXTI15_10_IRQHandler                   0x08000870   Section        0  stm32g4xx_it.o(i.EXTI15_10_IRQHandler)
    i.Error_Handler                          0x08000878   Section        0  main.o(i.Error_Handler)
    i.HAL_DMA_Abort                          0x0800087c   Section        0  stm32g4xx_hal_dma.o(i.HAL_DMA_Abort)
    i.HAL_DMA_Abort_IT                       0x080008e6   Section        0  stm32g4xx_hal_dma.o(i.HAL_DMA_Abort_IT)
    i.HAL_Delay                              0x08000960   Section        0  stm32g4xx_hal.o(i.HAL_Delay)
    i.HAL_GPIO_EXTI_Callback                 0x08000984   Section        0  main.o(i.HAL_GPIO_EXTI_Callback)
    i.HAL_GPIO_EXTI_IRQHandler               0x0800099c   Section        0  stm32g4xx_hal_gpio.o(i.HAL_GPIO_EXTI_IRQHandler)
    i.HAL_GPIO_Init                          0x080009b4   Section        0  stm32g4xx_hal_gpio.o(i.HAL_GPIO_Init)
    i.HAL_GPIO_ReadPin                       0x08000bfc   Section        0  stm32g4xx_hal_gpio.o(i.HAL_GPIO_ReadPin)
    i.HAL_GPIO_WritePin                      0x08000c06   Section        0  stm32g4xx_hal_gpio.o(i.HAL_GPIO_WritePin)
    i.HAL_GetTick                            0x08000c10   Section        0  stm32g4xx_hal.o(i.HAL_GetTick)
    i.HAL_IncTick                            0x08000c1c   Section        0  main.o(i.HAL_IncTick)
    i.HAL_Init                               0x08000c3c   Section        0  stm32g4xx_hal.o(i.HAL_Init)
    i.HAL_InitTick                           0x08000c5c   Section        0  stm32g4xx_hal.o(i.HAL_InitTick)
    i.HAL_MspInit                            0x08000ca0   Section        0  stm32g4xx_hal_msp.o(i.HAL_MspInit)
    i.HAL_NVIC_EnableIRQ                     0x08000cd0   Section        0  stm32g4xx_hal_cortex.o(i.HAL_NVIC_EnableIRQ)
    i.HAL_NVIC_SetPriority                   0x08000cec   Section        0  stm32g4xx_hal_cortex.o(i.HAL_NVIC_SetPriority)
    i.HAL_NVIC_SetPriorityGrouping           0x08000d2c   Section        0  stm32g4xx_hal_cortex.o(i.HAL_NVIC_SetPriorityGrouping)
    i.HAL_PWREx_ControlVoltageScaling        0x08000d50   Section        0  stm32g4xx_hal_pwr_ex.o(i.HAL_PWREx_ControlVoltageScaling)
    i.HAL_PWREx_DisableUCPDDeadBattery       0x08000e0c   Section        0  stm32g4xx_hal_pwr_ex.o(i.HAL_PWREx_DisableUCPDDeadBattery)
    i.HAL_RCCEx_PeriphCLKConfig              0x08000e1c   Section        0  stm32g4xx_hal_rcc_ex.o(i.HAL_RCCEx_PeriphCLKConfig)
    i.HAL_RCC_ClockConfig                    0x0800111c   Section        0  stm32g4xx_hal_rcc.o(i.HAL_RCC_ClockConfig)
    i.HAL_RCC_GetPCLK1Freq                   0x080012f8   Section        0  stm32g4xx_hal_rcc.o(i.HAL_RCC_GetPCLK1Freq)
    i.HAL_RCC_GetPCLK2Freq                   0x0800131c   Section        0  stm32g4xx_hal_rcc.o(i.HAL_RCC_GetPCLK2Freq)
    i.HAL_RCC_GetSysClockFreq                0x08001340   Section        0  stm32g4xx_hal_rcc.o(i.HAL_RCC_GetSysClockFreq)
    i.HAL_RCC_OscConfig                      0x080013b0   Section        0  stm32g4xx_hal_rcc.o(i.HAL_RCC_OscConfig)
    i.HAL_SYSTICK_CLKSourceConfig            0x080017b4   Section        0  stm32g4xx_hal_cortex.o(i.HAL_SYSTICK_CLKSourceConfig)
    i.HAL_SYSTICK_Config                     0x080017cc   Section        0  stm32g4xx_hal_cortex.o(i.HAL_SYSTICK_Config)
    i.HAL_UARTEx_DisableFifoMode             0x080017f4   Section        0  stm32g4xx_hal_uart_ex.o(i.HAL_UARTEx_DisableFifoMode)
    i.HAL_UARTEx_RxEventCallback             0x08001832   Section        0  stm32g4xx_hal_uart.o(i.HAL_UARTEx_RxEventCallback)
    i.HAL_UARTEx_RxFifoFullCallback          0x08001834   Section        0  stm32g4xx_hal_uart_ex.o(i.HAL_UARTEx_RxFifoFullCallback)
    i.HAL_UARTEx_SetRxFifoThreshold          0x08001836   Section        0  stm32g4xx_hal_uart_ex.o(i.HAL_UARTEx_SetRxFifoThreshold)
    i.HAL_UARTEx_SetTxFifoThreshold          0x08001882   Section        0  stm32g4xx_hal_uart_ex.o(i.HAL_UARTEx_SetTxFifoThreshold)
    i.HAL_UARTEx_TxFifoEmptyCallback         0x080018ce   Section        0  stm32g4xx_hal_uart_ex.o(i.HAL_UARTEx_TxFifoEmptyCallback)
    i.HAL_UARTEx_WakeupCallback              0x080018d0   Section        0  stm32g4xx_hal_uart_ex.o(i.HAL_UARTEx_WakeupCallback)
    i.HAL_UART_ErrorCallback                 0x080018d2   Section        0  stm32g4xx_hal_uart.o(i.HAL_UART_ErrorCallback)
    i.HAL_UART_IRQHandler                    0x080018d4   Section        0  stm32g4xx_hal_uart.o(i.HAL_UART_IRQHandler)
    i.HAL_UART_Init                          0x08001bf0   Section        0  stm32g4xx_hal_uart.o(i.HAL_UART_Init)
    i.HAL_UART_MspInit                       0x08001c5c   Section        0  usart.o(i.HAL_UART_MspInit)
    i.HAL_UART_TxCpltCallback                0x08001ce8   Section        0  stm32g4xx_hal_uart.o(i.HAL_UART_TxCpltCallback)
    i.HardFault_Handler                      0x08001cea   Section        0  stm32g4xx_it.o(i.HardFault_Handler)
    i.I2C_WriteByte                          0x08001cec   Section        0  oled_i2c.o(i.I2C_WriteByte)
    i.IIC_Init                               0x08001d1c   Section        0  myiic.o(i.IIC_Init)
    i.IIC_Send_Byte                          0x08001d3c   Section        0  myiic.o(i.IIC_Send_Byte)
    i.IIC_Start                              0x08001db4   Section        0  myiic.o(i.IIC_Start)
    i.IIC_Stop                               0x08001e08   Section        0  myiic.o(i.IIC_Stop)
    i.IIC_Wait_Ack                           0x08001e60   Section        0  myiic.o(i.IIC_Wait_Ack)
    i.IO_Update                              0x08001ecc   Section        0  ad9959.o(i.IO_Update)
    i.MX_GPIO_Init                           0x08001f04   Section        0  gpio.o(i.MX_GPIO_Init)
    i.MX_USART1_UART_Init                    0x08002020   Section        0  usart.o(i.MX_USART1_UART_Init)
    i.MemManage_Handler                      0x08002088   Section        0  stm32g4xx_it.o(i.MemManage_Handler)
    i.MyUSART1_IRQHandler                    0x0800208c   Section        0  myusart1.o(i.MyUSART1_IRQHandler)
    i.MyUSART1_Init                          0x080020c0   Section        0  myusart1.o(i.MyUSART1_Init)
    i.NMI_Handler                            0x080020d4   Section        0  stm32g4xx_it.o(i.NMI_Handler)
    i.OLED_CLS                               0x080020d6   Section        0  oled_i2c.o(i.OLED_CLS)
    i.OLED_Fill                              0x080020dc   Section        0  oled_i2c.o(i.OLED_Fill)
    i.OLED_Init                              0x08002114   Section        0  oled_i2c.o(i.OLED_Init)
    i.OLED_SetPos                            0x080021dc   Section        0  oled_i2c.o(i.OLED_SetPos)
    i.OLED_ShowStr                           0x08002204   Section        0  oled_i2c.o(i.OLED_ShowStr)
    i.PendSV_Handler                         0x080022dc   Section        0  stm32g4xx_it.o(i.PendSV_Handler)
    i.SVC_Handler                            0x080022de   Section        0  stm32g4xx_it.o(i.SVC_Handler)
    i.SysTick_Handler                        0x080022e0   Section        0  stm32g4xx_it.o(i.SysTick_Handler)
    i.SystemClock_Config                     0x080022e4   Section        0  main.o(i.SystemClock_Config)
    i.SystemInit                             0x0800234c   Section        0  system_stm32g4xx.o(i.SystemInit)
    i.UARTEx_SetNbDataToProcess              0x0800235c   Section        0  stm32g4xx_hal_uart_ex.o(i.UARTEx_SetNbDataToProcess)
    UARTEx_SetNbDataToProcess                0x0800235d   Thumb Code    62  stm32g4xx_hal_uart_ex.o(i.UARTEx_SetNbDataToProcess)
    i.UART_AdvFeatureConfig                  0x080023a0   Section        0  stm32g4xx_hal_uart.o(i.UART_AdvFeatureConfig)
    i.UART_CheckIdleState                    0x08002468   Section        0  stm32g4xx_hal_uart.o(i.UART_CheckIdleState)
    i.UART_DMAAbortOnError                   0x08002514   Section        0  stm32g4xx_hal_uart.o(i.UART_DMAAbortOnError)
    UART_DMAAbortOnError                     0x08002515   Thumb Code    16  stm32g4xx_hal_uart.o(i.UART_DMAAbortOnError)
    i.UART_EndRxTransfer                     0x08002524   Section        0  stm32g4xx_hal_uart.o(i.UART_EndRxTransfer)
    UART_EndRxTransfer                       0x08002525   Thumb Code    78  stm32g4xx_hal_uart.o(i.UART_EndRxTransfer)
    i.UART_SetConfig                         0x08002578   Section        0  stm32g4xx_hal_uart.o(i.UART_SetConfig)
    i.UART_WaitOnFlagUntilTimeout            0x08002810   Section        0  stm32g4xx_hal_uart.o(i.UART_WaitOnFlagUntilTimeout)
    i.USART1_IRQHandler                      0x080028a4   Section        0  stm32g4xx_it.o(i.USART1_IRQHandler)
    i.UsageFault_Handler                     0x080028c0   Section        0  stm32g4xx_it.o(i.UsageFault_Handler)
    i.WriteCmd                               0x080028c2   Section        0  oled_i2c.o(i.WriteCmd)
    i.WriteDat                               0x080028ca   Section        0  oled_i2c.o(i.WriteDat)
    i.Write_ACR                              0x080028d2   Section        0  ad9959.o(i.Write_ACR)
    i.Write_CFTW0                            0x080028f4   Section        0  ad9959.o(i.Write_CFTW0)
    i.Write_CPOW0                            0x08002940   Section        0  ad9959.o(i.Write_CPOW0)
    i.Write_FDW                              0x0800295c   Section        0  ad9959.o(i.Write_FDW)
    i.Write_LSRR                             0x08002984   Section        0  ad9959.o(i.Write_LSRR)
    i.Write_Profile_Ampli                    0x0800299e   Section        0  ad9959.o(i.Write_Profile_Ampli)
    i.Write_Profile_Fre                      0x080029c0   Section        0  ad9959.o(i.Write_Profile_Fre)
    i.Write_Profile_Phase                    0x08002a10   Section        0  ad9959.o(i.Write_Profile_Phase)
    i.Write_RDW                              0x08002a30   Section        0  ad9959.o(i.Write_RDW)
    i.__NVIC_SetPriority                     0x08002a58   Section        0  stm32g4xx_hal_cortex.o(i.__NVIC_SetPriority)
    __NVIC_SetPriority                       0x08002a59   Thumb Code    32  stm32g4xx_hal_cortex.o(i.__NVIC_SetPriority)
    i.delay1                                 0x08002a78   Section        0  ad9959.o(i.delay1)
    i.delay_init                             0x08002a84   Section        0  delay.o(i.delay_init)
    i.delay_ms                               0x08002a98   Section        0  delay.o(i.delay_ms)
    i.delay_us                               0x08002aa4   Section        0  delay.o(i.delay_us)
    i.main                                   0x08002ad8   Section        0  main.o(i.main)
    x$fpl$dfixu                              0x08004160   Section       90  dfixu.o(x$fpl$dfixu)
    $v0                                      0x08004160   Number         0  dfixu.o(x$fpl$dfixu)
    x$fpl$dfltu                              0x080041ba   Section       38  dflt_clz.o(x$fpl$dfltu)
    $v0                                      0x080041ba   Number         0  dflt_clz.o(x$fpl$dfltu)
    x$fpl$dmul                               0x080041e0   Section      340  dmul.o(x$fpl$dmul)
    $v0                                      0x080041e0   Number         0  dmul.o(x$fpl$dmul)
    x$fpl$dnaninf                            0x08004334   Section      156  dnaninf.o(x$fpl$dnaninf)
    $v0                                      0x08004334   Number         0  dnaninf.o(x$fpl$dnaninf)
    x$fpl$dretinf                            0x080043d0   Section       12  dretinf.o(x$fpl$dretinf)
    $v0                                      0x080043d0   Number         0  dretinf.o(x$fpl$dretinf)
    x$fpl$fpinit                             0x080043dc   Section       10  fpinit.o(x$fpl$fpinit)
    $v0                                      0x080043dc   Number         0  fpinit.o(x$fpl$fpinit)
    .constdata                               0x080043e6   Section       24  stm32g4xx_hal_uart.o(.constdata)
    x$fpl$usenofp                            0x080043e6   Section        0  usenofp.o(x$fpl$usenofp)
    .constdata                               0x080043fe   Section       16  stm32g4xx_hal_uart_ex.o(.constdata)
    numerator                                0x080043fe   Data           8  stm32g4xx_hal_uart_ex.o(.constdata)
    denominator                              0x08004406   Data           8  stm32g4xx_hal_uart_ex.o(.constdata)
    .constdata                               0x0800440e   Section       16  system_stm32g4xx.o(.constdata)
    .constdata                               0x0800441e   Section        8  system_stm32g4xx.o(.constdata)
    .constdata                               0x08004426   Section     2086  oled_i2c.o(.constdata)
    hSpeedReg                                0x08004426   Data           8  oled_i2c.o(.constdata)
    .data                                    0x20000000   Section        2  main.o(.data)
    .data                                    0x20000004   Section       12  stm32g4xx_hal.o(.data)
    .data                                    0x20000010   Section        4  system_stm32g4xx.o(.data)
    .data                                    0x20000014   Section        2  delay.o(.data)
    sysClkFreq                               0x20000014   Data           2  delay.o(.data)
    .data                                    0x20000016   Section      547  oled_i2c.o(.data)
    .data                                    0x2000023c   Section       12  myusart1.o(.data)
    .data                                    0x20000248   Section       16  ad9959.o(.data)
    .bss                                     0x20000258   Section      512  main.o(.bss)
    .bss                                     0x20000458   Section      148  usart.o(.bss)
    .bss                                     0x200004ec   Section      100  myusart1.o(.bss)
    .bss                                     0x20000550   Section       96  libspace.o(.bss)
    HEAP                                     0x200005b0   Section      512  startup_stm32g474xx.o(HEAP)
    Heap_Mem                                 0x200005b0   Data         512  startup_stm32g474xx.o(HEAP)
    STACK                                    0x200007b0   Section     1024  startup_stm32g474xx.o(STACK)
    Stack_Mem                                0x200007b0   Data        1024  startup_stm32g474xx.o(STACK)
    __initial_sp                             0x20000bb0   Data           0  startup_stm32g474xx.o(STACK)

    Global Symbols

    Symbol Name                              Value     Ov Type        Size  Object(Section)

    BuildAttributes$$THM_ISAv4$E$P$D$K$B$S$7EM$VFPi3$EXTD16$VFPS$VFMA$PE$A:L22UL41UL21$X:L11$S22US41US21$IEEE1$IW$USESV6$~STKCKD$USESV7$~SHL$OTIME$ROPI$IEEEJ$EBA8$UX$STANDARDLIB$REQ8$PRES8$EABIv2 0x00000000   Number         0  anon$$obj.o ABSOLUTE
    __ARM_use_no_argv                        0x00000000   Number         0  main.o ABSOLUTE
    _printf_flags                            0x00000000   Number         0  printf_stubs.o ABSOLUTE
    _printf_return_value                     0x00000000   Number         0  printf_stubs.o ABSOLUTE
    _printf_sizespec                         0x00000000   Number         0  printf_stubs.o ABSOLUTE
    _printf_widthprec                        0x00000000   Number         0  printf_stubs.o ABSOLUTE
    __ARM_exceptions_init                     - Undefined Weak Reference
    __alloca_initialize                       - Undefined Weak Reference
    __arm_preinit_                            - Undefined Weak Reference
    __cpp_initialize__aeabi_                  - Undefined Weak Reference
    __cxa_finalize                            - Undefined Weak Reference
    __sigvec_lookup                           - Undefined Weak Reference
    _atexit_init                              - Undefined Weak Reference
    _call_atexit_fns                          - Undefined Weak Reference
    _clock_init                               - Undefined Weak Reference
    _fp_trap_init                             - Undefined Weak Reference
    _fp_trap_shutdown                         - Undefined Weak Reference
    _get_lc_collate                           - Undefined Weak Reference
    _get_lc_ctype                             - Undefined Weak Reference
    _get_lc_monetary                          - Undefined Weak Reference
    _get_lc_time                              - Undefined Weak Reference
    _getenv_init                              - Undefined Weak Reference
    _handle_redirection                       - Undefined Weak Reference
    _init_alloc                               - Undefined Weak Reference
    _init_user_alloc                          - Undefined Weak Reference
    _initio                                   - Undefined Weak Reference
    _printf_post_padding                      - Undefined Weak Reference
    _printf_pre_padding                       - Undefined Weak Reference
    _rand_init                                - Undefined Weak Reference
    _signal_finish                            - Undefined Weak Reference
    _signal_init                              - Undefined Weak Reference
    _terminate_alloc                          - Undefined Weak Reference
    _terminate_user_alloc                     - Undefined Weak Reference
    _terminateio                              - Undefined Weak Reference
    __Vectors_Size                           0x000001d8   Number         0  startup_stm32g474xx.o ABSOLUTE
    __Vectors                                0x08000000   Data           4  startup_stm32g474xx.o(RESET)
    __Vectors_End                            0x080001d8   Data           0  startup_stm32g474xx.o(RESET)
    __main                                   0x080001d9   Thumb Code     8  __main.o(!!!main)
    __scatterload                            0x080001e1   Thumb Code     0  __scatter.o(!!!scatter)
    __scatterload_rt2                        0x080001e1   Thumb Code    44  __scatter.o(!!!scatter)
    __scatterload_rt2_thumb_only             0x080001e1   Thumb Code     0  __scatter.o(!!!scatter)
    __scatterload_null                       0x080001ef   Thumb Code     0  __scatter.o(!!!scatter)
    __decompress                             0x08000215   Thumb Code    90  __dczerorl2.o(!!dczerorl2)
    __decompress1                            0x08000215   Thumb Code     0  __dczerorl2.o(!!dczerorl2)
    __scatterload_zeroinit                   0x08000271   Thumb Code    28  __scatter_zi.o(!!handler_zi)
    __rt_lib_init                            0x0800028d   Thumb Code     0  libinit.o(.ARM.Collect$$libinit$$00000000)
    __rt_lib_init_fp_1                       0x0800028f   Thumb Code     0  libinit2.o(.ARM.Collect$$libinit$$00000001)
    __rt_lib_init_alloca_1                   0x08000293   Thumb Code     0  libinit2.o(.ARM.Collect$$libinit$$0000002E)
    __rt_lib_init_argv_1                     0x08000293   Thumb Code     0  libinit2.o(.ARM.Collect$$libinit$$0000002C)
    __rt_lib_init_atexit_1                   0x08000293   Thumb Code     0  libinit2.o(.ARM.Collect$$libinit$$0000001B)
    __rt_lib_init_clock_1                    0x08000293   Thumb Code     0  libinit2.o(.ARM.Collect$$libinit$$00000021)
    __rt_lib_init_cpp_1                      0x08000293   Thumb Code     0  libinit2.o(.ARM.Collect$$libinit$$00000032)
    __rt_lib_init_exceptions_1               0x08000293   Thumb Code     0  libinit2.o(.ARM.Collect$$libinit$$00000030)
    __rt_lib_init_fp_trap_1                  0x08000293   Thumb Code     0  libinit2.o(.ARM.Collect$$libinit$$0000001F)
    __rt_lib_init_getenv_1                   0x08000293   Thumb Code     0  libinit2.o(.ARM.Collect$$libinit$$00000023)
    __rt_lib_init_heap_1                     0x08000293   Thumb Code     0  libinit2.o(.ARM.Collect$$libinit$$0000000A)
    __rt_lib_init_lc_collate_1               0x08000293   Thumb Code     0  libinit2.o(.ARM.Collect$$libinit$$00000011)
    __rt_lib_init_lc_ctype_1                 0x08000293   Thumb Code     0  libinit2.o(.ARM.Collect$$libinit$$00000013)
    __rt_lib_init_lc_monetary_1              0x08000293   Thumb Code     0  libinit2.o(.ARM.Collect$$libinit$$00000015)
    __rt_lib_init_lc_numeric_1               0x08000293   Thumb Code     0  libinit2.o(.ARM.Collect$$libinit$$00000017)
    __rt_lib_init_lc_time_1                  0x08000293   Thumb Code     0  libinit2.o(.ARM.Collect$$libinit$$00000019)
    __rt_lib_init_preinit_1                  0x08000293   Thumb Code     0  libinit2.o(.ARM.Collect$$libinit$$00000004)
    __rt_lib_init_rand_1                     0x08000293   Thumb Code     0  libinit2.o(.ARM.Collect$$libinit$$0000000E)
    __rt_lib_init_return                     0x08000293   Thumb Code     0  libinit2.o(.ARM.Collect$$libinit$$00000033)
    __rt_lib_init_signal_1                   0x08000293   Thumb Code     0  libinit2.o(.ARM.Collect$$libinit$$0000001D)
    __rt_lib_init_stdio_1                    0x08000293   Thumb Code     0  libinit2.o(.ARM.Collect$$libinit$$00000025)
    __rt_lib_init_user_alloc_1               0x08000293   Thumb Code     0  libinit2.o(.ARM.Collect$$libinit$$0000000C)
    __rt_lib_shutdown                        0x08000295   Thumb Code     0  libshutdown.o(.ARM.Collect$$libshutdown$$00000000)
    __rt_lib_shutdown_cpp_1                  0x08000297   Thumb Code     0  libshutdown2.o(.ARM.Collect$$libshutdown$$00000002)
    __rt_lib_shutdown_fp_trap_1              0x08000297   Thumb Code     0  libshutdown2.o(.ARM.Collect$$libshutdown$$00000007)
    __rt_lib_shutdown_heap_1                 0x08000297   Thumb Code     0  libshutdown2.o(.ARM.Collect$$libshutdown$$0000000F)
    __rt_lib_shutdown_return                 0x08000297   Thumb Code     0  libshutdown2.o(.ARM.Collect$$libshutdown$$00000010)
    __rt_lib_shutdown_signal_1               0x08000297   Thumb Code     0  libshutdown2.o(.ARM.Collect$$libshutdown$$0000000A)
    __rt_lib_shutdown_stdio_1                0x08000297   Thumb Code     0  libshutdown2.o(.ARM.Collect$$libshutdown$$00000004)
    __rt_lib_shutdown_user_alloc_1           0x08000297   Thumb Code     0  libshutdown2.o(.ARM.Collect$$libshutdown$$0000000C)
    __rt_entry                               0x08000299   Thumb Code     0  __rtentry.o(.ARM.Collect$$rtentry$$00000000)
    __rt_entry_presh_1                       0x08000299   Thumb Code     0  __rtentry2.o(.ARM.Collect$$rtentry$$00000002)
    __rt_entry_sh                            0x08000299   Thumb Code     0  __rtentry4.o(.ARM.Collect$$rtentry$$00000004)
    __rt_entry_li                            0x0800029f   Thumb Code     0  __rtentry2.o(.ARM.Collect$$rtentry$$0000000A)
    __rt_entry_postsh_1                      0x0800029f   Thumb Code     0  __rtentry2.o(.ARM.Collect$$rtentry$$00000009)
    __rt_entry_main                          0x080002a3   Thumb Code     0  __rtentry2.o(.ARM.Collect$$rtentry$$0000000D)
    __rt_entry_postli_1                      0x080002a3   Thumb Code     0  __rtentry2.o(.ARM.Collect$$rtentry$$0000000C)
    __rt_exit                                0x080002ab   Thumb Code     0  rtexit.o(.ARM.Collect$$rtexit$$00000000)
    __rt_exit_ls                             0x080002ad   Thumb Code     0  rtexit2.o(.ARM.Collect$$rtexit$$00000003)
    __rt_exit_prels_1                        0x080002ad   Thumb Code     0  rtexit2.o(.ARM.Collect$$rtexit$$00000002)
    __rt_exit_exit                           0x080002b1   Thumb Code     0  rtexit2.o(.ARM.Collect$$rtexit$$00000004)
    Reset_Handler                            0x080002b9   Thumb Code     8  startup_stm32g474xx.o(.text)
    ADC1_2_IRQHandler                        0x080002d3   Thumb Code     0  startup_stm32g474xx.o(.text)
    ADC3_IRQHandler                          0x080002d3   Thumb Code     0  startup_stm32g474xx.o(.text)
    ADC4_IRQHandler                          0x080002d3   Thumb Code     0  startup_stm32g474xx.o(.text)
    ADC5_IRQHandler                          0x080002d3   Thumb Code     0  startup_stm32g474xx.o(.text)
    COMP1_2_3_IRQHandler                     0x080002d3   Thumb Code     0  startup_stm32g474xx.o(.text)
    COMP4_5_6_IRQHandler                     0x080002d3   Thumb Code     0  startup_stm32g474xx.o(.text)
    COMP7_IRQHandler                         0x080002d3   Thumb Code     0  startup_stm32g474xx.o(.text)
    CORDIC_IRQHandler                        0x080002d3   Thumb Code     0  startup_stm32g474xx.o(.text)
    CRS_IRQHandler                           0x080002d3   Thumb Code     0  startup_stm32g474xx.o(.text)
    DMA1_Channel1_IRQHandler                 0x080002d3   Thumb Code     0  startup_stm32g474xx.o(.text)
    DMA1_Channel2_IRQHandler                 0x080002d3   Thumb Code     0  startup_stm32g474xx.o(.text)
    DMA1_Channel3_IRQHandler                 0x080002d3   Thumb Code     0  startup_stm32g474xx.o(.text)
    DMA1_Channel4_IRQHandler                 0x080002d3   Thumb Code     0  startup_stm32g474xx.o(.text)
    DMA1_Channel5_IRQHandler                 0x080002d3   Thumb Code     0  startup_stm32g474xx.o(.text)
    DMA1_Channel6_IRQHandler                 0x080002d3   Thumb Code     0  startup_stm32g474xx.o(.text)
    DMA1_Channel7_IRQHandler                 0x080002d3   Thumb Code     0  startup_stm32g474xx.o(.text)
    DMA1_Channel8_IRQHandler                 0x080002d3   Thumb Code     0  startup_stm32g474xx.o(.text)
    DMA2_Channel1_IRQHandler                 0x080002d3   Thumb Code     0  startup_stm32g474xx.o(.text)
    DMA2_Channel2_IRQHandler                 0x080002d3   Thumb Code     0  startup_stm32g474xx.o(.text)
    DMA2_Channel3_IRQHandler                 0x080002d3   Thumb Code     0  startup_stm32g474xx.o(.text)
    DMA2_Channel4_IRQHandler                 0x080002d3   Thumb Code     0  startup_stm32g474xx.o(.text)
    DMA2_Channel5_IRQHandler                 0x080002d3   Thumb Code     0  startup_stm32g474xx.o(.text)
    DMA2_Channel6_IRQHandler                 0x080002d3   Thumb Code     0  startup_stm32g474xx.o(.text)
    DMA2_Channel7_IRQHandler                 0x080002d3   Thumb Code     0  startup_stm32g474xx.o(.text)
    DMA2_Channel8_IRQHandler                 0x080002d3   Thumb Code     0  startup_stm32g474xx.o(.text)
    DMAMUX_OVR_IRQHandler                    0x080002d3   Thumb Code     0  startup_stm32g474xx.o(.text)
    EXTI0_IRQHandler                         0x080002d3   Thumb Code     0  startup_stm32g474xx.o(.text)
    EXTI1_IRQHandler                         0x080002d3   Thumb Code     0  startup_stm32g474xx.o(.text)
    EXTI2_IRQHandler                         0x080002d3   Thumb Code     0  startup_stm32g474xx.o(.text)
    EXTI3_IRQHandler                         0x080002d3   Thumb Code     0  startup_stm32g474xx.o(.text)
    EXTI4_IRQHandler                         0x080002d3   Thumb Code     0  startup_stm32g474xx.o(.text)
    EXTI9_5_IRQHandler                       0x080002d3   Thumb Code     0  startup_stm32g474xx.o(.text)
    FDCAN1_IT0_IRQHandler                    0x080002d3   Thumb Code     0  startup_stm32g474xx.o(.text)
    FDCAN1_IT1_IRQHandler                    0x080002d3   Thumb Code     0  startup_stm32g474xx.o(.text)
    FDCAN2_IT0_IRQHandler                    0x080002d3   Thumb Code     0  startup_stm32g474xx.o(.text)
    FDCAN2_IT1_IRQHandler                    0x080002d3   Thumb Code     0  startup_stm32g474xx.o(.text)
    FDCAN3_IT0_IRQHandler                    0x080002d3   Thumb Code     0  startup_stm32g474xx.o(.text)
    FDCAN3_IT1_IRQHandler                    0x080002d3   Thumb Code     0  startup_stm32g474xx.o(.text)
    FLASH_IRQHandler                         0x080002d3   Thumb Code     0  startup_stm32g474xx.o(.text)
    FMAC_IRQHandler                          0x080002d3   Thumb Code     0  startup_stm32g474xx.o(.text)
    FMC_IRQHandler                           0x080002d3   Thumb Code     0  startup_stm32g474xx.o(.text)
    FPU_IRQHandler                           0x080002d3   Thumb Code     0  startup_stm32g474xx.o(.text)
    HRTIM1_FLT_IRQHandler                    0x080002d3   Thumb Code     0  startup_stm32g474xx.o(.text)
    HRTIM1_Master_IRQHandler                 0x080002d3   Thumb Code     0  startup_stm32g474xx.o(.text)
    HRTIM1_TIMA_IRQHandler                   0x080002d3   Thumb Code     0  startup_stm32g474xx.o(.text)
    HRTIM1_TIMB_IRQHandler                   0x080002d3   Thumb Code     0  startup_stm32g474xx.o(.text)
    HRTIM1_TIMC_IRQHandler                   0x080002d3   Thumb Code     0  startup_stm32g474xx.o(.text)
    HRTIM1_TIMD_IRQHandler                   0x080002d3   Thumb Code     0  startup_stm32g474xx.o(.text)
    HRTIM1_TIME_IRQHandler                   0x080002d3   Thumb Code     0  startup_stm32g474xx.o(.text)
    HRTIM1_TIMF_IRQHandler                   0x080002d3   Thumb Code     0  startup_stm32g474xx.o(.text)
    I2C1_ER_IRQHandler                       0x080002d3   Thumb Code     0  startup_stm32g474xx.o(.text)
    I2C1_EV_IRQHandler                       0x080002d3   Thumb Code     0  startup_stm32g474xx.o(.text)
    I2C2_ER_IRQHandler                       0x080002d3   Thumb Code     0  startup_stm32g474xx.o(.text)
    I2C2_EV_IRQHandler                       0x080002d3   Thumb Code     0  startup_stm32g474xx.o(.text)
    I2C3_ER_IRQHandler                       0x080002d3   Thumb Code     0  startup_stm32g474xx.o(.text)
    I2C3_EV_IRQHandler                       0x080002d3   Thumb Code     0  startup_stm32g474xx.o(.text)
    I2C4_ER_IRQHandler                       0x080002d3   Thumb Code     0  startup_stm32g474xx.o(.text)
    I2C4_EV_IRQHandler                       0x080002d3   Thumb Code     0  startup_stm32g474xx.o(.text)
    LPTIM1_IRQHandler                        0x080002d3   Thumb Code     0  startup_stm32g474xx.o(.text)
    LPUART1_IRQHandler                       0x080002d3   Thumb Code     0  startup_stm32g474xx.o(.text)
    PVD_PVM_IRQHandler                       0x080002d3   Thumb Code     0  startup_stm32g474xx.o(.text)
    QUADSPI_IRQHandler                       0x080002d3   Thumb Code     0  startup_stm32g474xx.o(.text)
    RCC_IRQHandler                           0x080002d3   Thumb Code     0  startup_stm32g474xx.o(.text)
    RNG_IRQHandler                           0x080002d3   Thumb Code     0  startup_stm32g474xx.o(.text)
    RTC_Alarm_IRQHandler                     0x080002d3   Thumb Code     0  startup_stm32g474xx.o(.text)
    RTC_TAMP_LSECSS_IRQHandler               0x080002d3   Thumb Code     0  startup_stm32g474xx.o(.text)
    RTC_WKUP_IRQHandler                      0x080002d3   Thumb Code     0  startup_stm32g474xx.o(.text)
    SAI1_IRQHandler                          0x080002d3   Thumb Code     0  startup_stm32g474xx.o(.text)
    SPI1_IRQHandler                          0x080002d3   Thumb Code     0  startup_stm32g474xx.o(.text)
    SPI2_IRQHandler                          0x080002d3   Thumb Code     0  startup_stm32g474xx.o(.text)
    SPI3_IRQHandler                          0x080002d3   Thumb Code     0  startup_stm32g474xx.o(.text)
    SPI4_IRQHandler                          0x080002d3   Thumb Code     0  startup_stm32g474xx.o(.text)
    TIM1_BRK_TIM15_IRQHandler                0x080002d3   Thumb Code     0  startup_stm32g474xx.o(.text)
    TIM1_CC_IRQHandler                       0x080002d3   Thumb Code     0  startup_stm32g474xx.o(.text)
    TIM1_TRG_COM_TIM17_IRQHandler            0x080002d3   Thumb Code     0  startup_stm32g474xx.o(.text)
    TIM1_UP_TIM16_IRQHandler                 0x080002d3   Thumb Code     0  startup_stm32g474xx.o(.text)
    TIM20_BRK_IRQHandler                     0x080002d3   Thumb Code     0  startup_stm32g474xx.o(.text)
    TIM20_CC_IRQHandler                      0x080002d3   Thumb Code     0  startup_stm32g474xx.o(.text)
    TIM20_TRG_COM_IRQHandler                 0x080002d3   Thumb Code     0  startup_stm32g474xx.o(.text)
    TIM20_UP_IRQHandler                      0x080002d3   Thumb Code     0  startup_stm32g474xx.o(.text)
    TIM2_IRQHandler                          0x080002d3   Thumb Code     0  startup_stm32g474xx.o(.text)
    TIM3_IRQHandler                          0x080002d3   Thumb Code     0  startup_stm32g474xx.o(.text)
    TIM4_IRQHandler                          0x080002d3   Thumb Code     0  startup_stm32g474xx.o(.text)
    TIM5_IRQHandler                          0x080002d3   Thumb Code     0  startup_stm32g474xx.o(.text)
    TIM6_DAC_IRQHandler                      0x080002d3   Thumb Code     0  startup_stm32g474xx.o(.text)
    TIM7_DAC_IRQHandler                      0x080002d3   Thumb Code     0  startup_stm32g474xx.o(.text)
    TIM8_BRK_IRQHandler                      0x080002d3   Thumb Code     0  startup_stm32g474xx.o(.text)
    TIM8_CC_IRQHandler                       0x080002d3   Thumb Code     0  startup_stm32g474xx.o(.text)
    TIM8_TRG_COM_IRQHandler                  0x080002d3   Thumb Code     0  startup_stm32g474xx.o(.text)
    TIM8_UP_IRQHandler                       0x080002d3   Thumb Code     0  startup_stm32g474xx.o(.text)
    UART4_IRQHandler                         0x080002d3   Thumb Code     0  startup_stm32g474xx.o(.text)
    UART5_IRQHandler                         0x080002d3   Thumb Code     0  startup_stm32g474xx.o(.text)
    UCPD1_IRQHandler                         0x080002d3   Thumb Code     0  startup_stm32g474xx.o(.text)
    USART2_IRQHandler                        0x080002d3   Thumb Code     0  startup_stm32g474xx.o(.text)
    USART3_IRQHandler                        0x080002d3   Thumb Code     0  startup_stm32g474xx.o(.text)
    USBWakeUp_IRQHandler                     0x080002d3   Thumb Code     0  startup_stm32g474xx.o(.text)
    USB_HP_IRQHandler                        0x080002d3   Thumb Code     0  startup_stm32g474xx.o(.text)
    USB_LP_IRQHandler                        0x080002d3   Thumb Code     0  startup_stm32g474xx.o(.text)
    WWDG_IRQHandler                          0x080002d3   Thumb Code     0  startup_stm32g474xx.o(.text)
    __user_initial_stackheap                 0x080002d5   Thumb Code     0  startup_stm32g474xx.o(.text)
    __aeabi_uldivmod                         0x080002f9   Thumb Code     0  lludivv7m.o(.text)
    _ll_udiv                                 0x080002f9   Thumb Code   238  lludivv7m.o(.text)
    __aeabi_memclr4                          0x080003e7   Thumb Code     0  rt_memclr_w.o(.text)
    __aeabi_memclr8                          0x080003e7   Thumb Code     0  rt_memclr_w.o(.text)
    __rt_memclr_w                            0x080003e7   Thumb Code    78  rt_memclr_w.o(.text)
    _memset_w                                0x080003eb   Thumb Code     0  rt_memclr_w.o(.text)
    __use_two_region_memory                  0x08000435   Thumb Code     2  heapauxi.o(.text)
    __rt_heap_escrow$2region                 0x08000437   Thumb Code     2  heapauxi.o(.text)
    __rt_heap_expand$2region                 0x08000439   Thumb Code     2  heapauxi.o(.text)
    __user_libspace                          0x0800043d   Thumb Code     8  libspace.o(.text)
    __user_perproc_libspace                  0x0800043d   Thumb Code     0  libspace.o(.text)
    __user_perthread_libspace                0x0800043d   Thumb Code     0  libspace.o(.text)
    __user_setup_stackheap                   0x08000445   Thumb Code    74  sys_stackheap_outer.o(.text)
    exit                                     0x0800048f   Thumb Code    18  exit.o(.text)
    _sys_exit                                0x080004a1   Thumb Code     8  sys_exit.o(.text)
    __I$use$semihosting                      0x080004ad   Thumb Code     0  use_no_semi.o(.text)
    __use_no_semihosting_swi                 0x080004ad   Thumb Code     2  use_no_semi.o(.text)
    __semihosting_library_function           0x080004af   Thumb Code     0  indicate_semi.o(.text)
    AD9959_Modulation_Init                   0x080004b1   Thumb Code   146  ad9959.o(i.AD9959_Modulation_Init)
    AD9959_SetASK                            0x08000549   Thumb Code    66  ad9959.o(i.AD9959_SetASK)
    AD9959_SetAmp_Sweep                      0x0800058b   Thumb Code   100  ad9959.o(i.AD9959_SetAmp_Sweep)
    AD9959_SetFSK                            0x080005ef   Thumb Code    58  ad9959.o(i.AD9959_SetFSK)
    AD9959_SetFre_Sweep                      0x08000629   Thumb Code   130  ad9959.o(i.AD9959_SetFre_Sweep)
    AD9959_SetPSK                            0x080006b1   Thumb Code    58  ad9959.o(i.AD9959_SetPSK)
    AD9959_SetPhase_Sweep                    0x080006eb   Thumb Code    84  ad9959.o(i.AD9959_SetPhase_Sweep)
    AD9959_Set_Amp                           0x0800073f   Thumb Code    30  ad9959.o(i.AD9959_Set_Amp)
    AD9959_Set_Fre                           0x0800075d   Thumb Code    30  ad9959.o(i.AD9959_Set_Fre)
    AD9959_Set_Phase                         0x0800077b   Thumb Code    30  ad9959.o(i.AD9959_Set_Phase)
    AD9959_WriteData                         0x08000799   Thumb Code   206  ad9959.o(i.AD9959_WriteData)
    BusFault_Handler                         0x0800086d   Thumb Code     2  stm32g4xx_it.o(i.BusFault_Handler)
    DebugMon_Handler                         0x0800086f   Thumb Code     2  stm32g4xx_it.o(i.DebugMon_Handler)
    EXTI15_10_IRQHandler                     0x08000871   Thumb Code     8  stm32g4xx_it.o(i.EXTI15_10_IRQHandler)
    Error_Handler                            0x08000879   Thumb Code     4  main.o(i.Error_Handler)
    HAL_DMA_Abort                            0x0800087d   Thumb Code   106  stm32g4xx_hal_dma.o(i.HAL_DMA_Abort)
    HAL_DMA_Abort_IT                         0x080008e7   Thumb Code   120  stm32g4xx_hal_dma.o(i.HAL_DMA_Abort_IT)
    HAL_Delay                                0x08000961   Thumb Code    32  stm32g4xx_hal.o(i.HAL_Delay)
    HAL_GPIO_EXTI_Callback                   0x08000985   Thumb Code    18  main.o(i.HAL_GPIO_EXTI_Callback)
    HAL_GPIO_EXTI_IRQHandler                 0x0800099d   Thumb Code    18  stm32g4xx_hal_gpio.o(i.HAL_GPIO_EXTI_IRQHandler)
    HAL_GPIO_Init                            0x080009b5   Thumb Code   550  stm32g4xx_hal_gpio.o(i.HAL_GPIO_Init)
    HAL_GPIO_ReadPin                         0x08000bfd   Thumb Code    10  stm32g4xx_hal_gpio.o(i.HAL_GPIO_ReadPin)
    HAL_GPIO_WritePin                        0x08000c07   Thumb Code    10  stm32g4xx_hal_gpio.o(i.HAL_GPIO_WritePin)
    HAL_GetTick                              0x08000c11   Thumb Code     6  stm32g4xx_hal.o(i.HAL_GetTick)
    HAL_IncTick                              0x08000c1d   Thumb Code    22  main.o(i.HAL_IncTick)
    HAL_Init                                 0x08000c3d   Thumb Code    30  stm32g4xx_hal.o(i.HAL_Init)
    HAL_InitTick                             0x08000c5d   Thumb Code    58  stm32g4xx_hal.o(i.HAL_InitTick)
    HAL_MspInit                              0x08000ca1   Thumb Code    42  stm32g4xx_hal_msp.o(i.HAL_MspInit)
    HAL_NVIC_EnableIRQ                       0x08000cd1   Thumb Code    26  stm32g4xx_hal_cortex.o(i.HAL_NVIC_EnableIRQ)
    HAL_NVIC_SetPriority                     0x08000ced   Thumb Code    60  stm32g4xx_hal_cortex.o(i.HAL_NVIC_SetPriority)
    HAL_NVIC_SetPriorityGrouping             0x08000d2d   Thumb Code    26  stm32g4xx_hal_cortex.o(i.HAL_NVIC_SetPriorityGrouping)
    HAL_PWREx_ControlVoltageScaling          0x08000d51   Thumb Code   174  stm32g4xx_hal_pwr_ex.o(i.HAL_PWREx_ControlVoltageScaling)
    HAL_PWREx_DisableUCPDDeadBattery         0x08000e0d   Thumb Code    12  stm32g4xx_hal_pwr_ex.o(i.HAL_PWREx_DisableUCPDDeadBattery)
    HAL_RCCEx_PeriphCLKConfig                0x08000e1d   Thumb Code   758  stm32g4xx_hal_rcc_ex.o(i.HAL_RCCEx_PeriphCLKConfig)
    HAL_RCC_ClockConfig                      0x0800111d   Thumb Code   444  stm32g4xx_hal_rcc.o(i.HAL_RCC_ClockConfig)
    HAL_RCC_GetPCLK1Freq                     0x080012f9   Thumb Code    24  stm32g4xx_hal_rcc.o(i.HAL_RCC_GetPCLK1Freq)
    HAL_RCC_GetPCLK2Freq                     0x0800131d   Thumb Code    24  stm32g4xx_hal_rcc.o(i.HAL_RCC_GetPCLK2Freq)
    HAL_RCC_GetSysClockFreq                  0x08001341   Thumb Code    98  stm32g4xx_hal_rcc.o(i.HAL_RCC_GetSysClockFreq)
    HAL_RCC_OscConfig                        0x080013b1   Thumb Code  1028  stm32g4xx_hal_rcc.o(i.HAL_RCC_OscConfig)
    HAL_SYSTICK_CLKSourceConfig              0x080017b5   Thumb Code    24  stm32g4xx_hal_cortex.o(i.HAL_SYSTICK_CLKSourceConfig)
    HAL_SYSTICK_Config                       0x080017cd   Thumb Code    40  stm32g4xx_hal_cortex.o(i.HAL_SYSTICK_Config)
    HAL_UARTEx_DisableFifoMode               0x080017f5   Thumb Code    62  stm32g4xx_hal_uart_ex.o(i.HAL_UARTEx_DisableFifoMode)
    HAL_UARTEx_RxEventCallback               0x08001833   Thumb Code     2  stm32g4xx_hal_uart.o(i.HAL_UARTEx_RxEventCallback)
    HAL_UARTEx_RxFifoFullCallback            0x08001835   Thumb Code     2  stm32g4xx_hal_uart_ex.o(i.HAL_UARTEx_RxFifoFullCallback)
    HAL_UARTEx_SetRxFifoThreshold            0x08001837   Thumb Code    76  stm32g4xx_hal_uart_ex.o(i.HAL_UARTEx_SetRxFifoThreshold)
    HAL_UARTEx_SetTxFifoThreshold            0x08001883   Thumb Code    76  stm32g4xx_hal_uart_ex.o(i.HAL_UARTEx_SetTxFifoThreshold)
    HAL_UARTEx_TxFifoEmptyCallback           0x080018cf   Thumb Code     2  stm32g4xx_hal_uart_ex.o(i.HAL_UARTEx_TxFifoEmptyCallback)
    HAL_UARTEx_WakeupCallback                0x080018d1   Thumb Code     2  stm32g4xx_hal_uart_ex.o(i.HAL_UARTEx_WakeupCallback)
    HAL_UART_ErrorCallback                   0x080018d3   Thumb Code     2  stm32g4xx_hal_uart.o(i.HAL_UART_ErrorCallback)
    HAL_UART_IRQHandler                      0x080018d5   Thumb Code   782  stm32g4xx_hal_uart.o(i.HAL_UART_IRQHandler)
    HAL_UART_Init                            0x08001bf1   Thumb Code   106  stm32g4xx_hal_uart.o(i.HAL_UART_Init)
    HAL_UART_MspInit                         0x08001c5d   Thumb Code   128  usart.o(i.HAL_UART_MspInit)
    HAL_UART_TxCpltCallback                  0x08001ce9   Thumb Code     2  stm32g4xx_hal_uart.o(i.HAL_UART_TxCpltCallback)
    HardFault_Handler                        0x08001ceb   Thumb Code     2  stm32g4xx_it.o(i.HardFault_Handler)
    I2C_WriteByte                            0x08001ced   Thumb Code    48  oled_i2c.o(i.I2C_WriteByte)
    IIC_Init                                 0x08001d1d   Thumb Code    28  myiic.o(i.IIC_Init)
    IIC_Send_Byte                            0x08001d3d   Thumb Code   116  myiic.o(i.IIC_Send_Byte)
    IIC_Start                                0x08001db5   Thumb Code    80  myiic.o(i.IIC_Start)
    IIC_Stop                                 0x08001e09   Thumb Code    82  myiic.o(i.IIC_Stop)
    IIC_Wait_Ack                             0x08001e61   Thumb Code   102  myiic.o(i.IIC_Wait_Ack)
    IO_Update                                0x08001ecd   Thumb Code    50  ad9959.o(i.IO_Update)
    MX_GPIO_Init                             0x08001f05   Thumb Code   270  gpio.o(i.MX_GPIO_Init)
    MX_USART1_UART_Init                      0x08002021   Thumb Code    94  usart.o(i.MX_USART1_UART_Init)
    MemManage_Handler                        0x08002089   Thumb Code     2  stm32g4xx_it.o(i.MemManage_Handler)
    MyUSART1_IRQHandler                      0x0800208d   Thumb Code    40  myusart1.o(i.MyUSART1_IRQHandler)
    MyUSART1_Init                            0x080020c1   Thumb Code    16  myusart1.o(i.MyUSART1_Init)
    NMI_Handler                              0x080020d5   Thumb Code     2  stm32g4xx_it.o(i.NMI_Handler)
    OLED_CLS                                 0x080020d7   Thumb Code     6  oled_i2c.o(i.OLED_CLS)
    OLED_Fill                                0x080020dd   Thumb Code    56  oled_i2c.o(i.OLED_Fill)
    OLED_Init                                0x08002115   Thumb Code   194  oled_i2c.o(i.OLED_Init)
    OLED_SetPos                              0x080021dd   Thumb Code    38  oled_i2c.o(i.OLED_SetPos)
    OLED_ShowStr                             0x08002205   Thumb Code   208  oled_i2c.o(i.OLED_ShowStr)
    PendSV_Handler                           0x080022dd   Thumb Code     2  stm32g4xx_it.o(i.PendSV_Handler)
    SVC_Handler                              0x080022df   Thumb Code     2  stm32g4xx_it.o(i.SVC_Handler)
    SysTick_Handler                          0x080022e1   Thumb Code     4  stm32g4xx_it.o(i.SysTick_Handler)
    SystemClock_Config                       0x080022e5   Thumb Code   102  main.o(i.SystemClock_Config)
    SystemInit                               0x0800234d   Thumb Code    12  system_stm32g4xx.o(i.SystemInit)
    UART_AdvFeatureConfig                    0x080023a1   Thumb Code   200  stm32g4xx_hal_uart.o(i.UART_AdvFeatureConfig)
    UART_CheckIdleState                      0x08002469   Thumb Code   172  stm32g4xx_hal_uart.o(i.UART_CheckIdleState)
    UART_SetConfig                           0x08002579   Thumb Code   614  stm32g4xx_hal_uart.o(i.UART_SetConfig)
    UART_WaitOnFlagUntilTimeout              0x08002811   Thumb Code   148  stm32g4xx_hal_uart.o(i.UART_WaitOnFlagUntilTimeout)
    USART1_IRQHandler                        0x080028a5   Thumb Code    18  stm32g4xx_it.o(i.USART1_IRQHandler)
    UsageFault_Handler                       0x080028c1   Thumb Code     2  stm32g4xx_it.o(i.UsageFault_Handler)
    WriteCmd                                 0x080028c3   Thumb Code     8  oled_i2c.o(i.WriteCmd)
    WriteDat                                 0x080028cb   Thumb Code     8  oled_i2c.o(i.WriteDat)
    Write_ACR                                0x080028d3   Thumb Code    32  ad9959.o(i.Write_ACR)
    Write_CFTW0                              0x080028f5   Thumb Code    70  ad9959.o(i.Write_CFTW0)
    Write_CPOW0                              0x08002941   Thumb Code    28  ad9959.o(i.Write_CPOW0)
    Write_FDW                                0x0800295d   Thumb Code    40  ad9959.o(i.Write_FDW)
    Write_LSRR                               0x08002985   Thumb Code    26  ad9959.o(i.Write_LSRR)
    Write_Profile_Ampli                      0x0800299f   Thumb Code    32  ad9959.o(i.Write_Profile_Ampli)
    Write_Profile_Fre                        0x080029c1   Thumb Code    76  ad9959.o(i.Write_Profile_Fre)
    Write_Profile_Phase                      0x08002a11   Thumb Code    32  ad9959.o(i.Write_Profile_Phase)
    Write_RDW                                0x08002a31   Thumb Code    40  ad9959.o(i.Write_RDW)
    delay1                                   0x08002a79   Thumb Code    12  ad9959.o(i.delay1)
    delay_init                               0x08002a85   Thumb Code    16  delay.o(i.delay_init)
    delay_ms                                 0x08002a99   Thumb Code    10  delay.o(i.delay_ms)
    delay_us                                 0x08002aa5   Thumb Code    48  delay.o(i.delay_us)
    main                                     0x08002ad9   Thumb Code  5758  main.o(i.main)
    __aeabi_d2uiz                            0x08004161   Thumb Code     0  dfixu.o(x$fpl$dfixu)
    _dfixu                                   0x08004161   Thumb Code    90  dfixu.o(x$fpl$dfixu)
    __aeabi_ui2d                             0x080041bb   Thumb Code     0  dflt_clz.o(x$fpl$dfltu)
    _dfltu                                   0x080041bb   Thumb Code    38  dflt_clz.o(x$fpl$dfltu)
    __aeabi_dmul                             0x080041e1   Thumb Code     0  dmul.o(x$fpl$dmul)
    _dmul                                    0x080041e1   Thumb Code   332  dmul.o(x$fpl$dmul)
    __fpl_dnaninf                            0x08004335   Thumb Code   156  dnaninf.o(x$fpl$dnaninf)
    __fpl_dretinf                            0x080043d1   Thumb Code    12  dretinf.o(x$fpl$dretinf)
    _fp_init                                 0x080043dd   Thumb Code    10  fpinit.o(x$fpl$fpinit)
    __fplib_config_fpu_vfp                   0x080043e5   Thumb Code     0  fpinit.o(x$fpl$fpinit)
    __fplib_config_pureend_doubles           0x080043e5   Thumb Code     0  fpinit.o(x$fpl$fpinit)
    UARTPrescTable                           0x080043e6   Data          24  stm32g4xx_hal_uart.o(.constdata)
    __I$use$fp                               0x080043e6   Number         0  usenofp.o(x$fpl$usenofp)
    AHBPrescTable                            0x0800440e   Data          16  system_stm32g4xx.o(.constdata)
    APBPrescTable                            0x0800441e   Data           8  system_stm32g4xx.o(.constdata)
    F6x8                                     0x0800442e   Data         558  oled_i2c.o(.constdata)
    F8X16                                    0x0800465c   Data        1520  oled_i2c.o(.constdata)
    Region$$Table$$Base                      0x08004c4c   Number         0  anon$$obj.o(Region$$Table)
    Region$$Table$$Limit                     0x08004c6c   Number         0  anon$$obj.o(Region$$Table)
    mode_change_flag                         0x20000000   Data           1  main.o(.data)
    mode_cnt                                 0x20000001   Data           1  main.o(.data)
    uwTickPrio                               0x20000004   Data           4  stm32g4xx_hal.o(.data)
    uwTickFreq                               0x20000008   Data           4  stm32g4xx_hal.o(.data)
    uwTick                                   0x2000000c   Data           4  stm32g4xx_hal.o(.data)
    SystemCoreClock                          0x20000010   Data           4  system_stm32g4xx.o(.data)
    RevState                                 0x20000016   Data           1  oled_i2c.o(.data)
    brightness                               0x20000017   Data           1  oled_i2c.o(.data)
    isScrolling                              0x20000018   Data           1  oled_i2c.o(.data)
    F16x16                                   0x20000019   Data         544  oled_i2c.o(.data)
    MyUSART1_bufferOverflowFlag              0x2000023c   Data           1  myusart1.o(.data)
    MyUSART1_bufferPos                       0x20000240   Data           4  myusart1.o(.data)
    MyUSART1_dummyHandle                     0x20000244   Data           4  myusart1.o(.data)
    FR2_DATA                                 0x20000248   Data           2  ad9959.o(.data)
    FR1_DATA                                 0x2000024a   Data           3  ad9959.o(.data)
    CFR_DATA                                 0x2000024d   Data           3  ad9959.o(.data)
    ACC_FRE_FACTOR                           0x20000250   Data           8  ad9959.o(.data)
    FSK_fre_ch0                              0x20000258   Data          64  main.o(.bss)
    FSK_fre_ch1                              0x20000298   Data          64  main.o(.bss)
    FSK_fre_ch2                              0x200002d8   Data          64  main.o(.bss)
    FSK_fre_ch3                              0x20000318   Data          64  main.o(.bss)
    ASK_amp_ch0                              0x20000358   Data          32  main.o(.bss)
    ASK_amp_ch1                              0x20000378   Data          32  main.o(.bss)
    ASK_amp_ch2                              0x20000398   Data          32  main.o(.bss)
    ASK_amp_ch3                              0x200003b8   Data          32  main.o(.bss)
    PSK_phase_ch0                            0x200003d8   Data          32  main.o(.bss)
    PSK_phase_ch1                            0x200003f8   Data          32  main.o(.bss)
    PSK_phase_ch2                            0x20000418   Data          32  main.o(.bss)
    PSK_phase_ch3                            0x20000438   Data          32  main.o(.bss)
    huart1                                   0x20000458   Data         148  usart.o(.bss)
    MyUSART1_buffer                          0x200004ec   Data         100  myusart1.o(.bss)
    __libspace_start                         0x20000550   Data          96  libspace.o(.bss)
    __temporary_stack_top$libspace           0x200005b0   Data           0  libspace.o(.bss)



==============================================================================

Memory Map of the image

  Image Entry point : 0x080001d9

  Load Region LR_IROM1 (Base: 0x08000000, Size: 0x00004ec4, Max: 0x00080000, ABSOLUTE, COMPRESSED[0x00004e38])

    Execution Region ER_IROM1 (Exec base: 0x08000000, Load base: 0x08000000, Size: 0x00004c6c, Max: 0x00080000, ABSOLUTE)

    Exec Addr    Load Addr    Size         Type   Attr      Idx    E Section Name        Object

    0x08000000   0x08000000   0x000001d8   Data   RO            3    RESET               startup_stm32g474xx.o
    0x080001d8   0x080001d8   0x00000008   Code   RO         3194  * !!!main             c_w.l(__main.o)
    0x080001e0   0x080001e0   0x00000034   Code   RO         3434    !!!scatter          c_w.l(__scatter.o)
    0x08000214   0x08000214   0x0000005a   Code   RO         3432    !!dczerorl2         c_w.l(__dczerorl2.o)
    0x0800026e   0x0800026e   0x00000002   PAD
    0x08000270   0x08000270   0x0000001c   Code   RO         3436    !!handler_zi        c_w.l(__scatter_zi.o)
    0x0800028c   0x0800028c   0x00000002   Code   RO         3305    .ARM.Collect$$libinit$$00000000  c_w.l(libinit.o)
    0x0800028e   0x0800028e   0x00000004   Code   RO         3306    .ARM.Collect$$libinit$$00000001  c_w.l(libinit2.o)
    0x08000292   0x08000292   0x00000000   Code   RO         3309    .ARM.Collect$$libinit$$00000004  c_w.l(libinit2.o)
    0x08000292   0x08000292   0x00000000   Code   RO         3312    .ARM.Collect$$libinit$$0000000A  c_w.l(libinit2.o)
    0x08000292   0x08000292   0x00000000   Code   RO         3314    .ARM.Collect$$libinit$$0000000C  c_w.l(libinit2.o)
    0x08000292   0x08000292   0x00000000   Code   RO         3316    .ARM.Collect$$libinit$$0000000E  c_w.l(libinit2.o)
    0x08000292   0x08000292   0x00000000   Code   RO         3319    .ARM.Collect$$libinit$$00000011  c_w.l(libinit2.o)
    0x08000292   0x08000292   0x00000000   Code   RO         3321    .ARM.Collect$$libinit$$00000013  c_w.l(libinit2.o)
    0x08000292   0x08000292   0x00000000   Code   RO         3323    .ARM.Collect$$libinit$$00000015  c_w.l(libinit2.o)
    0x08000292   0x08000292   0x00000000   Code   RO         3325    .ARM.Collect$$libinit$$00000017  c_w.l(libinit2.o)
    0x08000292   0x08000292   0x00000000   Code   RO         3327    .ARM.Collect$$libinit$$00000019  c_w.l(libinit2.o)
    0x08000292   0x08000292   0x00000000   Code   RO         3329    .ARM.Collect$$libinit$$0000001B  c_w.l(libinit2.o)
    0x08000292   0x08000292   0x00000000   Code   RO         3331    .ARM.Collect$$libinit$$0000001D  c_w.l(libinit2.o)
    0x08000292   0x08000292   0x00000000   Code   RO         3333    .ARM.Collect$$libinit$$0000001F  c_w.l(libinit2.o)
    0x08000292   0x08000292   0x00000000   Code   RO         3335    .ARM.Collect$$libinit$$00000021  c_w.l(libinit2.o)
    0x08000292   0x08000292   0x00000000   Code   RO         3337    .ARM.Collect$$libinit$$00000023  c_w.l(libinit2.o)
    0x08000292   0x08000292   0x00000000   Code   RO         3339    .ARM.Collect$$libinit$$00000025  c_w.l(libinit2.o)
    0x08000292   0x08000292   0x00000000   Code   RO         3343    .ARM.Collect$$libinit$$0000002C  c_w.l(libinit2.o)
    0x08000292   0x08000292   0x00000000   Code   RO         3345    .ARM.Collect$$libinit$$0000002E  c_w.l(libinit2.o)
    0x08000292   0x08000292   0x00000000   Code   RO         3347    .ARM.Collect$$libinit$$00000030  c_w.l(libinit2.o)
    0x08000292   0x08000292   0x00000000   Code   RO         3349    .ARM.Collect$$libinit$$00000032  c_w.l(libinit2.o)
    0x08000292   0x08000292   0x00000002   Code   RO         3350    .ARM.Collect$$libinit$$00000033  c_w.l(libinit2.o)
    0x08000294   0x08000294   0x00000002   Code   RO         3397    .ARM.Collect$$libshutdown$$00000000  c_w.l(libshutdown.o)
    0x08000296   0x08000296   0x00000000   Code   RO         3415    .ARM.Collect$$libshutdown$$00000002  c_w.l(libshutdown2.o)
    0x08000296   0x08000296   0x00000000   Code   RO         3417    .ARM.Collect$$libshutdown$$00000004  c_w.l(libshutdown2.o)
    0x08000296   0x08000296   0x00000000   Code   RO         3420    .ARM.Collect$$libshutdown$$00000007  c_w.l(libshutdown2.o)
    0x08000296   0x08000296   0x00000000   Code   RO         3423    .ARM.Collect$$libshutdown$$0000000A  c_w.l(libshutdown2.o)
    0x08000296   0x08000296   0x00000000   Code   RO         3425    .ARM.Collect$$libshutdown$$0000000C  c_w.l(libshutdown2.o)
    0x08000296   0x08000296   0x00000000   Code   RO         3428    .ARM.Collect$$libshutdown$$0000000F  c_w.l(libshutdown2.o)
    0x08000296   0x08000296   0x00000002   Code   RO         3429    .ARM.Collect$$libshutdown$$00000010  c_w.l(libshutdown2.o)
    0x08000298   0x08000298   0x00000000   Code   RO         3210    .ARM.Collect$$rtentry$$00000000  c_w.l(__rtentry.o)
    0x08000298   0x08000298   0x00000000   Code   RO         3228    .ARM.Collect$$rtentry$$00000002  c_w.l(__rtentry2.o)
    0x08000298   0x08000298   0x00000006   Code   RO         3240    .ARM.Collect$$rtentry$$00000004  c_w.l(__rtentry4.o)
    0x0800029e   0x0800029e   0x00000000   Code   RO         3230    .ARM.Collect$$rtentry$$00000009  c_w.l(__rtentry2.o)
    0x0800029e   0x0800029e   0x00000004   Code   RO         3231    .ARM.Collect$$rtentry$$0000000A  c_w.l(__rtentry2.o)
    0x080002a2   0x080002a2   0x00000000   Code   RO         3233    .ARM.Collect$$rtentry$$0000000C  c_w.l(__rtentry2.o)
    0x080002a2   0x080002a2   0x00000008   Code   RO         3234    .ARM.Collect$$rtentry$$0000000D  c_w.l(__rtentry2.o)
    0x080002aa   0x080002aa   0x00000002   Code   RO         3351    .ARM.Collect$$rtexit$$00000000  c_w.l(rtexit.o)
    0x080002ac   0x080002ac   0x00000000   Code   RO         3366    .ARM.Collect$$rtexit$$00000002  c_w.l(rtexit2.o)
    0x080002ac   0x080002ac   0x00000004   Code   RO         3367    .ARM.Collect$$rtexit$$00000003  c_w.l(rtexit2.o)
    0x080002b0   0x080002b0   0x00000006   Code   RO         3368    .ARM.Collect$$rtexit$$00000004  c_w.l(rtexit2.o)
    0x080002b6   0x080002b6   0x00000002   PAD
    0x080002b8   0x080002b8   0x00000040   Code   RO            4    .text               startup_stm32g474xx.o
    0x080002f8   0x080002f8   0x000000ee   Code   RO         3158    .text               c_w.l(lludivv7m.o)
    0x080003e6   0x080003e6   0x0000004e   Code   RO         3190    .text               c_w.l(rt_memclr_w.o)
    0x08000434   0x08000434   0x00000006   Code   RO         3192    .text               c_w.l(heapauxi.o)
    0x0800043a   0x0800043a   0x00000002   PAD
    0x0800043c   0x0800043c   0x00000008   Code   RO         3287    .text               c_w.l(libspace.o)
    0x08000444   0x08000444   0x0000004a   Code   RO         3290    .text               c_w.l(sys_stackheap_outer.o)
    0x0800048e   0x0800048e   0x00000012   Code   RO         3292    .text               c_w.l(exit.o)
    0x080004a0   0x080004a0   0x0000000c   Code   RO         3363    .text               c_w.l(sys_exit.o)
    0x080004ac   0x080004ac   0x00000002   Code   RO         3384    .text               c_w.l(use_no_semi.o)
    0x080004ae   0x080004ae   0x00000000   Code   RO         3386    .text               c_w.l(indicate_semi.o)
    0x080004ae   0x080004ae   0x00000002   PAD
    0x080004b0   0x080004b0   0x00000098   Code   RO         2993    i.AD9959_Modulation_Init  ad9959.o
    0x08000548   0x08000548   0x00000042   Code   RO         2994    i.AD9959_SetASK     ad9959.o
    0x0800058a   0x0800058a   0x00000064   Code   RO         2995    i.AD9959_SetAmp_Sweep  ad9959.o
    0x080005ee   0x080005ee   0x0000003a   Code   RO         2996    i.AD9959_SetFSK     ad9959.o
    0x08000628   0x08000628   0x00000088   Code   RO         2997    i.AD9959_SetFre_Sweep  ad9959.o
    0x080006b0   0x080006b0   0x0000003a   Code   RO         2998    i.AD9959_SetPSK     ad9959.o
    0x080006ea   0x080006ea   0x00000054   Code   RO         2999    i.AD9959_SetPhase_Sweep  ad9959.o
    0x0800073e   0x0800073e   0x0000001e   Code   RO         3000    i.AD9959_Set_Amp    ad9959.o
    0x0800075c   0x0800075c   0x0000001e   Code   RO         3001    i.AD9959_Set_Fre    ad9959.o
    0x0800077a   0x0800077a   0x0000001e   Code   RO         3002    i.AD9959_Set_Phase  ad9959.o
    0x08000798   0x08000798   0x000000d4   Code   RO         3003    i.AD9959_WriteData  ad9959.o
    0x0800086c   0x0800086c   0x00000002   Code   RO          251    i.BusFault_Handler  stm32g4xx_it.o
    0x0800086e   0x0800086e   0x00000002   Code   RO          252    i.DebugMon_Handler  stm32g4xx_it.o
    0x08000870   0x08000870   0x00000008   Code   RO          253    i.EXTI15_10_IRQHandler  stm32g4xx_it.o
    0x08000878   0x08000878   0x00000004   Code   RO           13    i.Error_Handler     main.o
    0x0800087c   0x0800087c   0x0000006a   Code   RO         2096    i.HAL_DMA_Abort     stm32g4xx_hal_dma.o
    0x080008e6   0x080008e6   0x00000078   Code   RO         2097    i.HAL_DMA_Abort_IT  stm32g4xx_hal_dma.o
    0x0800095e   0x0800095e   0x00000002   PAD
    0x08000960   0x08000960   0x00000024   Code   RO         1233    i.HAL_Delay         stm32g4xx_hal.o
    0x08000984   0x08000984   0x00000018   Code   RO           14    i.HAL_GPIO_EXTI_Callback  main.o
    0x0800099c   0x0800099c   0x00000018   Code   RO         1957    i.HAL_GPIO_EXTI_IRQHandler  stm32g4xx_hal_gpio.o
    0x080009b4   0x080009b4   0x00000248   Code   RO         1958    i.HAL_GPIO_Init     stm32g4xx_hal_gpio.o
    0x08000bfc   0x08000bfc   0x0000000a   Code   RO         1960    i.HAL_GPIO_ReadPin  stm32g4xx_hal_gpio.o
    0x08000c06   0x08000c06   0x0000000a   Code   RO         1962    i.HAL_GPIO_WritePin  stm32g4xx_hal_gpio.o
    0x08000c10   0x08000c10   0x0000000c   Code   RO         1237    i.HAL_GetTick       stm32g4xx_hal.o
    0x08000c1c   0x08000c1c   0x00000020   Code   RO           15    i.HAL_IncTick       main.o
    0x08000c3c   0x08000c3c   0x0000001e   Code   RO         1244    i.HAL_Init          stm32g4xx_hal.o
    0x08000c5a   0x08000c5a   0x00000002   PAD
    0x08000c5c   0x08000c5c   0x00000044   Code   RO         1245    i.HAL_InitTick      stm32g4xx_hal.o
    0x08000ca0   0x08000ca0   0x00000030   Code   RO          338    i.HAL_MspInit       stm32g4xx_hal_msp.o
    0x08000cd0   0x08000cd0   0x0000001a   Code   RO         2367    i.HAL_NVIC_EnableIRQ  stm32g4xx_hal_cortex.o
    0x08000cea   0x08000cea   0x00000002   PAD
    0x08000cec   0x08000cec   0x00000040   Code   RO         2373    i.HAL_NVIC_SetPriority  stm32g4xx_hal_cortex.o
    0x08000d2c   0x08000d2c   0x00000024   Code   RO         2374    i.HAL_NVIC_SetPriorityGrouping  stm32g4xx_hal_cortex.o
    0x08000d50   0x08000d50   0x000000bc   Code   RO          363    i.HAL_PWREx_ControlVoltageScaling  stm32g4xx_hal_pwr_ex.o
    0x08000e0c   0x08000e0c   0x00000010   Code   RO          375    i.HAL_PWREx_DisableUCPDDeadBattery  stm32g4xx_hal_pwr_ex.o
    0x08000e1c   0x08000e1c   0x00000300   Code   RO         1604    i.HAL_RCCEx_PeriphCLKConfig  stm32g4xx_hal_rcc_ex.o
    0x0800111c   0x0800111c   0x000001dc   Code   RO         1479    i.HAL_RCC_ClockConfig  stm32g4xx_hal_rcc.o
    0x080012f8   0x080012f8   0x00000024   Code   RO         1487    i.HAL_RCC_GetPCLK1Freq  stm32g4xx_hal_rcc.o
    0x0800131c   0x0800131c   0x00000024   Code   RO         1488    i.HAL_RCC_GetPCLK2Freq  stm32g4xx_hal_rcc.o
    0x08001340   0x08001340   0x00000070   Code   RO         1489    i.HAL_RCC_GetSysClockFreq  stm32g4xx_hal_rcc.o
    0x080013b0   0x080013b0   0x00000404   Code   RO         1492    i.HAL_RCC_OscConfig  stm32g4xx_hal_rcc.o
    0x080017b4   0x080017b4   0x00000018   Code   RO         2376    i.HAL_SYSTICK_CLKSourceConfig  stm32g4xx_hal_cortex.o
    0x080017cc   0x080017cc   0x00000028   Code   RO         2378    i.HAL_SYSTICK_Config  stm32g4xx_hal_cortex.o
    0x080017f4   0x080017f4   0x0000003e   Code   RO         1108    i.HAL_UARTEx_DisableFifoMode  stm32g4xx_hal_uart_ex.o
    0x08001832   0x08001832   0x00000002   Code   RO          697    i.HAL_UARTEx_RxEventCallback  stm32g4xx_hal_uart.o
    0x08001834   0x08001834   0x00000002   Code   RO         1116    i.HAL_UARTEx_RxFifoFullCallback  stm32g4xx_hal_uart_ex.o
    0x08001836   0x08001836   0x0000004c   Code   RO         1117    i.HAL_UARTEx_SetRxFifoThreshold  stm32g4xx_hal_uart_ex.o
    0x08001882   0x08001882   0x0000004c   Code   RO         1118    i.HAL_UARTEx_SetTxFifoThreshold  stm32g4xx_hal_uart_ex.o
    0x080018ce   0x080018ce   0x00000002   Code   RO         1120    i.HAL_UARTEx_TxFifoEmptyCallback  stm32g4xx_hal_uart_ex.o
    0x080018d0   0x080018d0   0x00000002   Code   RO         1121    i.HAL_UARTEx_WakeupCallback  stm32g4xx_hal_uart_ex.o
    0x080018d2   0x080018d2   0x00000002   Code   RO          713    i.HAL_UART_ErrorCallback  stm32g4xx_hal_uart.o
    0x080018d4   0x080018d4   0x0000031c   Code   RO          716    i.HAL_UART_IRQHandler  stm32g4xx_hal_uart.o
    0x08001bf0   0x08001bf0   0x0000006a   Code   RO          717    i.HAL_UART_Init     stm32g4xx_hal_uart.o
    0x08001c5a   0x08001c5a   0x00000002   PAD
    0x08001c5c   0x08001c5c   0x0000008c   Code   RO          210    i.HAL_UART_MspInit  usart.o
    0x08001ce8   0x08001ce8   0x00000002   Code   RO          729    i.HAL_UART_TxCpltCallback  stm32g4xx_hal_uart.o
    0x08001cea   0x08001cea   0x00000002   Code   RO          254    i.HardFault_Handler  stm32g4xx_it.o
    0x08001cec   0x08001cec   0x00000030   Code   RO         2667    i.I2C_WriteByte     oled_i2c.o
    0x08001d1c   0x08001d1c   0x00000020   Code   RO         2599    i.IIC_Init          myiic.o
    0x08001d3c   0x08001d3c   0x00000078   Code   RO         2602    i.IIC_Send_Byte     myiic.o
    0x08001db4   0x08001db4   0x00000054   Code   RO         2603    i.IIC_Start         myiic.o
    0x08001e08   0x08001e08   0x00000058   Code   RO         2604    i.IIC_Stop          myiic.o
    0x08001e60   0x08001e60   0x0000006c   Code   RO         2605    i.IIC_Wait_Ack      myiic.o
    0x08001ecc   0x08001ecc   0x00000038   Code   RO         3004    i.IO_Update         ad9959.o
    0x08001f04   0x08001f04   0x0000011c   Code   RO          185    i.MX_GPIO_Init      gpio.o
    0x08002020   0x08002020   0x00000068   Code   RO          211    i.MX_USART1_UART_Init  usart.o
    0x08002088   0x08002088   0x00000002   Code   RO          255    i.MemManage_Handler  stm32g4xx_it.o
    0x0800208a   0x0800208a   0x00000002   PAD
    0x0800208c   0x0800208c   0x00000034   Code   RO         2843    i.MyUSART1_IRQHandler  myusart1.o
    0x080020c0   0x080020c0   0x00000014   Code   RO         2844    i.MyUSART1_Init     myusart1.o
    0x080020d4   0x080020d4   0x00000002   Code   RO          256    i.NMI_Handler       stm32g4xx_it.o
    0x080020d6   0x080020d6   0x00000006   Code   RO         2668    i.OLED_CLS          oled_i2c.o
    0x080020dc   0x080020dc   0x00000038   Code   RO         2671    i.OLED_Fill         oled_i2c.o
    0x08002114   0x08002114   0x000000c8   Code   RO         2673    i.OLED_Init         oled_i2c.o
    0x080021dc   0x080021dc   0x00000026   Code   RO         2679    i.OLED_SetPos       oled_i2c.o
    0x08002202   0x08002202   0x00000002   PAD
    0x08002204   0x08002204   0x000000d8   Code   RO         2686    i.OLED_ShowStr      oled_i2c.o
    0x080022dc   0x080022dc   0x00000002   Code   RO          257    i.PendSV_Handler    stm32g4xx_it.o
    0x080022de   0x080022de   0x00000002   Code   RO          258    i.SVC_Handler       stm32g4xx_it.o
    0x080022e0   0x080022e0   0x00000004   Code   RO          259    i.SysTick_Handler   stm32g4xx_it.o
    0x080022e4   0x080022e4   0x00000066   Code   RO           16    i.SystemClock_Config  main.o
    0x0800234a   0x0800234a   0x00000002   PAD
    0x0800234c   0x0800234c   0x00000010   Code   RO         2508    i.SystemInit        system_stm32g4xx.o
    0x0800235c   0x0800235c   0x00000044   Code   RO         1122    i.UARTEx_SetNbDataToProcess  stm32g4xx_hal_uart_ex.o
    0x080023a0   0x080023a0   0x000000c8   Code   RO          731    i.UART_AdvFeatureConfig  stm32g4xx_hal_uart.o
    0x08002468   0x08002468   0x000000ac   Code   RO          732    i.UART_CheckIdleState  stm32g4xx_hal_uart.o
    0x08002514   0x08002514   0x00000010   Code   RO          733    i.UART_DMAAbortOnError  stm32g4xx_hal_uart.o
    0x08002524   0x08002524   0x00000054   Code   RO          743    i.UART_EndRxTransfer  stm32g4xx_hal_uart.o
    0x08002578   0x08002578   0x00000298   Code   RO          749    i.UART_SetConfig    stm32g4xx_hal_uart.o
    0x08002810   0x08002810   0x00000094   Code   RO          756    i.UART_WaitOnFlagUntilTimeout  stm32g4xx_hal_uart.o
    0x080028a4   0x080028a4   0x0000001c   Code   RO          260    i.USART1_IRQHandler  stm32g4xx_it.o
    0x080028c0   0x080028c0   0x00000002   Code   RO          261    i.UsageFault_Handler  stm32g4xx_it.o
    0x080028c2   0x080028c2   0x00000008   Code   RO         2688    i.WriteCmd          oled_i2c.o
    0x080028ca   0x080028ca   0x00000008   Code   RO         2689    i.WriteDat          oled_i2c.o
    0x080028d2   0x080028d2   0x00000020   Code   RO         3007    i.Write_ACR         ad9959.o
    0x080028f2   0x080028f2   0x00000002   PAD
    0x080028f4   0x080028f4   0x0000004c   Code   RO         3008    i.Write_CFTW0       ad9959.o
    0x08002940   0x08002940   0x0000001c   Code   RO         3009    i.Write_CPOW0       ad9959.o
    0x0800295c   0x0800295c   0x00000028   Code   RO         3010    i.Write_FDW         ad9959.o
    0x08002984   0x08002984   0x0000001a   Code   RO         3011    i.Write_LSRR        ad9959.o
    0x0800299e   0x0800299e   0x00000020   Code   RO         3012    i.Write_Profile_Ampli  ad9959.o
    0x080029be   0x080029be   0x00000002   PAD
    0x080029c0   0x080029c0   0x00000050   Code   RO         3013    i.Write_Profile_Fre  ad9959.o
    0x08002a10   0x08002a10   0x00000020   Code   RO         3014    i.Write_Profile_Phase  ad9959.o
    0x08002a30   0x08002a30   0x00000028   Code   RO         3015    i.Write_RDW         ad9959.o
    0x08002a58   0x08002a58   0x00000020   Code   RO         2380    i.__NVIC_SetPriority  stm32g4xx_hal_cortex.o
    0x08002a78   0x08002a78   0x0000000c   Code   RO         3016    i.delay1            ad9959.o
    0x08002a84   0x08002a84   0x00000014   Code   RO         2546    i.delay_init        delay.o
    0x08002a98   0x08002a98   0x0000000a   Code   RO         2547    i.delay_ms          delay.o
    0x08002aa2   0x08002aa2   0x00000002   PAD
    0x08002aa4   0x08002aa4   0x00000034   Code   RO         2549    i.delay_us          delay.o
    0x08002ad8   0x08002ad8   0x00001688   Code   RO           17    i.main              main.o
    0x08004160   0x08004160   0x0000005a   Code   RO         3196    x$fpl$dfixu         fz_wm.l(dfixu.o)
    0x080041ba   0x080041ba   0x00000026   Code   RO         3200    x$fpl$dfltu         fz_wm.l(dflt_clz.o)
    0x080041e0   0x080041e0   0x00000154   Code   RO         3206    x$fpl$dmul          fz_wm.l(dmul.o)
    0x08004334   0x08004334   0x0000009c   Code   RO         3222    x$fpl$dnaninf       fz_wm.l(dnaninf.o)
    0x080043d0   0x080043d0   0x0000000c   Code   RO         3224    x$fpl$dretinf       fz_wm.l(dretinf.o)
    0x080043dc   0x080043dc   0x0000000a   Code   RO         3361    x$fpl$fpinit        fz_wm.l(fpinit.o)
    0x080043e6   0x080043e6   0x00000000   Code   RO         3226    x$fpl$usenofp       fz_wm.l(usenofp.o)
    0x080043e6   0x080043e6   0x00000018   Data   RO          757    .constdata          stm32g4xx_hal_uart.o
    0x080043fe   0x080043fe   0x00000010   Data   RO         1123    .constdata          stm32g4xx_hal_uart_ex.o
    0x0800440e   0x0800440e   0x00000010   Data   RO         2509    .constdata          system_stm32g4xx.o
    0x0800441e   0x0800441e   0x00000008   Data   RO         2510    .constdata          system_stm32g4xx.o
    0x08004426   0x08004426   0x00000826   Data   RO         2691    .constdata          oled_i2c.o
    0x08004c4c   0x08004c4c   0x00000020   Data   RO         3430    Region$$Table       anon$$obj.o


    Execution Region RW_IRAM1 (Exec base: 0x20000000, Load base: 0x08004c6c, Size: 0x00000bb0, Max: 0x00020000, ABSOLUTE, COMPRESSED[0x000001cc])

    Exec Addr    Load Addr    Size         Type   Attr      Idx    E Section Name        Object

    0x20000000   COMPRESSED   0x00000002   Data   RW           19    .data               main.o
    0x20000002   COMPRESSED   0x00000002   PAD
    0x20000004   COMPRESSED   0x0000000c   Data   RW         1264    .data               stm32g4xx_hal.o
    0x20000010   COMPRESSED   0x00000004   Data   RW         2511    .data               system_stm32g4xx.o
    0x20000014   COMPRESSED   0x00000002   Data   RW         2550    .data               delay.o
    0x20000016   COMPRESSED   0x00000223   Data   RW         2692    .data               oled_i2c.o
    0x20000239   COMPRESSED   0x00000003   PAD
    0x2000023c   COMPRESSED   0x0000000c   Data   RW         2861    .data               myusart1.o
    0x20000248   COMPRESSED   0x00000010   Data   RW         3017    .data               ad9959.o
    0x20000258        -       0x00000200   Zero   RW           18    .bss                main.o
    0x20000458        -       0x00000094   Zero   RW          212    .bss                usart.o
    0x200004ec        -       0x00000064   Zero   RW         2860    .bss                myusart1.o
    0x20000550        -       0x00000060   Zero   RW         3288    .bss                c_w.l(libspace.o)
    0x200005b0        -       0x00000200   Zero   RW            2    HEAP                startup_stm32g474xx.o
    0x200007b0        -       0x00000400   Zero   RW            1    STACK               startup_stm32g474xx.o


==============================================================================

Image component sizes


      Code (inc. data)   RO Data    RW Data    ZI Data      Debug   Object Name

      1410         34          0         16          0      16037   ad9959.o
        82          8          0          2          0       1911   delay.o
       284         14          0          0          0       1063   gpio.o
      5930        344          0          2        512     800760   main.o
       432         24          0          0          0       2913   myiic.o
        72         16          0         12        100       3436   myusart1.o
       580         14       2086        547          0       7122   oled_i2c.o
        64         26        472          0       1536        856   startup_stm32g474xx.o
       146         20          0         12          0       3859   stm32g4xx_hal.o
       222         14          0          0          0      34525   stm32g4xx_hal_cortex.o
       226          0          0          0          0       1963   stm32g4xx_hal_dma.o
       628         40          0          0          0       3670   stm32g4xx_hal_gpio.o
        48          6          0          0          0        890   stm32g4xx_hal_msp.o
       204         18          0          0          0     798790   stm32g4xx_hal_pwr_ex.o
      1688         92          0          0          0       6316   stm32g4xx_hal_rcc.o
       768         10          0          0          0       1984   stm32g4xx_hal_rcc_ex.o
      2192         90         24          0          0      29520   stm32g4xx_hal_uart.o
       288          6         16          0          0       5434   stm32g4xx_hal_uart_ex.o
        56         10          0          0          0       5285   stm32g4xx_it.o
        16          4         24          4          0       1151   system_stm32g4xx.o
       244         22          0          0        148       1842   usart.o

    ----------------------------------------------------------------------
     15600        812       2654        600       2296    1729327   Object Totals
         0          0         32          0          0          0   (incl. Generated)
        20          0          0          5          0          0   (incl. Padding)

    ----------------------------------------------------------------------

      Code (inc. data)   RO Data    RW Data    ZI Data      Debug   Library Member Name

        90          0          0          0          0          0   __dczerorl2.o
         8          0          0          0          0         68   __main.o
         0          0          0          0          0          0   __rtentry.o
        12          0          0          0          0          0   __rtentry2.o
         6          0          0          0          0          0   __rtentry4.o
        52          8          0          0          0          0   __scatter.o
        28          0          0          0          0          0   __scatter_zi.o
        18          0          0          0          0         80   exit.o
         6          0          0          0          0        152   heapauxi.o
         0          0          0          0          0          0   indicate_semi.o
         2          0          0          0          0          0   libinit.o
         6          0          0          0          0          0   libinit2.o
         2          0          0          0          0          0   libshutdown.o
         2          0          0          0          0          0   libshutdown2.o
         8          4          0          0         96         68   libspace.o
       238          0          0          0          0        100   lludivv7m.o
        78          0          0          0          0         80   rt_memclr_w.o
         2          0          0          0          0          0   rtexit.o
        10          0          0          0          0          0   rtexit2.o
        12          4          0          0          0         68   sys_exit.o
        74          0          0          0          0         80   sys_stackheap_outer.o
         2          0          0          0          0         68   use_no_semi.o
        90          4          0          0          0        140   dfixu.o
        38          0          0          0          0        116   dflt_clz.o
       340         12          0          0          0        152   dmul.o
       156          4          0          0          0        140   dnaninf.o
        12          0          0          0          0        116   dretinf.o
        10          0          0          0          0        116   fpinit.o
         0          0          0          0          0          0   usenofp.o

    ----------------------------------------------------------------------
      1310         36          0          0         96       1544   Library Totals
         8          0          0          0          0          0   (incl. Padding)

    ----------------------------------------------------------------------

      Code (inc. data)   RO Data    RW Data    ZI Data      Debug   Library Name

       656         16          0          0         96        764   c_w.l
       646         20          0          0          0        780   fz_wm.l

    ----------------------------------------------------------------------
      1310         36          0          0         96       1544   Library Totals

    ----------------------------------------------------------------------

==============================================================================


      Code (inc. data)   RO Data    RW Data    ZI Data      Debug   

     16910        848       2654        600       2392    1720411   Grand Totals
     16910        848       2654        460       2392    1720411   ELF Image Totals (compressed)
     16910        848       2654        460          0          0   ROM Totals

==============================================================================

    Total RO  Size (Code + RO Data)                19564 (  19.11kB)
    Total RW  Size (RW Data + ZI Data)              2992 (   2.92kB)
    Total ROM Size (Code + RO Data + RW Data)      20024 (  19.55kB)

==============================================================================

