Component: ARM Compiler 5.06 update 5 (build 528) Tool: armlink [4d35e2]

==============================================================================

Section Cross References

    startup_stm32g474xx.o(RESET) refers to startup_stm32g474xx.o(STACK) for __initial_sp
    startup_stm32g474xx.o(RESET) refers to startup_stm32g474xx.o(.text) for Reset_Handler
    startup_stm32g474xx.o(RESET) refers to stm32g4xx_it.o(i.NMI_Handler) for NMI_Handler
    startup_stm32g474xx.o(RESET) refers to stm32g4xx_it.o(i.HardFault_Handler) for HardFault_Handler
    startup_stm32g474xx.o(RESET) refers to stm32g4xx_it.o(i.MemManage_Handler) for MemManage_Handler
    startup_stm32g474xx.o(RESET) refers to stm32g4xx_it.o(i.BusFault_Handler) for BusFault_Handler
    startup_stm32g474xx.o(RESET) refers to stm32g4xx_it.o(i.UsageFault_Handler) for UsageFault_Handler
    startup_stm32g474xx.o(RESET) refers to stm32g4xx_it.o(i.SVC_Handler) for SVC_Handler
    startup_stm32g474xx.o(RESET) refers to stm32g4xx_it.o(i.DebugMon_Handler) for DebugMon_Handler
    startup_stm32g474xx.o(RESET) refers to stm32g4xx_it.o(i.PendSV_Handler) for PendSV_Handler
    startup_stm32g474xx.o(RESET) refers to stm32g4xx_it.o(i.SysTick_Handler) for SysTick_Handler
    startup_stm32g474xx.o(RESET) refers to stm32g4xx_it.o(i.DMA1_Channel1_IRQHandler) for DMA1_Channel1_IRQHandler
    startup_stm32g474xx.o(RESET) refers to stm32g4xx_it.o(i.TIM2_IRQHandler) for TIM2_IRQHandler
    startup_stm32g474xx.o(RESET) refers to stm32g4xx_it.o(i.TIM4_IRQHandler) for TIM4_IRQHandler
    startup_stm32g474xx.o(RESET) refers to stm32g4xx_it.o(i.USART1_IRQHandler) for USART1_IRQHandler
    startup_stm32g474xx.o(.text) refers to system_stm32g4xx.o(i.SystemInit) for SystemInit
    startup_stm32g474xx.o(.text) refers to entry.o(.ARM.Collect$$$$00000000) for __main
    main.o(i.FPGA_Write_Reg) refers to stm32g4xx_hal_gpio.o(i.HAL_GPIO_WritePin) for HAL_GPIO_WritePin
    main.o(i.FPGA_Write_Reg) refers to stm32g4xx_hal_spi.o(i.HAL_SPI_Transmit) for HAL_SPI_Transmit
    main.o(i.FPGA_Write_Reg) refers to stm32g4xx_hal.o(i.HAL_Delay) for HAL_Delay
    main.o(i.FPGA_Write_Reg) refers to spi.o(.bss) for hspi2
    main.o(i.HAL_ADC_ConvCpltCallback) refers to fft.o(i.fft_spectrogram_judge) for fft_spectrogram_judge
    main.o(i.HAL_ADC_ConvCpltCallback) refers to adc.o(.bss) for hadc1
    main.o(i.HAL_ADC_ConvCpltCallback) refers to main.o(.data) for .data
    main.o(i.HAL_IncTick) refers to stm32g4xx_hal.o(.data) for uwTickFreq
    main.o(i.HAL_TIM_PeriodElapsedCallback) refers to oled_i2c.o(i.OLED_ShowInt) for OLED_ShowInt
    main.o(i.HAL_TIM_PeriodElapsedCallback) refers to tim.o(.bss) for htim4
    main.o(i.HAL_TIM_PeriodElapsedCallback) refers to main.o(.data) for .data
    main.o(i.HAL_UART_RxCpltCallback) refers to stm32g4xx_hal_uart.o(i.HAL_UART_Receive_IT) for HAL_UART_Receive_IT
    main.o(i.HAL_UART_RxCpltCallback) refers to main.o(.data) for .data
    main.o(i.HAL_UART_RxCpltCallback) refers to usart.o(.bss) for huart1
    main.o(i.SystemClock_Config) refers to memseta.o(.text) for __aeabi_memclr4
    main.o(i.SystemClock_Config) refers to stm32g4xx_hal_pwr_ex.o(i.HAL_PWREx_ControlVoltageScaling) for HAL_PWREx_ControlVoltageScaling
    main.o(i.SystemClock_Config) refers to stm32g4xx_hal_rcc.o(i.HAL_RCC_OscConfig) for HAL_RCC_OscConfig
    main.o(i.SystemClock_Config) refers to stm32g4xx_hal_rcc.o(i.HAL_RCC_ClockConfig) for HAL_RCC_ClockConfig
    main.o(i.main) refers to stm32g4xx_hal.o(i.HAL_Init) for HAL_Init
    main.o(i.main) refers to main.o(i.SystemClock_Config) for SystemClock_Config
    main.o(i.main) refers to gpio.o(i.MX_GPIO_Init) for MX_GPIO_Init
    main.o(i.main) refers to dma.o(i.MX_DMA_Init) for MX_DMA_Init
    main.o(i.main) refers to usart.o(i.MX_USART1_UART_Init) for MX_USART1_UART_Init
    main.o(i.main) refers to adc.o(i.MX_ADC1_Init) for MX_ADC1_Init
    main.o(i.main) refers to tim.o(i.MX_TIM3_Init) for MX_TIM3_Init
    main.o(i.main) refers to spi.o(i.MX_SPI2_Init) for MX_SPI2_Init
    main.o(i.main) refers to tim.o(i.MX_TIM2_Init) for MX_TIM2_Init
    main.o(i.main) refers to tim.o(i.MX_TIM4_Init) for MX_TIM4_Init
    main.o(i.main) refers to delay.o(i.delay_init) for delay_init
    main.o(i.main) refers to myusart1.o(i.MyUSART1_Init) for MyUSART1_Init
    main.o(i.main) refers to oled_i2c.o(i.OLED_Init) for OLED_Init
    main.o(i.main) refers to oled_i2c.o(i.OLED_CLS) for OLED_CLS
    main.o(i.main) refers to stm32g4xx_hal_uart.o(i.HAL_UART_Receive_IT) for HAL_UART_Receive_IT
    main.o(i.main) refers to ad9959.o(i.AD9959_Set_Fre) for AD9959_Set_Fre
    main.o(i.main) refers to ad9959.o(i.AD9959_Set_Amp) for AD9959_Set_Amp
    main.o(i.main) refers to ad9959.o(i.AD9959_Set_Phase) for AD9959_Set_Phase
    main.o(i.main) refers to ad9959.o(i.IO_Update) for IO_Update
    main.o(i.main) refers to printfa.o(i.__0printf) for __2printf
    main.o(i.main) refers to delay.o(i.delay_ms) for delay_ms
    main.o(i.main) refers to fft.o(i.ADC1_Get) for ADC1_Get
[...]
    i.IIC_Start                              0x08004798   Section        0  myiic.o(i.IIC_Start)
    i.IIC_Stop                               0x080047ec   Section        0  myiic.o(i.IIC_Stop)
    i.IIC_Wait_Ack                           0x08004844   Section        0  myiic.o(i.IIC_Wait_Ack)
    i.IO_Update                              0x080048b0   Section        0  ad9959.o(i.IO_Update)
    i.LL_ADC_GetOffsetChannel                0x080048e8   Section        0  stm32g4xx_hal_adc.o(i.LL_ADC_GetOffsetChannel)
    LL_ADC_GetOffsetChannel                  0x080048e9   Thumb Code    12  stm32g4xx_hal_adc.o(i.LL_ADC_GetOffsetChannel)
    i.LL_ADC_INJ_IsConversionOngoing         0x080048f4   Section        0  stm32g4xx_hal_adc.o(i.LL_ADC_INJ_IsConversionOngoing)
    LL_ADC_INJ_IsConversionOngoing           0x080048f5   Thumb Code     8  stm32g4xx_hal_adc.o(i.LL_ADC_INJ_IsConversionOngoing)
    i.LL_ADC_REG_IsConversionOngoing         0x080048fc   Section        0  stm32g4xx_hal_adc.o(i.LL_ADC_REG_IsConversionOngoing)
    LL_ADC_REG_IsConversionOngoing           0x080048fd   Thumb Code     8  stm32g4xx_hal_adc.o(i.LL_ADC_REG_IsConversionOngoing)
    i.LL_ADC_REG_IsConversionOngoing         0x08004904   Section        0  stm32g4xx_hal_adc_ex.o(i.LL_ADC_REG_IsConversionOngoing)
    LL_ADC_REG_IsConversionOngoing           0x08004905   Thumb Code     8  stm32g4xx_hal_adc_ex.o(i.LL_ADC_REG_IsConversionOngoing)
    i.LL_ADC_REG_IsTriggerSourceSWStart      0x0800490c   Section        0  stm32g4xx_hal_adc.o(i.LL_ADC_REG_IsTriggerSourceSWStart)
    LL_ADC_REG_IsTriggerSourceSWStart        0x0800490d   Thumb Code    16  stm32g4xx_hal_adc.o(i.LL_ADC_REG_IsTriggerSourceSWStart)
    i.LL_ADC_SetChannelSamplingTime          0x0800491c   Section        0  stm32g4xx_hal_adc.o(i.LL_ADC_SetChannelSamplingTime)
    LL_ADC_SetChannelSamplingTime            0x0800491d   Thumb Code    30  stm32g4xx_hal_adc.o(i.LL_ADC_SetChannelSamplingTime)
    i.LL_ADC_SetOffsetState                  0x0800493a   Section        0  stm32g4xx_hal_adc.o(i.LL_ADC_SetOffsetState)
    LL_ADC_SetOffsetState                    0x0800493b   Thumb Code    16  stm32g4xx_hal_adc.o(i.LL_ADC_SetOffsetState)
    i.MX_ADC1_Init                           0x0800494c   Section        0  adc.o(i.MX_ADC1_Init)
    i.MX_DMA_Init                            0x080049e4   Section        0  dma.o(i.MX_DMA_Init)
    i.MX_GPIO_Init                           0x08004a20   Section        0  gpio.o(i.MX_GPIO_Init)
    i.MX_SPI2_Init                           0x08004af0   Section        0  spi.o(i.MX_SPI2_Init)
    i.MX_TIM2_Init                           0x08004b40   Section        0  tim.o(i.MX_TIM2_Init)
    i.MX_TIM3_Init                           0x08004bac   Section        0  tim.o(i.MX_TIM3_Init)
    i.MX_TIM4_Init                           0x08004c14   Section        0  tim.o(i.MX_TIM4_Init)
    i.MX_USART1_UART_Init                    0x08004c80   Section        0  usart.o(i.MX_USART1_UART_Init)
    i.MemManage_Handler                      0x08004ce8   Section        0  stm32g4xx_it.o(i.MemManage_Handler)
    i.MyUSART1_Init                          0x08004cec   Section        0  myusart1.o(i.MyUSART1_Init)
    i.NMI_Handler                            0x08004d00   Section        0  stm32g4xx_it.o(i.NMI_Handler)
    i.OLED_CLS                               0x08004d02   Section        0  oled_i2c.o(i.OLED_CLS)
    i.OLED_Fill                              0x08004d08   Section        0  oled_i2c.o(i.OLED_Fill)
    i.OLED_Init                              0x08004d40   Section        0  oled_i2c.o(i.OLED_Init)
    i.OLED_SetPos                            0x08004e08   Section        0  oled_i2c.o(i.OLED_SetPos)
    i.OLED_ShowChar                          0x08004e30   Section        0  oled_i2c.o(i.OLED_ShowChar)
    i.OLED_ShowFloat                         0x08004eac   Section        0  oled_i2c.o(i.OLED_ShowFloat)
    i.OLED_ShowInt                           0x08004ee4   Section        0  oled_i2c.o(i.OLED_ShowInt)
    i.OLED_ShowStr                           0x08004f6c   Section        0  oled_i2c.o(i.OLED_ShowStr)
    i.PendSV_Handler                         0x08005044   Section        0  stm32g4xx_it.o(i.PendSV_Handler)
    i.SVC_Handler                            0x08005046   Section        0  stm32g4xx_it.o(i.SVC_Handler)
    i.SysTick_Handler                        0x08005048   Section        0  stm32g4xx_it.o(i.SysTick_Handler)
    i.SystemClock_Config                     0x0800504c   Section        0  main.o(i.SystemClock_Config)
    i.SystemInit                             0x080050b4   Section        0  system_stm32g4xx.o(i.SystemInit)
    i.TIM2_IRQHandler                        0x080050c4   Section        0  stm32g4xx_it.o(i.TIM2_IRQHandler)
    i.TIM4_IRQHandler                        0x080050d0   Section        0  stm32g4xx_it.o(i.TIM4_IRQHandler)
    i.TIM_Base_SetConfig                     0x080050dc   Section        0  stm32g4xx_hal_tim.o(i.TIM_Base_SetConfig)
    i.TIM_ETR_SetConfig                      0x080051c0   Section        0  stm32g4xx_hal_tim.o(i.TIM_ETR_SetConfig)
    i.TIM_ITRx_SetConfig                     0x080051d4   Section        0  stm32g4xx_hal_tim.o(i.TIM_ITRx_SetConfig)
    TIM_ITRx_SetConfig                       0x080051d5   Thumb Code    16  stm32g4xx_hal_tim.o(i.TIM_ITRx_SetConfig)
    i.TIM_TI1_ConfigInputStage               0x080051e8   Section        0  stm32g4xx_hal_tim.o(i.TIM_TI1_ConfigInputStage)
    TIM_TI1_ConfigInputStage                 0x080051e9   Thumb Code    34  stm32g4xx_hal_tim.o(i.TIM_TI1_ConfigInputStage)
    i.TIM_TI2_ConfigInputStage               0x0800520a   Section        0  stm32g4xx_hal_tim.o(i.TIM_TI2_ConfigInputStage)
    TIM_TI2_ConfigInputStage                 0x0800520b   Thumb Code    36  stm32g4xx_hal_tim.o(i.TIM_TI2_ConfigInputStage)
    i.UARTEx_SetNbDataToProcess              0x08005230   Section        0  stm32g4xx_hal_uart_ex.o(i.UARTEx_SetNbDataToProcess)
    UARTEx_SetNbDataToProcess                0x08005231   Thumb Code    62  stm32g4xx_hal_uart_ex.o(i.UARTEx_SetNbDataToProcess)
    i.UART_AdvFeatureConfig                  0x08005274   Section        0  stm32g4xx_hal_uart.o(i.UART_AdvFeatureConfig)
    i.UART_CheckIdleState                    0x0800533c   Section        0  stm32g4xx_hal_uart.o(i.UART_CheckIdleState)
    i.UART_DMAAbortOnError                   0x080053e8   Section        0  stm32g4xx_hal_uart.o(i.UART_DMAAbortOnError)
    UART_DMAAbortOnError                     0x080053e9   Thumb Code    16  stm32g4xx_hal_uart.o(i.UART_DMAAbortOnError)
    i.UART_EndRxTransfer                     0x080053f8   Section        0  stm32g4xx_hal_uart.o(i.UART_EndRxTransfer)
    UART_EndRxTransfer                       0x080053f9   Thumb Code    78  stm32g4xx_hal_uart.o(i.UART_EndRxTransfer)
    i.UART_RxISR_16BIT                       0x0800544c   Section        0  stm32g4xx_hal_uart.o(i.UART_RxISR_16BIT)
    UART_RxISR_16BIT                         0x0800544d   Thumb Code   196  stm32g4xx_hal_uart.o(i.UART_RxISR_16BIT)
    i.UART_RxISR_16BIT_FIFOEN                0x08005514   Section        0  stm32g4xx_hal_uart.o(i.UART_RxISR_16BIT_FIFOEN)
    UART_RxISR_16BIT_FIFOEN                  0x08005515   Thumb Code   402  stm32g4xx_hal_uart.o(i.UART_RxISR_16BIT_FIFOEN)
    i.UART_RxISR_8BIT                        0x080056b4   Section        0  stm32g4xx_hal_uart.o(i.UART_RxISR_8BIT)
    UART_RxISR_8BIT                          0x080056b5   Thumb Code   196  stm32g4xx_hal_uart.o(i.UART_RxISR_8BIT)
    i.UART_RxISR_8BIT_FIFOEN                 0x0800577c   Section        0  stm32g4xx_hal_uart.o(i.UART_RxISR_8BIT_FIFOEN)
    UART_RxISR_8BIT_FIFOEN                   0x0800577d   Thumb Code   402  stm32g4xx_hal_uart.o(i.UART_RxISR_8BIT_FIFOEN)
    i.UART_SetConfig                         0x0800591c   Section        0  stm32g4xx_hal_uart.o(i.UART_SetConfig)
    i.UART_Start_Receive_IT                  0x08005bb4   Section        0  stm32g4xx_hal_uart.o(i.UART_Start_Receive_IT)
    i.UART_WaitOnFlagUntilTimeout            0x08005cc4   Section        0  stm32g4xx_hal_uart.o(i.UART_WaitOnFlagUntilTimeout)
    i.USART1_IRQHandler                      0x08005d58   Section        0  stm32g4xx_it.o(i.USART1_IRQHandler)
    i.UsageFault_Handler                     0x08005d64   Section        0  stm32g4xx_it.o(i.UsageFault_Handler)
    i.WriteCmd                               0x08005d66   Section        0  oled_i2c.o(i.WriteCmd)
    i.WriteDat                               0x08005d6e   Section        0  oled_i2c.o(i.WriteDat)
    i.Write_ACR                              0x08005d76   Section        0  ad9959.o(i.Write_ACR)
    i.Write_CFTW0                            0x08005d98   Section        0  ad9959.o(i.Write_CFTW0)
    i.Write_CPOW0                            0x08005de4   Section        0  ad9959.o(i.Write_CPOW0)
    i.__0printf                              0x08005e00   Section        0  printfa.o(i.__0printf)
    i.__0sprintf                             0x08005e20   Section        0  printfa.o(i.__0sprintf)
    i.__NVIC_SetPriority                     0x08005e48   Section        0  stm32g4xx_hal_cortex.o(i.__NVIC_SetPriority)
    __NVIC_SetPriority                       0x08005e49   Thumb Code    32  stm32g4xx_hal_cortex.o(i.__NVIC_SetPriority)
    i.__scatterload_copy                     0x08005e68   Section       14  handlers.o(i.__scatterload_copy)
    i.__scatterload_null                     0x08005e76   Section        2  handlers.o(i.__scatterload_null)
    i.__scatterload_zeroinit                 0x08005e78   Section       14  handlers.o(i.__scatterload_zeroinit)
    i.__set_errno                            0x08005e88   Section        0  errno.o(i.__set_errno)
    i._fp_digits                             0x08005e94   Section        0  printfa.o(i._fp_digits)
    _fp_digits                               0x08005e95   Thumb Code   366  printfa.o(i._fp_digits)
    i._printf_core                           0x08006018   Section        0  printfa.o(i._printf_core)
    _printf_core                             0x08006019   Thumb Code  1744  printfa.o(i._printf_core)
    i._printf_post_padding                   0x080066f4   Section        0  printfa.o(i._printf_post_padding)
    _printf_post_padding                     0x080066f5   Thumb Code    36  printfa.o(i._printf_post_padding)
    i._printf_pre_padding                    0x08006718   Section        0  printfa.o(i._printf_pre_padding)
    _printf_pre_padding                      0x08006719   Thumb Code    46  printfa.o(i._printf_pre_padding)
    i._sputc                                 0x08006746   Section        0  printfa.o(i._sputc)
    _sputc                                   0x08006747   Thumb Code    10  printfa.o(i._sputc)
    i.delay1                                 0x08006750   Section        0  ad9959.o(i.delay1)
    i.delay_init                             0x0800675c   Section        0  delay.o(i.delay_init)
    i.delay_ms                               0x08006770   Section        0  delay.o(i.delay_ms)
    i.delay_us                               0x0800677c   Section        0  delay.o(i.delay_us)
    i.fft_spectrogram                        0x080067b0   Section        0  fft.o(i.fft_spectrogram)
    i.fft_spectrogram_judge                  0x08006858   Section        0  fft.o(i.fft_spectrogram_judge)
    i.filtered_average_u16                   0x08006948   Section        0  fft.o(i.filtered_average_u16)
    i.fputc                                  0x080069ac   Section        0  myusart1.o(i.fputc)
    i.main                                   0x080069c8   Section        0  main.o(i.main)
    i.sqrtf                                  0x08006b10   Section        0  sqrtf.o(i.sqrtf)
    .constdata                               0x08006b4e   Section       24  stm32g4xx_hal_uart.o(.constdata)
    .constdata                               0x08006b66   Section       16  stm32g4xx_hal_uart_ex.o(.constdata)
    numerator                                0x08006b66   Data           8  stm32g4xx_hal_uart_ex.o(.constdata)
    denominator                              0x08006b6e   Data           8  stm32g4xx_hal_uart_ex.o(.constdata)
    .constdata                               0x08006b76   Section       16  system_stm32g4xx.o(.constdata)
    .constdata                               0x08006b86   Section        8  system_stm32g4xx.o(.constdata)
    .constdata                               0x08006b8e   Section     2086  oled_i2c.o(.constdata)
    hSpeedReg                                0x08006b8e   Data           8  oled_i2c.o(.constdata)
    .data                                    0x20000000   Section       23  main.o(.data)
    .data                                    0x20000018   Section       12  stm32g4xx_hal.o(.data)
    .data                                    0x20000024   Section        4  system_stm32g4xx.o(.data)
    .data                                    0x20000028   Section        2  delay.o(.data)
    sysClkFreq                               0x20000028   Data           2  delay.o(.data)
    .data                                    0x2000002c   Section     4112  fft.o(.data)
    .data                                    0x2000103c   Section      547  oled_i2c.o(.data)
    .data                                    0x20001260   Section       12  myusart1.o(.data)
    .data                                    0x2000126c   Section        4  myusart1.o(.data)
    .data                                    0x20001270   Section       16  ad9959.o(.data)
    .data                                    0x20001280   Section        4  errno.o(.data)
    _errno                                   0x20001280   Data           4  errno.o(.data)
    .bss                                     0x20001284   Section      204  adc.o(.bss)
    .bss                                     0x20001350   Section      100  spi.o(.bss)
    .bss                                     0x200013b4   Section      228  tim.o(.bss)
    .bss                                     0x20001498   Section      148  usart.o(.bss)
    .bss                                     0x2000152c   Section    16396  fft.o(.bss)
    STACK                                    0x20005538   Section     1024  startup_stm32g474xx.o(STACK)

    Global Symbols

    Symbol Name                              Value     Ov Type        Size  Object(Section)

    BuildAttributes$$THM_ISAv4$E$P$D$K$B$S$7EM$VFPi3$EXTD16$VFPS$VFMA$PE$A:L22UL41UL21$X:L11$S22US41US21$IEEE1$IW$USESV6$~STKCKD$USESV7$~SHL$OTIME$ROPI$IEEEX$EBA8$MICROLIB$REQ8$PRES8$EABIv2 0x00000000   Number         0  anon$$obj.o ABSOLUTE
    __ARM_use_no_argv                        0x00000000   Number         0  main.o ABSOLUTE
    _printf_a                                0x00000000   Number         0  stubs.o ABSOLUTE
    _printf_c                                0x00000000   Number         0  stubs.o ABSOLUTE
    _printf_charcount                        0x00000000   Number         0  stubs.o ABSOLUTE
    _printf_d                                0x00000000   Number         0  stubs.o ABSOLUTE
    _printf_e                                0x00000000   Number         0  stubs.o ABSOLUTE
    _printf_f                                0x00000000   Number         0  stubs.o ABSOLUTE
    _printf_flags                            0x00000000   Number         0  stubs.o ABSOLUTE
    _printf_fp_dec                           0x00000000   Number         0  stubs.o ABSOLUTE
    _printf_fp_hex                           0x00000000   Number         0  stubs.o ABSOLUTE
    _printf_g                                0x00000000   Number         0  stubs.o ABSOLUTE
    _printf_i                                0x00000000   Number         0  stubs.o ABSOLUTE
    _printf_int_dec                          0x00000000   Number         0  stubs.o ABSOLUTE
    _printf_l                                0x00000000   Number         0  stubs.o ABSOLUTE
    _printf_lc                               0x00000000   Number         0  stubs.o ABSOLUTE
    _printf_ll                               0x00000000   Number         0  stubs.o ABSOLUTE
    _printf_lld                              0x00000000   Number         0  stubs.o ABSOLUTE
    _printf_lli                              0x00000000   Number         0  stubs.o ABSOLUTE
    _printf_llo                              0x00000000   Number         0  stubs.o ABSOLUTE
    _printf_llu                              0x00000000   Number         0  stubs.o ABSOLUTE
    _printf_llx                              0x00000000   Number         0  stubs.o ABSOLUTE
    _printf_longlong_dec                     0x00000000   Number         0  stubs.o ABSOLUTE
    _printf_longlong_hex                     0x00000000   Number         0  stubs.o ABSOLUTE
    _printf_longlong_oct                     0x00000000   Number         0  stubs.o ABSOLUTE
    _printf_ls                               0x00000000   Number         0  stubs.o ABSOLUTE
    _printf_mbtowc                           0x00000000   Number         0  stubs.o ABSOLUTE
    _printf_n                                0x00000000   Number         0  stubs.o ABSOLUTE
    _printf_o                                0x00000000   Number         0  stubs.o ABSOLUTE
    _printf_p                                0x00000000   Number         0  stubs.o ABSOLUTE
    _printf_percent                          0x00000000   Number         0  stubs.o ABSOLUTE
    _printf_pre_padding                      0x00000000   Number         0  stubs.o ABSOLUTE
    _printf_return_value                     0x00000000   Number         0  stubs.o ABSOLUTE
    _printf_s                                0x00000000   Number         0  stubs.o ABSOLUTE
    _printf_sizespec                         0x00000000   Number         0  stubs.o ABSOLUTE
    _printf_str                              0x00000000   Number         0  stubs.o ABSOLUTE
    _printf_truncate_signed                  0x00000000   Number         0  stubs.o ABSOLUTE
    _printf_truncate_unsigned                0x00000000   Number         0  stubs.o ABSOLUTE
    _printf_u                                0x00000000   Number         0  stubs.o ABSOLUTE
    _printf_wc                               0x00000000   Number         0  stubs.o ABSOLUTE
    _printf_wctomb                           0x00000000   Number         0  stubs.o ABSOLUTE
    _printf_widthprec                        0x00000000   Number         0  stubs.o ABSOLUTE
    _printf_x                                0x00000000   Number         0  stubs.o ABSOLUTE
    __cpp_initialize__aeabi_                  - Undefined Weak Reference
    __cxa_finalize                            - Undefined Weak Reference
    _clock_init                               - Undefined Weak Reference
    _microlib_exit                            - Undefined Weak Reference
    __Vectors_Size                           0x000001d8   Number         0  startup_stm32g474xx.o ABSOLUTE
    __Vectors                                0x08000000   Data           4  startup_stm32g474xx.o(RESET)
    __Vectors_End                            0x080001d8   Data           0  startup_stm32g474xx.o(RESET)
    __main                                   0x080001d9   Thumb Code     0  entry.o(.ARM.Collect$$$$00000000)
    _main_stk                                0x080001d9   Thumb Code     0  entry2.o(.ARM.Collect$$$$00000001)
    _main_scatterload                        0x080001dd   Thumb Code     0  entry5.o(.ARM.Collect$$$$00000004)
    __main_after_scatterload                 0x080001e1   Thumb Code     0  entry5.o(.ARM.Collect$$$$00000004)
    _main_clock                              0x080001e1   Thumb Code     0  entry7b.o(.ARM.Collect$$$$00000008)
    _main_cpp_init                           0x080001e1   Thumb Code     0  entry8b.o(.ARM.Collect$$$$0000000A)
    _main_init                               0x080001e1   Thumb Code     0  entry9a.o(.ARM.Collect$$$$0000000B)
    __rt_final_cpp                           0x080001e9   Thumb Code     0  entry10a.o(.ARM.Collect$$$$0000000D)
    __rt_final_exit                          0x080001e9   Thumb Code     0  entry11a.o(.ARM.Collect$$$$0000000F)
    Reset_Handler                            0x080001ed   Thumb Code     8  startup_stm32g474xx.o(.text)
    ADC1_2_IRQHandler                        0x08000207   Thumb Code     0  startup_stm32g474xx.o(.text)
    ADC3_IRQHandler                          0x08000207   Thumb Code     0  startup_stm32g474xx.o(.text)
    ADC4_IRQHandler                          0x08000207   Thumb Code     0  startup_stm32g474xx.o(.text)
    ADC5_IRQHandler                          0x08000207   Thumb Code     0  startup_stm32g474xx.o(.text)
    COMP1_2_3_IRQHandler                     0x08000207   Thumb Code     0  startup_stm32g474xx.o(.text)
    COMP4_5_6_IRQHandler                     0x08000207   Thumb Code     0  startup_stm32g474xx.o(.text)
    COMP7_IRQHandler                         0x08000207   Thumb Code     0  startup_stm32g474xx.o(.text)
    CORDIC_IRQHandler                        0x08000207   Thumb Code     0  startup_stm32g474xx.o(.text)
    CRS_IRQHandler                           0x08000207   Thumb Code     0  startup_stm32g474xx.o(.text)
    DMA1_Channel2_IRQHandler                 0x08000207   Thumb Code     0  startup_stm32g474xx.o(.text)
    DMA1_Channel3_IRQHandler                 0x08000207   Thumb Code     0  startup_stm32g474xx.o(.text)
    DMA1_Channel4_IRQHandler                 0x08000207   Thumb Code     0  startup_stm32g474xx.o(.text)
    DMA1_Channel5_IRQHandler                 0x08000207   Thumb Code     0  startup_stm32g474xx.o(.text)
    DMA1_Channel6_IRQHandler                 0x08000207   Thumb Code     0  startup_stm32g474xx.o(.text)
    DMA1_Channel7_IRQHandler                 0x08000207   Thumb Code     0  startup_stm32g474xx.o(.text)
    DMA1_Channel8_IRQHandler                 0x08000207   Thumb Code     0  startup_stm32g474xx.o(.text)
    DMA2_Channel1_IRQHandler                 0x08000207   Thumb Code     0  startup_stm32g474xx.o(.text)
    DMA2_Channel2_IRQHandler                 0x08000207   Thumb Code     0  startup_stm32g474xx.o(.text)
    DMA2_Channel3_IRQHandler                 0x08000207   Thumb Code     0  startup_stm32g474xx.o(.text)
    DMA2_Channel4_IRQHandler                 0x08000207   Thumb Code     0  startup_stm32g474xx.o(.text)
    DMA2_Channel5_IRQHandler                 0x08000207   Thumb Code     0  startup_stm32g474xx.o(.text)
    DMA2_Channel6_IRQHandler                 0x08000207   Thumb Code     0  startup_stm32g474xx.o(.text)
    DMA2_Channel7_IRQHandler                 0x08000207   Thumb Code     0  startup_stm32g474xx.o(.text)
    DMA2_Channel8_IRQHandler                 0x08000207   Thumb Code     0  startup_stm32g474xx.o(.text)
    DMAMUX_OVR_IRQHandler                    0x08000207   Thumb Code     0  startup_stm32g474xx.o(.text)
    EXTI0_IRQHandler                         0x08000207   Thumb Code     0  startup_stm32g474xx.o(.text)
    EXTI15_10_IRQHandler                     0x08000207   Thumb Code     0  startup_stm32g474xx.o(.text)
    EXTI1_IRQHandler                         0x08000207   Thumb Code     0  startup_stm32g474xx.o(.text)
    EXTI2_IRQHandler                         0x08000207   Thumb Code     0  startup_stm32g474xx.o(.text)
    EXTI3_IRQHandler                         0x08000207   Thumb Code     0  startup_stm32g474xx.o(.text)
    EXTI4_IRQHandler                         0x08000207   Thumb Code     0  startup_stm32g474xx.o(.text)
    EXTI9_5_IRQHandler                       0x08000207   Thumb Code     0  startup_stm32g474xx.o(.text)
    FDCAN1_IT0_IRQHandler                    0x08000207   Thumb Code     0  startup_stm32g474xx.o(.text)
    FDCAN1_IT1_IRQHandler                    0x08000207   Thumb Code     0  startup_stm32g474xx.o(.text)
    FDCAN2_IT0_IRQHandler                    0x08000207   Thumb Code     0  startup_stm32g474xx.o(.text)
    FDCAN2_IT1_IRQHandler                    0x08000207   Thumb Code     0  startup_stm32g474xx.o(.text)
    FDCAN3_IT0_IRQHandler                    0x08000207   Thumb Code     0  startup_stm32g474xx.o(.text)
    FDCAN3_IT1_IRQHandler                    0x08000207   Thumb Code     0  startup_stm32g474xx.o(.text)
    FLASH_IRQHandler                         0x08000207   Thumb Code     0  startup_stm32g474xx.o(.text)
    FMAC_IRQHandler                          0x08000207   Thumb Code     0  startup_stm32g474xx.o(.text)
    FMC_IRQHandler                           0x08000207   Thumb Code     0  startup_stm32g474xx.o(.text)
    FPU_IRQHandler                           0x08000207   Thumb Code     0  startup_stm32g474xx.o(.text)
    HRTIM1_FLT_IRQHandler                    0x08000207   Thumb Code     0  startup_stm32g474xx.o(.text)
    HRTIM1_Master_IRQHandler                 0x08000207   Thumb Code     0  startup_stm32g474xx.o(.text)
    HRTIM1_TIMA_IRQHandler                   0x08000207   Thumb Code     0  startup_stm32g474xx.o(.text)
    HRTIM1_TIMB_IRQHandler                   0x08000207   Thumb Code     0  startup_stm32g474xx.o(.text)
    HRTIM1_TIMC_IRQHandler                   0x08000207   Thumb Code     0  startup_stm32g474xx.o(.text)
    HRTIM1_TIMD_IRQHandler                   0x08000207   Thumb Code     0  startup_stm32g474xx.o(.text)
    HRTIM1_TIME_IRQHandler                   0x08000207   Thumb Code     0  startup_stm32g474xx.o(.text)
    HRTIM1_TIMF_IRQHandler                   0x08000207   Thumb Code     0  startup_stm32g474xx.o(.text)
    I2C1_ER_IRQHandler                       0x08000207   Thumb Code     0  startup_stm32g474xx.o(.text)
    I2C1_EV_IRQHandler                       0x08000207   Thumb Code     0  startup_stm32g474xx.o(.text)
    I2C2_ER_IRQHandler                       0x08000207   Thumb Code     0  startup_stm32g474xx.o(.text)
    I2C2_EV_IRQHandler                       0x08000207   Thumb Code     0  startup_stm32g474xx.o(.text)
    I2C3_ER_IRQHandler                       0x08000207   Thumb Code     0  startup_stm32g474xx.o(.text)
    I2C3_EV_IRQHandler                       0x08000207   Thumb Code     0  startup_stm32g474xx.o(.text)
    I2C4_ER_IRQHandler                       0x08000207   Thumb Code     0  startup_stm32g474xx.o(.text)
    I2C4_EV_IRQHandler                       0x08000207   Thumb Code     0  startup_stm32g474xx.o(.text)
    LPTIM1_IRQHandler                        0x08000207   Thumb Code     0  startup_stm32g474xx.o(.text)
    LPUART1_IRQHandler                       0x08000207   Thumb Code     0  startup_stm32g474xx.o(.text)
    PVD_PVM_IRQHandler                       0x08000207   Thumb Code     0  startup_stm32g474xx.o(.text)
    QUADSPI_IRQHandler                       0x08000207   Thumb Code     0  startup_stm32g474xx.o(.text)
    RCC_IRQHandler                           0x08000207   Thumb Code     0  startup_stm32g474xx.o(.text)
    RNG_IRQHandler                           0x08000207   Thumb Code     0  startup_stm32g474xx.o(.text)
    RTC_Alarm_IRQHandler                     0x08000207   Thumb Code     0  startup_stm32g474xx.o(.text)
    RTC_TAMP_LSECSS_IRQHandler               0x08000207   Thumb Code     0  startup_stm32g474xx.o(.text)
    RTC_WKUP_IRQHandler                      0x08000207   Thumb Code     0  startup_stm32g474xx.o(.text)
    SAI1_IRQHandler                          0x08000207   Thumb Code     0  startup_stm32g474xx.o(.text)
    SPI1_IRQHandler                          0x08000207   Thumb Code     0  startup_stm32g474xx.o(.text)
    SPI2_IRQHandler                          0x08000207   Thumb Code     0  startup_stm32g474xx.o(.text)
    SPI3_IRQHandler                          0x08000207   Thumb Code     0  startup_stm32g474xx.o(.text)
    SPI4_IRQHandler                          0x08000207   Thumb Code     0  startup_stm32g474xx.o(.text)
    TIM1_BRK_TIM15_IRQHandler                0x08000207   Thumb Code     0  startup_stm32g474xx.o(.text)
    TIM1_CC_IRQHandler                       0x08000207   Thumb Code     0  startup_stm32g474xx.o(.text)
    TIM1_TRG_COM_TIM17_IRQHandler            0x08000207   Thumb Code     0  startup_stm32g474xx.o(.text)
    TIM1_UP_TIM16_IRQHandler                 0x08000207   Thumb Code     0  startup_stm32g474xx.o(.text)
    TIM20_BRK_IRQHandler                     0x08000207   Thumb Code     0  startup_stm32g474xx.o(.text)
    TIM20_CC_IRQHandler                      0x08000207   Thumb Code     0  startup_stm32g474xx.o(.text)
    TIM20_TRG_COM_IRQHandler                 0x08000207   Thumb Code     0  startup_stm32g474xx.o(.text)
    TIM20_UP_IRQHandler                      0x08000207   Thumb Code     0  startup_stm32g474xx.o(.text)
    TIM3_IRQHandler                          0x08000207   Thumb Code     0  startup_stm32g474xx.o(.text)
    TIM5_IRQHandler                          0x08000207   Thumb Code     0  startup_stm32g474xx.o(.text)
    TIM6_DAC_IRQHandler                      0x08000207   Thumb Code     0  startup_stm32g474xx.o(.text)
    TIM7_DAC_IRQHandler                      0x08000207   Thumb Code     0  startup_stm32g474xx.o(.text)
    TIM8_BRK_IRQHandler                      0x08000207   Thumb Code     0  startup_stm32g474xx.o(.text)
    TIM8_CC_IRQHandler                       0x08000207   Thumb Code     0  startup_stm32g474xx.o(.text)
    TIM8_TRG_COM_IRQHandler                  0x08000207   Thumb Code     0  startup_stm32g474xx.o(.text)
    TIM8_UP_IRQHandler                       0x08000207   Thumb Code     0  startup_stm32g474xx.o(.text)
    UART4_IRQHandler                         0x08000207   Thumb Code     0  startup_stm32g474xx.o(.text)
    UART5_IRQHandler                         0x08000207   Thumb Code     0  startup_stm32g474xx.o(.text)
    UCPD1_IRQHandler                         0x08000207   Thumb Code     0  startup_stm32g474xx.o(.text)
    USART2_IRQHandler                        0x08000207   Thumb Code     0  startup_stm32g474xx.o(.text)
    USART3_IRQHandler                        0x08000207   Thumb Code     0  startup_stm32g474xx.o(.text)
    USBWakeUp_IRQHandler                     0x08000207   Thumb Code     0  startup_stm32g474xx.o(.text)
    USB_HP_IRQHandler                        0x08000207   Thumb Code     0  startup_stm32g474xx.o(.text)
    USB_LP_IRQHandler                        0x08000207   Thumb Code     0  startup_stm32g474xx.o(.text)
    WWDG_IRQHandler                          0x08000207   Thumb Code     0  startup_stm32g474xx.o(.text)
    __aeabi_uldivmod                         0x08000211   Thumb Code    98  uldiv.o(.text)
    __aeabi_memset                           0x08000273   Thumb Code    14  memseta.o(.text)
    __aeabi_memset4                          0x08000273   Thumb Code     0  memseta.o(.text)
    __aeabi_memset8                          0x08000273   Thumb Code     0  memseta.o(.text)
    __aeabi_memclr                           0x08000281   Thumb Code     4  memseta.o(.text)
    __aeabi_memclr4                          0x08000281   Thumb Code     0  memseta.o(.text)
    __aeabi_memclr8                          0x08000281   Thumb Code     0  memseta.o(.text)
    _memset$wrapper                          0x08000285   Thumb Code    18  memseta.o(.text)
    strlen                                   0x08000297   Thumb Code    14  strlen.o(.text)
    __aeabi_fadd                             0x080002a5   Thumb Code   164  fadd.o(.text)
    __aeabi_fsub                             0x08000349   Thumb Code     6  fadd.o(.text)
    __aeabi_frsub                            0x0800034f   Thumb Code     6  fadd.o(.text)
    __aeabi_fmul                             0x08000355   Thumb Code   100  fmul.o(.text)
    __aeabi_dmul                             0x080003b9   Thumb Code   228  dmul.o(.text)
    __aeabi_ddiv                             0x0800049d   Thumb Code   222  ddiv.o(.text)
    __aeabi_fcmplt                           0x0800057b   Thumb Code    28  fcmplt.o(.text)
    __aeabi_ui2d                             0x08000597   Thumb Code    26  dfltui.o(.text)
    __aeabi_d2uiz                            0x080005b1   Thumb Code    50  dfixui.o(.text)
    __aeabi_f2d                              0x080005e3   Thumb Code    38  f2d.o(.text)
    __aeabi_uidiv                            0x08000609   Thumb Code     0  uidiv.o(.text)
    __aeabi_uidivmod                         0x08000609   Thumb Code    44  uidiv.o(.text)
    __aeabi_llsl                             0x08000635   Thumb Code    30  llshl.o(.text)
    _ll_shift_l                              0x08000635   Thumb Code     0  llshl.o(.text)
    __aeabi_llsr                             0x08000653   Thumb Code    32  llushr.o(.text)
    _ll_ushift_r                             0x08000653   Thumb Code     0  llushr.o(.text)
    __I$use$fp                               0x08000673   Thumb Code     0  iusefp.o(.text)
    _float_round                             0x08000673   Thumb Code    18  fepilogue.o(.text)
    _float_epilogue                          0x08000685   Thumb Code    92  fepilogue.o(.text)
    _double_round                            0x080006e1   Thumb Code    30  depilogue.o(.text)
    _double_epilogue                         0x080006ff   Thumb Code   156  depilogue.o(.text)
    __aeabi_dadd                             0x0800079b   Thumb Code   322  dadd.o(.text)
    __aeabi_dsub                             0x080008dd   Thumb Code     6  dadd.o(.text)
    __aeabi_drsub                            0x080008e3   Thumb Code     6  dadd.o(.text)
    __aeabi_d2ulz                            0x080008e9   Thumb Code    48  dfixul.o(.text)
    __aeabi_cdrcmple                         0x08000919   Thumb Code    48  cdrcmple.o(.text)
    __scatterload                            0x08000949   Thumb Code    28  init.o(.text)
    __scatterload_rt2                        0x08000949   Thumb Code     0  init.o(.text)
    __aeabi_lasr                             0x0800096d   Thumb Code    36  llsshr.o(.text)
    _ll_sshift_r                             0x0800096d   Thumb Code     0  llsshr.o(.text)
    __decompress                             0x08000991   Thumb Code     0  __dclz77c.o(.text)
    __decompress2                            0x08000991   Thumb Code    94  __dclz77c.o(.text)
    arm_bitreversal_f32                      0x080009f1   Thumb Code   174  arm_bitreversal.o(.text.arm_bitreversal_f32)
    arm_cfft_radix4_f32                      0x08000a9f   Thumb Code    66  arm_cfft_radix4_f32.o(.text.arm_cfft_radix4_f32)
    arm_cfft_radix4_init_f32                 0x08000ae1   Thumb Code   124  arm_cfft_radix4_init_f32.o(.text.arm_cfft_radix4_init_f32)
    arm_cmplx_mag_f32                        0x08000b5d   Thumb Code   232  arm_cmplx_mag_f32.o(.text.arm_cmplx_mag_f32)
    arm_max_f32                              0x08000c45   Thumb Code   288  arm_max_f32.o(.text.arm_max_f32)
    arm_radix4_butterfly_f32                 0x08000d65   Thumb Code  1384  arm_cfft_radix4_f32.o(.text.arm_radix4_butterfly_f32)
    arm_radix4_butterfly_inverse_f32         0x080012cd   Thumb Code  1434  arm_cfft_radix4_f32.o(.text.arm_radix4_butterfly_inverse_f32)
    AD9959_Set_Amp                           0x08001867   Thumb Code    30  ad9959.o(i.AD9959_Set_Amp)
    AD9959_Set_Fre                           0x08001885   Thumb Code    30  ad9959.o(i.AD9959_Set_Fre)
    AD9959_Set_Phase                         0x080018a3   Thumb Code    30  ad9959.o(i.AD9959_Set_Phase)
    AD9959_WriteData                         0x080018c1   Thumb Code   206  ad9959.o(i.AD9959_WriteData)
    ADC1_Get                                 0x08001995   Thumb Code    28  fft.o(i.ADC1_Get)
    ADC_ConversionStop                       0x080019bd   Thumb Code   220  stm32g4xx_hal_adc.o(i.ADC_ConversionStop)
    ADC_DMAConvCplt                          0x08001aa1   Thumb Code   104  stm32g4xx_hal_adc.o(i.ADC_DMAConvCplt)
    ADC_DMAError                             0x08001b09   Thumb Code    26  stm32g4xx_hal_adc.o(i.ADC_DMAError)
    ADC_DMAHalfConvCplt                      0x08001b23   Thumb Code    10  stm32g4xx_hal_adc.o(i.ADC_DMAHalfConvCplt)
    ADC_Disable                              0x08001b2d   Thumb Code   106  stm32g4xx_hal_adc.o(i.ADC_Disable)
    ADC_Enable                               0x08001b9d   Thumb Code   172  stm32g4xx_hal_adc.o(i.ADC_Enable)
    BusFault_Handler                         0x08001c61   Thumb Code     2  stm32g4xx_it.o(i.BusFault_Handler)
    DMA1_Channel1_IRQHandler                 0x08001c65   Thumb Code     6  stm32g4xx_it.o(i.DMA1_Channel1_IRQHandler)
    DebugMon_Handler                         0x08001d13   Thumb Code     2  stm32g4xx_it.o(i.DebugMon_Handler)
    Error_Handler                            0x08001d15   Thumb Code     4  main.o(i.Error_Handler)
    Fre_Control                              0x08001d19   Thumb Code   132  fft.o(i.Fre_Control)
    Get_amp                                  0x08001da9   Thumb Code    92  fft.o(i.Get_amp)
    HAL_ADCEx_MultiModeConfigChannel         0x08001e09   Thumb Code   326  stm32g4xx_hal_adc_ex.o(i.HAL_ADCEx_MultiModeConfigChannel)
    HAL_ADC_ConfigChannel                    0x08001f69   Thumb Code  1066  stm32g4xx_hal_adc.o(i.HAL_ADC_ConfigChannel)
    HAL_ADC_ConvCpltCallback                 0x080023d5   Thumb Code    20  main.o(i.HAL_ADC_ConvCpltCallback)
    HAL_ADC_ConvHalfCpltCallback             0x080023f1   Thumb Code     2  stm32g4xx_hal_adc.o(i.HAL_ADC_ConvHalfCpltCallback)
    HAL_ADC_ErrorCallback                    0x080023f3   Thumb Code     2  stm32g4xx_hal_adc.o(i.HAL_ADC_ErrorCallback)
    HAL_ADC_Init                             0x080023f5   Thumb Code   510  stm32g4xx_hal_adc.o(i.HAL_ADC_Init)
    HAL_ADC_MspInit                          0x08002625   Thumb Code   158  adc.o(i.HAL_ADC_MspInit)
    HAL_ADC_Start_DMA                        0x080026d1   Thumb Code   260  stm32g4xx_hal_adc.o(i.HAL_ADC_Start_DMA)
    HAL_ADC_Stop_DMA                         0x080027fd   Thumb Code   122  stm32g4xx_hal_adc.o(i.HAL_ADC_Stop_DMA)
    HAL_DMA_Abort                            0x08002877   Thumb Code   106  stm32g4xx_hal_dma.o(i.HAL_DMA_Abort)
    HAL_DMA_Abort_IT                         0x080028e1   Thumb Code   120  stm32g4xx_hal_dma.o(i.HAL_DMA_Abort_IT)
    HAL_DMA_IRQHandler                       0x08002959   Thumb Code   186  stm32g4xx_hal_dma.o(i.HAL_DMA_IRQHandler)
    HAL_DMA_Init                             0x08002a15   Thumb Code   178  stm32g4xx_hal_dma.o(i.HAL_DMA_Init)
    HAL_DMA_Start_IT                         0x08002ad5   Thumb Code   140  stm32g4xx_hal_dma.o(i.HAL_DMA_Start_IT)
    HAL_Delay                                0x08002b61   Thumb Code    32  stm32g4xx_hal.o(i.HAL_Delay)
    HAL_GPIO_Init                            0x08002b85   Thumb Code   550  stm32g4xx_hal_gpio.o(i.HAL_GPIO_Init)
    HAL_GPIO_ReadPin                         0x08002dcd   Thumb Code    10  stm32g4xx_hal_gpio.o(i.HAL_GPIO_ReadPin)
    HAL_GPIO_WritePin                        0x08002dd7   Thumb Code    10  stm32g4xx_hal_gpio.o(i.HAL_GPIO_WritePin)
    HAL_GetTick                              0x08002de1   Thumb Code     6  stm32g4xx_hal.o(i.HAL_GetTick)
    HAL_IncTick                              0x08002ded   Thumb Code    22  main.o(i.HAL_IncTick)
    HAL_Init                                 0x08002e0d   Thumb Code    30  stm32g4xx_hal.o(i.HAL_Init)
    HAL_InitTick                             0x08002e2d   Thumb Code    58  stm32g4xx_hal.o(i.HAL_InitTick)
    HAL_MspInit                              0x08002e71   Thumb Code    42  stm32g4xx_hal_msp.o(i.HAL_MspInit)
    HAL_NVIC_EnableIRQ                       0x08002ea1   Thumb Code    26  stm32g4xx_hal_cortex.o(i.HAL_NVIC_EnableIRQ)
    HAL_NVIC_SetPriority                     0x08002ebd   Thumb Code    60  stm32g4xx_hal_cortex.o(i.HAL_NVIC_SetPriority)
    HAL_NVIC_SetPriorityGrouping             0x08002efd   Thumb Code    26  stm32g4xx_hal_cortex.o(i.HAL_NVIC_SetPriorityGrouping)
    HAL_PWREx_ControlVoltageScaling          0x08002f21   Thumb Code   174  stm32g4xx_hal_pwr_ex.o(i.HAL_PWREx_ControlVoltageScaling)
    HAL_PWREx_DisableUCPDDeadBattery         0x08002fdd   Thumb Code    12  stm32g4xx_hal_pwr_ex.o(i.HAL_PWREx_DisableUCPDDeadBattery)
    HAL_RCCEx_PeriphCLKConfig                0x08002fed   Thumb Code   758  stm32g4xx_hal_rcc_ex.o(i.HAL_RCCEx_PeriphCLKConfig)
    HAL_RCC_ClockConfig                      0x080032ed   Thumb Code   444  stm32g4xx_hal_rcc.o(i.HAL_RCC_ClockConfig)
    HAL_RCC_GetPCLK1Freq                     0x080034c9   Thumb Code    24  stm32g4xx_hal_rcc.o(i.HAL_RCC_GetPCLK1Freq)
    HAL_RCC_GetPCLK2Freq                     0x080034ed   Thumb Code    24  stm32g4xx_hal_rcc.o(i.HAL_RCC_GetPCLK2Freq)
    HAL_RCC_GetSysClockFreq                  0x08003511   Thumb Code    98  stm32g4xx_hal_rcc.o(i.HAL_RCC_GetSysClockFreq)
    HAL_RCC_OscConfig                        0x08003581   Thumb Code  1028  stm32g4xx_hal_rcc.o(i.HAL_RCC_OscConfig)
    HAL_SPI_Init                             0x08003985   Thumb Code   234  stm32g4xx_hal_spi.o(i.HAL_SPI_Init)
    HAL_SPI_MspInit                          0x08003a71   Thumb Code    88  spi.o(i.HAL_SPI_MspInit)
    HAL_SYSTICK_CLKSourceConfig              0x08003ad5   Thumb Code    24  stm32g4xx_hal_cortex.o(i.HAL_SYSTICK_CLKSourceConfig)
    HAL_SYSTICK_Config                       0x08003aed   Thumb Code    40  stm32g4xx_hal_cortex.o(i.HAL_SYSTICK_Config)
    HAL_TIMEx_Break2Callback                 0x08003b15   Thumb Code     2  stm32g4xx_hal_tim_ex.o(i.HAL_TIMEx_Break2Callback)
    HAL_TIMEx_BreakCallback                  0x08003b17   Thumb Code     2  stm32g4xx_hal_tim_ex.o(i.HAL_TIMEx_BreakCallback)
    HAL_TIMEx_CommutCallback                 0x08003b19   Thumb Code     2  stm32g4xx_hal_tim_ex.o(i.HAL_TIMEx_CommutCallback)
    HAL_TIMEx_DirectionChangeCallback        0x08003b1b   Thumb Code     2  stm32g4xx_hal_tim_ex.o(i.HAL_TIMEx_DirectionChangeCallback)
    HAL_TIMEx_EncoderIndexCallback           0x08003b1d   Thumb Code     2  stm32g4xx_hal_tim_ex.o(i.HAL_TIMEx_EncoderIndexCallback)
    HAL_TIMEx_IndexErrorCallback             0x08003b1f   Thumb Code     2  stm32g4xx_hal_tim_ex.o(i.HAL_TIMEx_IndexErrorCallback)
    HAL_TIMEx_MasterConfigSynchronization    0x08003b21   Thumb Code   150  stm32g4xx_hal_tim_ex.o(i.HAL_TIMEx_MasterConfigSynchronization)
    HAL_TIMEx_TransitionErrorCallback        0x08003bd9   Thumb Code     2  stm32g4xx_hal_tim_ex.o(i.HAL_TIMEx_TransitionErrorCallback)
    HAL_TIM_Base_Init                        0x08003bdb   Thumb Code    98  stm32g4xx_hal_tim.o(i.HAL_TIM_Base_Init)
    HAL_TIM_Base_MspInit                     0x08003c3d   Thumb Code   162  tim.o(i.HAL_TIM_Base_MspInit)
    HAL_TIM_Base_Start                       0x08003ced   Thumb Code    96  stm32g4xx_hal_tim.o(i.HAL_TIM_Base_Start)
    HAL_TIM_Base_Start_IT                    0x08003d6d   Thumb Code   106  stm32g4xx_hal_tim.o(i.HAL_TIM_Base_Start_IT)
    HAL_TIM_Base_Stop                        0x08003df9   Thumb Code    38  stm32g4xx_hal_tim.o(i.HAL_TIM_Base_Stop)
    HAL_TIM_Base_Stop_IT                     0x08003e1f   Thumb Code    48  stm32g4xx_hal_tim.o(i.HAL_TIM_Base_Stop_IT)
    HAL_TIM_ConfigClockSource                0x08003e51   Thumb Code   234  stm32g4xx_hal_tim.o(i.HAL_TIM_ConfigClockSource)
    HAL_TIM_IC_CaptureCallback               0x08003f41   Thumb Code     2  stm32g4xx_hal_tim.o(i.HAL_TIM_IC_CaptureCallback)
    HAL_TIM_IRQHandler                       0x08003f43   Thumb Code   418  stm32g4xx_hal_tim.o(i.HAL_TIM_IRQHandler)
    HAL_TIM_OC_DelayElapsedCallback          0x080040e5   Thumb Code     2  stm32g4xx_hal_tim.o(i.HAL_TIM_OC_DelayElapsedCallback)
    HAL_TIM_PWM_PulseFinishedCallback        0x080040e7   Thumb Code     2  stm32g4xx_hal_tim.o(i.HAL_TIM_PWM_PulseFinishedCallback)
    HAL_TIM_PeriodElapsedCallback            0x080040e9   Thumb Code    76  main.o(i.HAL_TIM_PeriodElapsedCallback)
    HAL_TIM_TriggerCallback                  0x08004141   Thumb Code     2  stm32g4xx_hal_tim.o(i.HAL_TIM_TriggerCallback)
    HAL_UARTEx_DisableFifoMode               0x08004143   Thumb Code    62  stm32g4xx_hal_uart_ex.o(i.HAL_UARTEx_DisableFifoMode)
    HAL_UARTEx_RxEventCallback               0x08004181   Thumb Code     2  stm32g4xx_hal_uart.o(i.HAL_UARTEx_RxEventCallback)
    HAL_UARTEx_RxFifoFullCallback            0x08004183   Thumb Code     2  stm32g4xx_hal_uart_ex.o(i.HAL_UARTEx_RxFifoFullCallback)
    HAL_UARTEx_SetRxFifoThreshold            0x08004185   Thumb Code    76  stm32g4xx_hal_uart_ex.o(i.HAL_UARTEx_SetRxFifoThreshold)
    HAL_UARTEx_SetTxFifoThreshold            0x080041d1   Thumb Code    76  stm32g4xx_hal_uart_ex.o(i.HAL_UARTEx_SetTxFifoThreshold)
    HAL_UARTEx_TxFifoEmptyCallback           0x0800421d   Thumb Code     2  stm32g4xx_hal_uart_ex.o(i.HAL_UARTEx_TxFifoEmptyCallback)
    HAL_UARTEx_WakeupCallback                0x0800421f   Thumb Code     2  stm32g4xx_hal_uart_ex.o(i.HAL_UARTEx_WakeupCallback)
    HAL_UART_ErrorCallback                   0x08004221   Thumb Code     2  stm32g4xx_hal_uart.o(i.HAL_UART_ErrorCallback)
    HAL_UART_IRQHandler                      0x08004225   Thumb Code   782  stm32g4xx_hal_uart.o(i.HAL_UART_IRQHandler)
    HAL_UART_Init                            0x08004541   Thumb Code   106  stm32g4xx_hal_uart.o(i.HAL_UART_Init)
    HAL_UART_MspInit                         0x080045ad   Thumb Code   128  usart.o(i.HAL_UART_MspInit)
    HAL_UART_Receive_IT                      0x08004639   Thumb Code    66  stm32g4xx_hal_uart.o(i.HAL_UART_Receive_IT)
    HAL_UART_RxCpltCallback                  0x08004681   Thumb Code    64  main.o(i.HAL_UART_RxCpltCallback)
    HAL_UART_TxCpltCallback                  0x080046cd   Thumb Code     2  stm32g4xx_hal_uart.o(i.HAL_UART_TxCpltCallback)
    HardFault_Handler                        0x080046cf   Thumb Code     2  stm32g4xx_it.o(i.HardFault_Handler)
    I2C_WriteByte                            0x080046d1   Thumb Code    48  oled_i2c.o(i.I2C_WriteByte)
    IIC_Init                                 0x08004701   Thumb Code    28  myiic.o(i.IIC_Init)
    IIC_Send_Byte                            0x08004721   Thumb Code   116  myiic.o(i.IIC_Send_Byte)
    IIC_Start                                0x08004799   Thumb Code    80  myiic.o(i.IIC_Start)
    IIC_Stop                                 0x080047ed   Thumb Code    82  myiic.o(i.IIC_Stop)
    IIC_Wait_Ack                             0x08004845   Thumb Code   102  myiic.o(i.IIC_Wait_Ack)
    IO_Update                                0x080048b1   Thumb Code    50  ad9959.o(i.IO_Update)
    MX_ADC1_Init                             0x0800494d   Thumb Code   142  adc.o(i.MX_ADC1_Init)
    MX_DMA_Init                              0x080049e5   Thumb Code    56  dma.o(i.MX_DMA_Init)
    MX_GPIO_Init                             0x08004a21   Thumb Code   198  gpio.o(i.MX_GPIO_Init)
    MX_SPI2_Init                             0x08004af1   Thumb Code    72  spi.o(i.MX_SPI2_Init)
    MX_TIM2_Init                             0x08004b41   Thumb Code   102  tim.o(i.MX_TIM2_Init)
    MX_TIM3_Init                             0x08004bad   Thumb Code    96  tim.o(i.MX_TIM3_Init)
    MX_TIM4_Init                             0x08004c15   Thumb Code    98  tim.o(i.MX_TIM4_Init)
    MX_USART1_UART_Init                      0x08004c81   Thumb Code    94  usart.o(i.MX_USART1_UART_Init)
    MemManage_Handler                        0x08004ce9   Thumb Code     2  stm32g4xx_it.o(i.MemManage_Handler)
    MyUSART1_Init                            0x08004ced   Thumb Code    16  myusart1.o(i.MyUSART1_Init)
    NMI_Handler                              0x08004d01   Thumb Code     2  stm32g4xx_it.o(i.NMI_Handler)
    OLED_CLS                                 0x08004d03   Thumb Code     6  oled_i2c.o(i.OLED_CLS)
    OLED_Fill                                0x08004d09   Thumb Code    56  oled_i2c.o(i.OLED_Fill)
    OLED_Init                                0x08004d41   Thumb Code   194  oled_i2c.o(i.OLED_Init)
    OLED_SetPos                              0x08004e09   Thumb Code    38  oled_i2c.o(i.OLED_SetPos)
    OLED_ShowChar                            0x08004e31   Thumb Code   116  oled_i2c.o(i.OLED_ShowChar)
    OLED_ShowFloat                           0x08004ead   Thumb Code    48  oled_i2c.o(i.OLED_ShowFloat)
    OLED_ShowInt                             0x08004ee5   Thumb Code   134  oled_i2c.o(i.OLED_ShowInt)
    OLED_ShowStr                             0x08004f6d   Thumb Code   208  oled_i2c.o(i.OLED_ShowStr)
    PendSV_Handler                           0x08005045   Thumb Code     2  stm32g4xx_it.o(i.PendSV_Handler)
    SVC_Handler                              0x08005047   Thumb Code     2  stm32g4xx_it.o(i.SVC_Handler)
    SysTick_Handler                          0x08005049   Thumb Code     4  stm32g4xx_it.o(i.SysTick_Handler)
    SystemClock_Config                       0x0800504d   Thumb Code   102  main.o(i.SystemClock_Config)
    SystemInit                               0x080050b5   Thumb Code    12  system_stm32g4xx.o(i.SystemInit)
    TIM2_IRQHandler                          0x080050c5   Thumb Code     6  stm32g4xx_it.o(i.TIM2_IRQHandler)
    TIM4_IRQHandler                          0x080050d1   Thumb Code     6  stm32g4xx_it.o(i.TIM4_IRQHandler)
    TIM_Base_SetConfig                       0x080050dd   Thumb Code   190  stm32g4xx_hal_tim.o(i.TIM_Base_SetConfig)
    TIM_ETR_SetConfig                        0x080051c1   Thumb Code    20  stm32g4xx_hal_tim.o(i.TIM_ETR_SetConfig)
    UART_AdvFeatureConfig                    0x08005275   Thumb Code   200  stm32g4xx_hal_uart.o(i.UART_AdvFeatureConfig)
    UART_CheckIdleState                      0x0800533d   Thumb Code   172  stm32g4xx_hal_uart.o(i.UART_CheckIdleState)
    UART_SetConfig                           0x0800591d   Thumb Code   614  stm32g4xx_hal_uart.o(i.UART_SetConfig)
    UART_Start_Receive_IT                    0x08005bb5   Thumb Code   256  stm32g4xx_hal_uart.o(i.UART_Start_Receive_IT)
    UART_WaitOnFlagUntilTimeout              0x08005cc5   Thumb Code   148  stm32g4xx_hal_uart.o(i.UART_WaitOnFlagUntilTimeout)
    USART1_IRQHandler                        0x08005d59   Thumb Code     6  stm32g4xx_it.o(i.USART1_IRQHandler)
    UsageFault_Handler                       0x08005d65   Thumb Code     2  stm32g4xx_it.o(i.UsageFault_Handler)
    WriteCmd                                 0x08005d67   Thumb Code     8  oled_i2c.o(i.WriteCmd)
    WriteDat                                 0x08005d6f   Thumb Code     8  oled_i2c.o(i.WriteDat)
    Write_ACR                                0x08005d77   Thumb Code    32  ad9959.o(i.Write_ACR)
    Write_CFTW0                              0x08005d99   Thumb Code    70  ad9959.o(i.Write_CFTW0)
    Write_CPOW0                              0x08005de5   Thumb Code    28  ad9959.o(i.Write_CPOW0)
    __0printf                                0x08005e01   Thumb Code    22  printfa.o(i.__0printf)
    __1printf                                0x08005e01   Thumb Code     0  printfa.o(i.__0printf)
    __2printf                                0x08005e01   Thumb Code     0  printfa.o(i.__0printf)
    __c89printf                              0x08005e01   Thumb Code     0  printfa.o(i.__0printf)
    printf                                   0x08005e01   Thumb Code     0  printfa.o(i.__0printf)
    __0sprintf                               0x08005e21   Thumb Code    34  printfa.o(i.__0sprintf)
    __1sprintf                               0x08005e21   Thumb Code     0  printfa.o(i.__0sprintf)
    __2sprintf                               0x08005e21   Thumb Code     0  printfa.o(i.__0sprintf)
    __c89sprintf                             0x08005e21   Thumb Code     0  printfa.o(i.__0sprintf)
    sprintf                                  0x08005e21   Thumb Code     0  printfa.o(i.__0sprintf)
    __scatterload_copy                       0x08005e69   Thumb Code    14  handlers.o(i.__scatterload_copy)
    __scatterload_null                       0x08005e77   Thumb Code     2  handlers.o(i.__scatterload_null)
    __scatterload_zeroinit                   0x08005e79   Thumb Code    14  handlers.o(i.__scatterload_zeroinit)
    __set_errno                              0x08005e89   Thumb Code     6  errno.o(i.__set_errno)
    delay1                                   0x08006751   Thumb Code    12  ad9959.o(i.delay1)
    delay_init                               0x0800675d   Thumb Code    16  delay.o(i.delay_init)
    delay_ms                                 0x08006771   Thumb Code    10  delay.o(i.delay_ms)
    delay_us                                 0x0800677d   Thumb Code    48  delay.o(i.delay_us)
    fft_spectrogram                          0x080067b1   Thumb Code   154  fft.o(i.fft_spectrogram)
    fft_spectrogram_judge                    0x08006859   Thumb Code   202  fft.o(i.fft_spectrogram_judge)
    filtered_average_u16                     0x08006949   Thumb Code    90  fft.o(i.filtered_average_u16)
    fputc                                    0x080069ad   Thumb Code    20  myusart1.o(i.fputc)
    main                                     0x080069c9   Thumb Code   286  main.o(i.main)
    sqrtf                                    0x08006b11   Thumb Code    62  sqrtf.o(i.sqrtf)
    UARTPrescTable                           0x08006b4e   Data          24  stm32g4xx_hal_uart.o(.constdata)
    AHBPrescTable                            0x08006b76   Data          16  system_stm32g4xx.o(.constdata)
    APBPrescTable                            0x08006b86   Data           8  system_stm32g4xx.o(.constdata)
    F6x8                                     0x08006b96   Data         558  oled_i2c.o(.constdata)
    F8X16                                    0x08006dc4   Data        1520  oled_i2c.o(.constdata)
    armBitRevTable                           0x080073b4   Data        2048  arm_common_tables.o(.rodata.armBitRevTable)
    twiddleCoef_4096                         0x08007bb4   Data       32768  arm_common_tables.o(.rodata.twiddleCoef_4096)
    Region$$Table$$Base                      0x0800fbb4   Number         0  anon$$obj.o(Region$$Table)
    Region$$Table$$Limit                     0x0800fbd4   Number         0  anon$$obj.o(Region$$Table)
    rx_byte                                  0x20000000   Data           1  main.o(.data)
    capture_cnt                              0x20000001   Data           1  main.o(.data)
    adc1_flag                                0x20000002   Data           1  main.o(.data)
    capture_flag                             0x20000003   Data           1  main.o(.data)
    CNT_1                                    0x20000004   Data           4  main.o(.data)
    CNT_2                                    0x20000008   Data           4  main.o(.data)
    FQ                                       0x2000000c   Data           4  main.o(.data)
    data_rx                                  0x20000010   Data           7  main.o(.data)
    uwTickPrio                               0x20000018   Data           4  stm32g4xx_hal.o(.data)
    uwTickFreq                               0x2000001c   Data           4  stm32g4xx_hal.o(.data)
    uwTick                                   0x20000020   Data           4  stm32g4xx_hal.o(.data)
    SystemCoreClock                          0x20000024   Data           4  system_stm32g4xx.o(.data)
    cnt                                      0x2000002c   Data           2  fft.o(.data)
    vmax                                     0x2000002e   Data           2  fft.o(.data)
    vmin                                     0x20000030   Data           2  fft.o(.data)
    amp                                      0x20000032   Data           2  fft.o(.data)
    FRE                                      0x20000034   Data           4  fft.o(.data)
    Fn                                       0x20000038   Data           4  fft.o(.data)
    Kaiser_1024                              0x2000003c   Data        4096  fft.o(.data)
    RevState                                 0x2000103c   Data           1  oled_i2c.o(.data)
    brightness                               0x2000103d   Data           1  oled_i2c.o(.data)
    isScrolling                              0x2000103e   Data           1  oled_i2c.o(.data)
    F16x16                                   0x2000103f   Data         544  oled_i2c.o(.data)
    MyUSART1_bufferOverflowFlag              0x20001260   Data           1  myusart1.o(.data)
    MyUSART1_bufferPos                       0x20001264   Data           4  myusart1.o(.data)
    MyUSART1_dummyHandle                     0x20001268   Data           4  myusart1.o(.data)
    __stdout                                 0x2000126c   Data           4  myusart1.o(.data)
    FR2_DATA                                 0x20001270   Data           2  ad9959.o(.data)
    FR1_DATA                                 0x20001272   Data           3  ad9959.o(.data)
    CFR_DATA                                 0x20001275   Data           3  ad9959.o(.data)
    ACC_FRE_FACTOR                           0x20001278   Data           8  ad9959.o(.data)
    hadc1                                    0x20001284   Data         108  adc.o(.bss)
    hdma_adc1                                0x200012f0   Data          96  adc.o(.bss)
    hspi2                                    0x20001350   Data         100  spi.o(.bss)
    htim2                                    0x200013b4   Data          76  tim.o(.bss)
    htim3                                    0x20001400   Data          76  tim.o(.bss)
    htim4                                    0x2000144c   Data          76  tim.o(.bss)
    huart1                                   0x20001498   Data         148  usart.o(.bss)
    ADC_GetValue                             0x2000152c   Data        2048  fft.o(.bss)
    line_idex                                0x20001d2c   Data        2048  fft.o(.bss)
    filter_values_16                         0x2000252c   Data          10  fft.o(.bss)
    fft_inputbuf                             0x20002538   Data        8192  fft.o(.bss)
    fft_outputbuf                            0x20004538   Data        4096  fft.o(.bss)
    __initial_sp                             0x20005938   Data           0  startup_stm32g474xx.o(STACK)



==============================================================================

Memory Map of the image

  Image Entry point : 0x080001d9

  Load Region LR_IROM1 (Base: 0x08000000, Size: 0x00010e58, Max: 0x00080000, ABSOLUTE, COMPRESSED[0x00010738])

    Execution Region ER_IROM1 (Exec base: 0x08000000, Load base: 0x08000000, Size: 0x0000fbd4, Max: 0x00080000, ABSOLUTE)

    Exec Addr    Load Addr    Size         Type   Attr      Idx    E Section Name        Object

    0x08000000   0x08000000   0x000001d8   Data   RO            3    RESET               startup_stm32g474xx.o
    0x080001d8   0x080001d8   0x00000000   Code   RO         5574  * .ARM.Collect$$$$00000000  mc_w.l(entry.o)
    0x080001d8   0x080001d8   0x00000004   Code   RO         5877    .ARM.Collect$$$$00000001  mc_w.l(entry2.o)
    0x080001dc   0x080001dc   0x00000004   Code   RO         5880    .ARM.Collect$$$$00000004  mc_w.l(entry5.o)
    0x080001e0   0x080001e0   0x00000000   Code   RO         5882    .ARM.Collect$$$$00000008  mc_w.l(entry7b.o)
    0x080001e0   0x080001e0   0x00000000   Code   RO         5884    .ARM.Collect$$$$0000000A  mc_w.l(entry8b.o)
    0x080001e0   0x080001e0   0x00000008   Code   RO         5885    .ARM.Collect$$$$0000000B  mc_w.l(entry9a.o)
    0x080001e8   0x080001e8   0x00000000   Code   RO         5887    .ARM.Collect$$$$0000000D  mc_w.l(entry10a.o)
    0x080001e8   0x080001e8   0x00000000   Code   RO         5889    .ARM.Collect$$$$0000000F  mc_w.l(entry11a.o)
    0x080001e8   0x080001e8   0x00000004   Code   RO         5878    .ARM.Collect$$$$00002712  mc_w.l(entry2.o)
    0x080001ec   0x080001ec   0x00000024   Code   RO            4    .text               startup_stm32g474xx.o
    0x08000210   0x08000210   0x00000062   Code   RO         5577    .text               mc_w.l(uldiv.o)
    0x08000272   0x08000272   0x00000024   Code   RO         5579    .text               mc_w.l(memseta.o)
    0x08000296   0x08000296   0x0000000e   Code   RO         5581    .text               mc_w.l(strlen.o)
    0x080002a4   0x080002a4   0x000000b0   Code   RO         5844    .text               mf_w.l(fadd.o)
    0x08000354   0x08000354   0x00000064   Code   RO         5846    .text               mf_w.l(fmul.o)
    0x080003b8   0x080003b8   0x000000e4   Code   RO         5848    .text               mf_w.l(dmul.o)
    0x0800049c   0x0800049c   0x000000de   Code   RO         5850    .text               mf_w.l(ddiv.o)
    0x0800057a   0x0800057a   0x0000001c   Code   RO         5852    .text               mf_w.l(fcmplt.o)
    0x08000596   0x08000596   0x0000001a   Code   RO         5854    .text               mf_w.l(dfltui.o)
    0x080005b0   0x080005b0   0x00000032   Code   RO         5856    .text               mf_w.l(dfixui.o)
    0x080005e2   0x080005e2   0x00000026   Code   RO         5858    .text               mf_w.l(f2d.o)
    0x08000608   0x08000608   0x0000002c   Code   RO         5891    .text               mc_w.l(uidiv.o)
    0x08000634   0x08000634   0x0000001e   Code   RO         5893    .text               mc_w.l(llshl.o)
    0x08000652   0x08000652   0x00000020   Code   RO         5895    .text               mc_w.l(llushr.o)
    0x08000672   0x08000672   0x00000000   Code   RO         5904    .text               mc_w.l(iusefp.o)
    0x08000672   0x08000672   0x0000006e   Code   RO         5905    .text               mf_w.l(fepilogue.o)
    0x080006e0   0x080006e0   0x000000ba   Code   RO         5907    .text               mf_w.l(depilogue.o)
    0x0800079a   0x0800079a   0x0000014e   Code   RO         5909    .text               mf_w.l(dadd.o)
    0x080008e8   0x080008e8   0x00000030   Code   RO         5911    .text               mf_w.l(dfixul.o)
    0x08000918   0x08000918   0x00000030   Code   RO         5913    .text               mf_w.l(cdrcmple.o)
    0x08000948   0x08000948   0x00000024   Code   RO         5915    .text               mc_w.l(init.o)
    0x0800096c   0x0800096c   0x00000024   Code   RO         5917    .text               mc_w.l(llsshr.o)
    0x08000990   0x08000990   0x0000005e   Code   RO         5927    .text               mc_w.l(__dclz77c.o)
    0x080009ee   0x080009ee   0x00000002   PAD
    0x080009f0   0x080009f0   0x000000ae   Code   RO         5441    .text.arm_bitreversal_f32  arm_cortexM4l_math.lib(arm_bitreversal.o)
    0x08000a9e   0x08000a9e   0x00000042   Code   RO         5406    .text.arm_cfft_radix4_f32  arm_cortexM4l_math.lib(arm_cfft_radix4_f32.o)
    0x08000ae0   0x08000ae0   0x0000007c   Code   RO         5421    .text.arm_cfft_radix4_init_f32  arm_cortexM4l_math.lib(arm_cfft_radix4_init_f32.o)
    0x08000b5c   0x08000b5c   0x000000e8   Code   RO         5396    .text.arm_cmplx_mag_f32  arm_cortexM4l_math.lib(arm_cmplx_mag_f32.o)
    0x08000c44   0x08000c44   0x00000120   Code   RO         5431    .text.arm_max_f32   arm_cortexM4l_math.lib(arm_max_f32.o)
    0x08000d64   0x08000d64   0x00000568   Code   RO         5410    .text.arm_radix4_butterfly_f32  arm_cortexM4l_math.lib(arm_cfft_radix4_f32.o)
    0x080012cc   0x080012cc   0x0000059a   Code   RO         5408    .text.arm_radix4_butterfly_inverse_f32  arm_cortexM4l_math.lib(arm_cfft_radix4_f32.o)
    0x08001866   0x08001866   0x0000001e   Code   RO         5242    i.AD9959_Set_Amp    ad9959.o
    0x08001884   0x08001884   0x0000001e   Code   RO         5243    i.AD9959_Set_Fre    ad9959.o
    0x080018a2   0x080018a2   0x0000001e   Code   RO         5244    i.AD9959_Set_Phase  ad9959.o
    0x080018c0   0x080018c0   0x000000d4   Code   RO         5245    i.AD9959_WriteData  ad9959.o
    0x08001994   0x08001994   0x00000028   Code   RO         4699    i.ADC1_Get          fft.o
    0x080019bc   0x080019bc   0x000000e4   Code   RO          606    i.ADC_ConversionStop  stm32g4xx_hal_adc.o
    0x08001aa0   0x08001aa0   0x00000068   Code   RO          607    i.ADC_DMAConvCplt   stm32g4xx_hal_adc.o
    0x08001b08   0x08001b08   0x0000001a   Code   RO          608    i.ADC_DMAError      stm32g4xx_hal_adc.o
    0x08001b22   0x08001b22   0x0000000a   Code   RO          609    i.ADC_DMAHalfConvCplt  stm32g4xx_hal_adc.o
    0x08001b2c   0x08001b2c   0x00000070   Code   RO          610    i.ADC_Disable       stm32g4xx_hal_adc.o
    0x08001b9c   0x08001b9c   0x000000c4   Code   RO          611    i.ADC_Enable        stm32g4xx_hal_adc.o
    0x08001c60   0x08001c60   0x00000002   Code   RO          482    i.BusFault_Handler  stm32g4xx_it.o
    0x08001c62   0x08001c62   0x00000002   PAD
    0x08001c64   0x08001c64   0x0000000c   Code   RO          483    i.DMA1_Channel1_IRQHandler  stm32g4xx_it.o
    0x08001c70   0x08001c70   0x00000040   Code   RO         1920    i.DMA_CalcDMAMUXChannelBaseAndMask  stm32g4xx_hal_dma.o
    0x08001cb0   0x08001cb0   0x00000024   Code   RO         1921    i.DMA_CalcDMAMUXRequestGenBaseAndMask  stm32g4xx_hal_dma.o
    0x08001cd4   0x08001cd4   0x0000003e   Code   RO         1922    i.DMA_SetConfig     stm32g4xx_hal_dma.o
    0x08001d12   0x08001d12   0x00000002   Code   RO          484    i.DebugMon_Handler  stm32g4xx_it.o
    0x08001d14   0x08001d14   0x00000004   Code   RO           13    i.Error_Handler     main.o
    0x08001d18   0x08001d18   0x00000090   Code   RO         4700    i.Fre_Control       fft.o
    0x08001da8   0x08001da8   0x00000060   Code   RO         4701    i.Get_amp           fft.o
    0x08001e08   0x08001e08   0x00000160   Code   RO          861    i.HAL_ADCEx_MultiModeConfigChannel  stm32g4xx_hal_adc_ex.o
    0x08001f68   0x08001f68   0x0000046c   Code   RO          613    i.HAL_ADC_ConfigChannel  stm32g4xx_hal_adc.o
    0x080023d4   0x080023d4   0x0000001c   Code   RO           15    i.HAL_ADC_ConvCpltCallback  main.o
    0x080023f0   0x080023f0   0x00000002   Code   RO          615    i.HAL_ADC_ConvHalfCpltCallback  stm32g4xx_hal_adc.o
    0x080023f2   0x080023f2   0x00000002   Code   RO          617    i.HAL_ADC_ErrorCallback  stm32g4xx_hal_adc.o
    0x080023f4   0x080023f4   0x00000230   Code   RO          622    i.HAL_ADC_Init      stm32g4xx_hal_adc.o
    0x08002624   0x08002624   0x000000ac   Code   RO          279    i.HAL_ADC_MspInit   adc.o
    0x080026d0   0x080026d0   0x0000012c   Code   RO          630    i.HAL_ADC_Start_DMA  stm32g4xx_hal_adc.o
    0x080027fc   0x080027fc   0x0000007a   Code   RO          634    i.HAL_ADC_Stop_DMA  stm32g4xx_hal_adc.o
    0x08002876   0x08002876   0x0000006a   Code   RO         1923    i.HAL_DMA_Abort     stm32g4xx_hal_dma.o
    0x080028e0   0x080028e0   0x00000078   Code   RO         1924    i.HAL_DMA_Abort_IT  stm32g4xx_hal_dma.o
    0x08002958   0x08002958   0x000000ba   Code   RO         1928    i.HAL_DMA_IRQHandler  stm32g4xx_hal_dma.o
    0x08002a12   0x08002a12   0x00000002   PAD
    0x08002a14   0x08002a14   0x000000c0   Code   RO         1929    i.HAL_DMA_Init      stm32g4xx_hal_dma.o
    0x08002ad4   0x08002ad4   0x0000008c   Code   RO         1933    i.HAL_DMA_Start_IT  stm32g4xx_hal_dma.o
    0x08002b60   0x08002b60   0x00000024   Code   RO         1060    i.HAL_Delay         stm32g4xx_hal.o
    0x08002b84   0x08002b84   0x00000248   Code   RO         1785    i.HAL_GPIO_Init     stm32g4xx_hal_gpio.o
    0x08002dcc   0x08002dcc   0x0000000a   Code   RO         1787    i.HAL_GPIO_ReadPin  stm32g4xx_hal_gpio.o
    0x08002dd6   0x08002dd6   0x0000000a   Code   RO         1789    i.HAL_GPIO_WritePin  stm32g4xx_hal_gpio.o
    0x08002de0   0x08002de0   0x0000000c   Code   RO         1064    i.HAL_GetTick       stm32g4xx_hal.o
    0x08002dec   0x08002dec   0x00000020   Code   RO           16    i.HAL_IncTick       main.o
    0x08002e0c   0x08002e0c   0x0000001e   Code   RO         1071    i.HAL_Init          stm32g4xx_hal.o
    0x08002e2a   0x08002e2a   0x00000002   PAD
    0x08002e2c   0x08002e2c   0x00000044   Code   RO         1072    i.HAL_InitTick      stm32g4xx_hal.o
    0x08002e70   0x08002e70   0x00000030   Code   RO          582    i.HAL_MspInit       stm32g4xx_hal_msp.o
    0x08002ea0   0x08002ea0   0x0000001a   Code   RO         2434    i.HAL_NVIC_EnableIRQ  stm32g4xx_hal_cortex.o
    0x08002eba   0x08002eba   0x00000002   PAD
    0x08002ebc   0x08002ebc   0x00000040   Code   RO         2440    i.HAL_NVIC_SetPriority  stm32g4xx_hal_cortex.o
    0x08002efc   0x08002efc   0x00000024   Code   RO         2441    i.HAL_NVIC_SetPriorityGrouping  stm32g4xx_hal_cortex.o
    0x08002f20   0x08002f20   0x000000bc   Code   RO         2188    i.HAL_PWREx_ControlVoltageScaling  stm32g4xx_hal_pwr_ex.o
    0x08002fdc   0x08002fdc   0x00000010   Code   RO         2200    i.HAL_PWREx_DisableUCPDDeadBattery  stm32g4xx_hal_pwr_ex.o
    0x08002fec   0x08002fec   0x00000300   Code   RO         1431    i.HAL_RCCEx_PeriphCLKConfig  stm32g4xx_hal_rcc_ex.o
    0x080032ec   0x080032ec   0x000001dc   Code   RO         1306    i.HAL_RCC_ClockConfig  stm32g4xx_hal_rcc.o
    0x080034c8   0x080034c8   0x00000024   Code   RO         1314    i.HAL_RCC_GetPCLK1Freq  stm32g4xx_hal_rcc.o
    0x080034ec   0x080034ec   0x00000024   Code   RO         1315    i.HAL_RCC_GetPCLK2Freq  stm32g4xx_hal_rcc.o
    0x08003510   0x08003510   0x00000070   Code   RO         1316    i.HAL_RCC_GetSysClockFreq  stm32g4xx_hal_rcc.o
    0x08003580   0x08003580   0x00000404   Code   RO         1319    i.HAL_RCC_OscConfig  stm32g4xx_hal_rcc.o
    0x08003984   0x08003984   0x000000ea   Code   RO         2585    i.HAL_SPI_Init      stm32g4xx_hal_spi.o
    0x08003a6e   0x08003a6e   0x00000002   PAD
    0x08003a70   0x08003a70   0x00000064   Code   RO          345    i.HAL_SPI_MspInit   spi.o
    0x08003ad4   0x08003ad4   0x00000018   Code   RO         2443    i.HAL_SYSTICK_CLKSourceConfig  stm32g4xx_hal_cortex.o
    0x08003aec   0x08003aec   0x00000028   Code   RO         2445    i.HAL_SYSTICK_Config  stm32g4xx_hal_cortex.o
    0x08003b14   0x08003b14   0x00000002   Code   RO         3641    i.HAL_TIMEx_Break2Callback  stm32g4xx_hal_tim_ex.o
    0x08003b16   0x08003b16   0x00000002   Code   RO         3642    i.HAL_TIMEx_BreakCallback  stm32g4xx_hal_tim_ex.o
    0x08003b18   0x08003b18   0x00000002   Code   RO         3643    i.HAL_TIMEx_CommutCallback  stm32g4xx_hal_tim_ex.o
    0x08003b1a   0x08003b1a   0x00000002   Code   RO         3654    i.HAL_TIMEx_DirectionChangeCallback  stm32g4xx_hal_tim_ex.o
    0x08003b1c   0x08003b1c   0x00000002   Code   RO         3668    i.HAL_TIMEx_EncoderIndexCallback  stm32g4xx_hal_tim_ex.o
    0x08003b1e   0x08003b1e   0x00000002   Code   RO         3682    i.HAL_TIMEx_IndexErrorCallback  stm32g4xx_hal_tim_ex.o
    0x08003b20   0x08003b20   0x000000b8   Code   RO         3683    i.HAL_TIMEx_MasterConfigSynchronization  stm32g4xx_hal_tim_ex.o
    0x08003bd8   0x08003bd8   0x00000002   Code   RO         3704    i.HAL_TIMEx_TransitionErrorCallback  stm32g4xx_hal_tim_ex.o
    0x08003bda   0x08003bda   0x00000062   Code   RO         2927    i.HAL_TIM_Base_Init  stm32g4xx_hal_tim.o
    0x08003c3c   0x08003c3c   0x000000b0   Code   RO          387    i.HAL_TIM_Base_MspInit  tim.o
    0x08003cec   0x08003cec   0x00000080   Code   RO         2930    i.HAL_TIM_Base_Start  stm32g4xx_hal_tim.o
    0x08003d6c   0x08003d6c   0x0000008c   Code   RO         2932    i.HAL_TIM_Base_Start_IT  stm32g4xx_hal_tim.o
    0x08003df8   0x08003df8   0x00000026   Code   RO         2933    i.HAL_TIM_Base_Stop  stm32g4xx_hal_tim.o
    0x08003e1e   0x08003e1e   0x00000030   Code   RO         2935    i.HAL_TIM_Base_Stop_IT  stm32g4xx_hal_tim.o
    0x08003e4e   0x08003e4e   0x00000002   PAD
    0x08003e50   0x08003e50   0x000000f0   Code   RO         2936    i.HAL_TIM_ConfigClockSource  stm32g4xx_hal_tim.o
    0x08003f40   0x08003f40   0x00000002   Code   RO         2961    i.HAL_TIM_IC_CaptureCallback  stm32g4xx_hal_tim.o
    0x08003f42   0x08003f42   0x000001a2   Code   RO         2975    i.HAL_TIM_IRQHandler  stm32g4xx_hal_tim.o
    0x080040e4   0x080040e4   0x00000002   Code   RO         2978    i.HAL_TIM_OC_DelayElapsedCallback  stm32g4xx_hal_tim.o
    0x080040e6   0x080040e6   0x00000002   Code   RO         3005    i.HAL_TIM_PWM_PulseFinishedCallback  stm32g4xx_hal_tim.o
    0x080040e8   0x080040e8   0x00000058   Code   RO           17    i.HAL_TIM_PeriodElapsedCallback  main.o
    0x08004140   0x08004140   0x00000002   Code   RO         3018    i.HAL_TIM_TriggerCallback  stm32g4xx_hal_tim.o
    0x08004142   0x08004142   0x0000003e   Code   RO         4490    i.HAL_UARTEx_DisableFifoMode  stm32g4xx_hal_uart_ex.o
    0x08004180   0x08004180   0x00000002   Code   RO         4079    i.HAL_UARTEx_RxEventCallback  stm32g4xx_hal_uart.o
    0x08004182   0x08004182   0x00000002   Code   RO         4498    i.HAL_UARTEx_RxFifoFullCallback  stm32g4xx_hal_uart_ex.o
    0x08004184   0x08004184   0x0000004c   Code   RO         4499    i.HAL_UARTEx_SetRxFifoThreshold  stm32g4xx_hal_uart_ex.o
    0x080041d0   0x080041d0   0x0000004c   Code   RO         4500    i.HAL_UARTEx_SetTxFifoThreshold  stm32g4xx_hal_uart_ex.o
    0x0800421c   0x0800421c   0x00000002   Code   RO         4502    i.HAL_UARTEx_TxFifoEmptyCallback  stm32g4xx_hal_uart_ex.o
    0x0800421e   0x0800421e   0x00000002   Code   RO         4503    i.HAL_UARTEx_WakeupCallback  stm32g4xx_hal_uart_ex.o
    0x08004220   0x08004220   0x00000002   Code   RO         4095    i.HAL_UART_ErrorCallback  stm32g4xx_hal_uart.o
    0x08004222   0x08004222   0x00000002   PAD
    0x08004224   0x08004224   0x0000031c   Code   RO         4098    i.HAL_UART_IRQHandler  stm32g4xx_hal_uart.o
    0x08004540   0x08004540   0x0000006a   Code   RO         4099    i.HAL_UART_Init     stm32g4xx_hal_uart.o
    0x080045aa   0x080045aa   0x00000002   PAD
    0x080045ac   0x080045ac   0x0000008c   Code   RO          441    i.HAL_UART_MspInit  usart.o
    0x08004638   0x08004638   0x00000048   Code   RO         4104    i.HAL_UART_Receive_IT  stm32g4xx_hal_uart.o
    0x08004680   0x08004680   0x0000004c   Code   RO           18    i.HAL_UART_RxCpltCallback  main.o
    0x080046cc   0x080046cc   0x00000002   Code   RO         4111    i.HAL_UART_TxCpltCallback  stm32g4xx_hal_uart.o
    0x080046ce   0x080046ce   0x00000002   Code   RO          485    i.HardFault_Handler  stm32g4xx_it.o
    0x080046d0   0x080046d0   0x00000030   Code   RO         4901    i.I2C_WriteByte     oled_i2c.o
    0x08004700   0x08004700   0x00000020   Code   RO         4832    i.IIC_Init          myiic.o
    0x08004720   0x08004720   0x00000078   Code   RO         4835    i.IIC_Send_Byte     myiic.o
    0x08004798   0x08004798   0x00000054   Code   RO         4836    i.IIC_Start         myiic.o
    0x080047ec   0x080047ec   0x00000058   Code   RO         4837    i.IIC_Stop          myiic.o
    0x08004844   0x08004844   0x0000006c   Code   RO         4838    i.IIC_Wait_Ack      myiic.o
    0x080048b0   0x080048b0   0x00000038   Code   RO         5246    i.IO_Update         ad9959.o
    0x080048e8   0x080048e8   0x0000000c   Code   RO          636    i.LL_ADC_GetOffsetChannel  stm32g4xx_hal_adc.o
    0x080048f4   0x080048f4   0x00000008   Code   RO          637    i.LL_ADC_INJ_IsConversionOngoing  stm32g4xx_hal_adc.o
    0x080048fc   0x080048fc   0x00000008   Code   RO          638    i.LL_ADC_REG_IsConversionOngoing  stm32g4xx_hal_adc.o
    0x08004904   0x08004904   0x00000008   Code   RO          871    i.LL_ADC_REG_IsConversionOngoing  stm32g4xx_hal_adc_ex.o
    0x0800490c   0x0800490c   0x00000010   Code   RO          639    i.LL_ADC_REG_IsTriggerSourceSWStart  stm32g4xx_hal_adc.o
    0x0800491c   0x0800491c   0x0000001e   Code   RO          641    i.LL_ADC_SetChannelSamplingTime  stm32g4xx_hal_adc.o
    0x0800493a   0x0800493a   0x00000010   Code   RO          642    i.LL_ADC_SetOffsetState  stm32g4xx_hal_adc.o
    0x0800494a   0x0800494a   0x00000002   PAD
    0x0800494c   0x0800494c   0x00000098   Code   RO          280    i.MX_ADC1_Init      adc.o
    0x080049e4   0x080049e4   0x0000003c   Code   RO          320    i.MX_DMA_Init       dma.o
    0x08004a20   0x08004a20   0x000000d0   Code   RO          254    i.MX_GPIO_Init      gpio.o
    0x08004af0   0x08004af0   0x00000050   Code   RO          346    i.MX_SPI2_Init      spi.o
    0x08004b40   0x08004b40   0x0000006c   Code   RO          388    i.MX_TIM2_Init      tim.o
    0x08004bac   0x08004bac   0x00000068   Code   RO          389    i.MX_TIM3_Init      tim.o
    0x08004c14   0x08004c14   0x0000006c   Code   RO          390    i.MX_TIM4_Init      tim.o
    0x08004c80   0x08004c80   0x00000068   Code   RO          442    i.MX_USART1_UART_Init  usart.o
    0x08004ce8   0x08004ce8   0x00000002   Code   RO          486    i.MemManage_Handler  stm32g4xx_it.o
    0x08004cea   0x08004cea   0x00000002   PAD
    0x08004cec   0x08004cec   0x00000014   Code   RO         5086    i.MyUSART1_Init     myusart1.o
    0x08004d00   0x08004d00   0x00000002   Code   RO          487    i.NMI_Handler       stm32g4xx_it.o
    0x08004d02   0x08004d02   0x00000006   Code   RO         4902    i.OLED_CLS          oled_i2c.o
    0x08004d08   0x08004d08   0x00000038   Code   RO         4905    i.OLED_Fill         oled_i2c.o
    0x08004d40   0x08004d40   0x000000c8   Code   RO         4907    i.OLED_Init         oled_i2c.o
    0x08004e08   0x08004e08   0x00000026   Code   RO         4913    i.OLED_SetPos       oled_i2c.o
    0x08004e2e   0x08004e2e   0x00000002   PAD
    0x08004e30   0x08004e30   0x0000007c   Code   RO         4915    i.OLED_ShowChar     oled_i2c.o
    0x08004eac   0x08004eac   0x00000038   Code   RO         4916    i.OLED_ShowFloat    oled_i2c.o
    0x08004ee4   0x08004ee4   0x00000086   Code   RO         4917    i.OLED_ShowInt      oled_i2c.o
    0x08004f6a   0x08004f6a   0x00000002   PAD
    0x08004f6c   0x08004f6c   0x000000d8   Code   RO         4920    i.OLED_ShowStr      oled_i2c.o
    0x08005044   0x08005044   0x00000002   Code   RO          488    i.PendSV_Handler    stm32g4xx_it.o
    0x08005046   0x08005046   0x00000002   Code   RO          489    i.SVC_Handler       stm32g4xx_it.o
    0x08005048   0x08005048   0x00000004   Code   RO          490    i.SysTick_Handler   stm32g4xx_it.o
    0x0800504c   0x0800504c   0x00000066   Code   RO           19    i.SystemClock_Config  main.o
    0x080050b2   0x080050b2   0x00000002   PAD
    0x080050b4   0x080050b4   0x00000010   Code   RO         4609    i.SystemInit        system_stm32g4xx.o
    0x080050c4   0x080050c4   0x0000000c   Code   RO          491    i.TIM2_IRQHandler   stm32g4xx_it.o
    0x080050d0   0x080050d0   0x0000000c   Code   RO          492    i.TIM4_IRQHandler   stm32g4xx_it.o
    0x080050dc   0x080050dc   0x000000e4   Code   RO         3020    i.TIM_Base_SetConfig  stm32g4xx_hal_tim.o
    0x080051c0   0x080051c0   0x00000014   Code   RO         3031    i.TIM_ETR_SetConfig  stm32g4xx_hal_tim.o
    0x080051d4   0x080051d4   0x00000014   Code   RO         3032    i.TIM_ITRx_SetConfig  stm32g4xx_hal_tim.o
    0x080051e8   0x080051e8   0x00000022   Code   RO         3040    i.TIM_TI1_ConfigInputStage  stm32g4xx_hal_tim.o
    0x0800520a   0x0800520a   0x00000024   Code   RO         3042    i.TIM_TI2_ConfigInputStage  stm32g4xx_hal_tim.o
    0x0800522e   0x0800522e   0x00000002   PAD
    0x08005230   0x08005230   0x00000044   Code   RO         4504    i.UARTEx_SetNbDataToProcess  stm32g4xx_hal_uart_ex.o
    0x08005274   0x08005274   0x000000c8   Code   RO         4113    i.UART_AdvFeatureConfig  stm32g4xx_hal_uart.o
    0x0800533c   0x0800533c   0x000000ac   Code   RO         4114    i.UART_CheckIdleState  stm32g4xx_hal_uart.o
    0x080053e8   0x080053e8   0x00000010   Code   RO         4115    i.UART_DMAAbortOnError  stm32g4xx_hal_uart.o
    0x080053f8   0x080053f8   0x00000054   Code   RO         4125    i.UART_EndRxTransfer  stm32g4xx_hal_uart.o
    0x0800544c   0x0800544c   0x000000c8   Code   RO         4127    i.UART_RxISR_16BIT  stm32g4xx_hal_uart.o
    0x08005514   0x08005514   0x000001a0   Code   RO         4128    i.UART_RxISR_16BIT_FIFOEN  stm32g4xx_hal_uart.o
    0x080056b4   0x080056b4   0x000000c8   Code   RO         4129    i.UART_RxISR_8BIT   stm32g4xx_hal_uart.o
    0x0800577c   0x0800577c   0x000001a0   Code   RO         4130    i.UART_RxISR_8BIT_FIFOEN  stm32g4xx_hal_uart.o
    0x0800591c   0x0800591c   0x00000298   Code   RO         4131    i.UART_SetConfig    stm32g4xx_hal_uart.o
    0x08005bb4   0x08005bb4   0x00000110   Code   RO         4133    i.UART_Start_Receive_IT  stm32g4xx_hal_uart.o
    0x08005cc4   0x08005cc4   0x00000094   Code   RO         4138    i.UART_WaitOnFlagUntilTimeout  stm32g4xx_hal_uart.o
    0x08005d58   0x08005d58   0x0000000c   Code   RO          493    i.USART1_IRQHandler  stm32g4xx_it.o
    0x08005d64   0x08005d64   0x00000002   Code   RO          494    i.UsageFault_Handler  stm32g4xx_it.o
    0x08005d66   0x08005d66   0x00000008   Code   RO         4922    i.WriteCmd          oled_i2c.o
    0x08005d6e   0x08005d6e   0x00000008   Code   RO         4923    i.WriteDat          oled_i2c.o
    0x08005d76   0x08005d76   0x00000020   Code   RO         5249    i.Write_ACR         ad9959.o
    0x08005d96   0x08005d96   0x00000002   PAD
    0x08005d98   0x08005d98   0x0000004c   Code   RO         5250    i.Write_CFTW0       ad9959.o
    0x08005de4   0x08005de4   0x0000001c   Code   RO         5251    i.Write_CPOW0       ad9959.o
    0x08005e00   0x08005e00   0x00000020   Code   RO         5816    i.__0printf         mc_w.l(printfa.o)
    0x08005e20   0x08005e20   0x00000028   Code   RO         5818    i.__0sprintf        mc_w.l(printfa.o)
    0x08005e48   0x08005e48   0x00000020   Code   RO         2447    i.__NVIC_SetPriority  stm32g4xx_hal_cortex.o
    0x08005e68   0x08005e68   0x0000000e   Code   RO         5921    i.__scatterload_copy  mc_w.l(handlers.o)
    0x08005e76   0x08005e76   0x00000002   Code   RO         5922    i.__scatterload_null  mc_w.l(handlers.o)
    0x08005e78   0x08005e78   0x0000000e   Code   RO         5923    i.__scatterload_zeroinit  mc_w.l(handlers.o)
    0x08005e86   0x08005e86   0x00000002   PAD
    0x08005e88   0x08005e88   0x0000000c   Code   RO         5899    i.__set_errno       mc_w.l(errno.o)
    0x08005e94   0x08005e94   0x00000184   Code   RO         5823    i._fp_digits        mc_w.l(printfa.o)
    0x08006018   0x08006018   0x000006dc   Code   RO         5824    i._printf_core      mc_w.l(printfa.o)
    0x080066f4   0x080066f4   0x00000024   Code   RO         5825    i._printf_post_padding  mc_w.l(printfa.o)
    0x08006718   0x08006718   0x0000002e   Code   RO         5826    i._printf_pre_padding  mc_w.l(printfa.o)
    0x08006746   0x08006746   0x0000000a   Code   RO         5828    i._sputc            mc_w.l(printfa.o)
    0x08006750   0x08006750   0x0000000c   Code   RO         5258    i.delay1            ad9959.o
    0x0800675c   0x0800675c   0x00000014   Code   RO         4647    i.delay_init        delay.o
    0x08006770   0x08006770   0x0000000a   Code   RO         4648    i.delay_ms          delay.o
    0x0800677a   0x0800677a   0x00000002   PAD
    0x0800677c   0x0800677c   0x00000034   Code   RO         4650    i.delay_us          delay.o
    0x080067b0   0x080067b0   0x000000a8   Code   RO         4704    i.fft_spectrogram   fft.o
    0x08006858   0x08006858   0x000000f0   Code   RO         4705    i.fft_spectrogram_judge  fft.o
    0x08006948   0x08006948   0x00000064   Code   RO         4707    i.filtered_average_u16  fft.o
    0x080069ac   0x080069ac   0x0000001c   Code   RO         5101    i.fputc             myusart1.o
    0x080069c8   0x080069c8   0x00000148   Code   RO           20    i.main              main.o
    0x08006b10   0x08006b10   0x0000003e   Code   RO         5564    i.sqrtf             m_wm.l(sqrtf.o)
    0x08006b4e   0x08006b4e   0x00000018   Data   RO         4139    .constdata          stm32g4xx_hal_uart.o
    0x08006b66   0x08006b66   0x00000010   Data   RO         4505    .constdata          stm32g4xx_hal_uart_ex.o
    0x08006b76   0x08006b76   0x00000010   Data   RO         4610    .constdata          system_stm32g4xx.o
    0x08006b86   0x08006b86   0x00000008   Data   RO         4611    .constdata          system_stm32g4xx.o
    0x08006b8e   0x08006b8e   0x00000826   Data   RO         4926    .constdata          oled_i2c.o
    0x080073b4   0x080073b4   0x00000800   Data   RO         5456    .rodata.armBitRevTable  arm_cortexM4l_math.lib(arm_common_tables.o)
    0x08007bb4   0x08007bb4   0x00008000   Data   RO         5465    .rodata.twiddleCoef_4096  arm_cortexM4l_math.lib(arm_common_tables.o)
    0x0800fbb4   0x0800fbb4   0x00000020   Data   RO         5919    Region$$Table       anon$$obj.o


    Execution Region RW_IRAM1 (Exec base: 0x20000000, Load base: 0x0800fbd4, Size: 0x00005938, Max: 0x00020000, ABSOLUTE, COMPRESSED[0x00000b64])

    Exec Addr    Load Addr    Size         Type   Attr      Idx    E Section Name        Object

    0x20000000   COMPRESSED   0x00000017   Data   RW           21    .data               main.o
    0x20000017   COMPRESSED   0x00000001   PAD
    0x20000018   COMPRESSED   0x0000000c   Data   RW         1091    .data               stm32g4xx_hal.o
    0x20000024   COMPRESSED   0x00000004   Data   RW         4612    .data               system_stm32g4xx.o
    0x20000028   COMPRESSED   0x00000002   Data   RW         4651    .data               delay.o
    0x2000002a   COMPRESSED   0x00000002   PAD
    0x2000002c   COMPRESSED   0x00001010   Data   RW         4717    .data               fft.o
    0x2000103c   COMPRESSED   0x00000223   Data   RW         4927    .data               oled_i2c.o
    0x2000125f   COMPRESSED   0x00000001   PAD
    0x20001260   COMPRESSED   0x0000000c   Data   RW         5103    .data               myusart1.o
    0x2000126c   COMPRESSED   0x00000004   Data   RW         5104    .data               myusart1.o
    0x20001270   COMPRESSED   0x00000010   Data   RW         5259    .data               ad9959.o
    0x20001280   COMPRESSED   0x00000004   Data   RW         5900    .data               mc_w.l(errno.o)
    0x20001284        -       0x000000cc   Zero   RW          281    .bss                adc.o
    0x20001350        -       0x00000064   Zero   RW          347    .bss                spi.o
    0x200013b4        -       0x000000e4   Zero   RW          391    .bss                tim.o
    0x20001498        -       0x00000094   Zero   RW          443    .bss                usart.o
    0x2000152c        -       0x0000400c   Zero   RW         4714    .bss                fft.o
    0x20005538        -       0x00000400   Zero   RW            1    STACK               startup_stm32g474xx.o


==============================================================================

Image component sizes


      Code (inc. data)   RO Data    RW Data    ZI Data      Debug   Object Name

       506         18          0         16          0       7212   ad9959.o
       324         24          0          0        204       2055   adc.o
        82          8          0          2          0       1995   delay.o
        60          4          0          0          0        878   dma.o
       788         90          0       4112      16396       6871   fft.o
       208         10          0          0          0       1063   gpio.o
       658         84          0         23          0     945065   main.o
       432         24          0          0          0       3025   myiic.o
        48         12          0         16          0       3538   myusart1.o
       894         30       2086        547          0      10034   oled_i2c.o
       180         20          0          0        100       1833   spi.o
        36          8        472          0       1024        868   startup_stm32g474xx.o
       146         20          0         12          0       4011   stm32g4xx_hal.o
      2884        194          0          0          0      84636   stm32g4xx_hal_adc.o
       360         26          0          0          0      69335   stm32g4xx_hal_adc_ex.o
       222         14          0          0          0      34705   stm32g4xx_hal_cortex.o
       906         30          0          0          0       6870   stm32g4xx_hal_dma.o
       604         34          0          0          0       3139   stm32g4xx_hal_gpio.o
        48          6          0          0          0        934   stm32g4xx_hal_msp.o
       204         18          0          0          0       1473   stm32g4xx_hal_pwr_ex.o
      1688         92          0          0          0       6480   stm32g4xx_hal_rcc.o
       768         10          0          0          0       2036   stm32g4xx_hal_rcc_ex.o
       234          0          0          0          0       1335   stm32g4xx_hal_spi.o
      1456        114          0          0          0      13049   stm32g4xx_hal_tim.o
       198         34          0          0          0       5740   stm32g4xx_hal_tim_ex.o
      3768        148         24          0          0      36334   stm32g4xx_hal_uart.o
       288          6         16          0          0       5646   stm32g4xx_hal_uart_ex.o
        68         24          0          0          0       6489   stm32g4xx_it.o
        16          4         24          4          0       1231   system_stm32g4xx.o
       496         38          0          0        228       3448   tim.o
       244         22          0          0        148       1938   usart.o

    ----------------------------------------------------------------------
     18846       1166       2654       4736      18100    1273266   Object Totals
         0          0         32          0          0          0   (incl. Generated)
        32          0          0          4          0          0   (incl. Padding)

    ----------------------------------------------------------------------

      Code (inc. data)   RO Data    RW Data    ZI Data      Debug   Library Member Name

       174          0          0          0          0       2571   arm_bitreversal.o
      2884          0          0          0          0       6486   arm_cfft_radix4_f32.o
       124          0          0          0          0       1574   arm_cfft_radix4_init_f32.o
       232          0          0          0          0       1739   arm_cmplx_mag_f32.o
         0          0      34816          0          0       4961   arm_common_tables.o
       288          0          0          0          0       1362   arm_max_f32.o
        62          0          0          0          0        136   sqrtf.o
        94          0          0          0          0          0   __dclz77c.o
         0          0          0          0          0          0   entry.o
         0          0          0          0          0          0   entry10a.o
         0          0          0          0          0          0   entry11a.o
         8          4          0          0          0          0   entry2.o
         4          0          0          0          0          0   entry5.o
         0          0          0          0          0          0   entry7b.o
         0          0          0          0          0          0   entry8b.o
         8          4          0          0          0          0   entry9a.o
        12          6          0          4          0         68   errno.o
        30          0          0          0          0          0   handlers.o
        36          8          0          0          0         68   init.o
         0          0          0          0          0          0   iusefp.o
        30          0          0          0          0         68   llshl.o
        36          0          0          0          0         68   llsshr.o
        32          0          0          0          0         68   llushr.o
        36          0          0          0          0        108   memseta.o
      2308         96          0          0          0        604   printfa.o
        14          0          0          0          0         68   strlen.o
        44          0          0          0          0         80   uidiv.o
        98          0          0          0          0         92   uldiv.o
        48          0          0          0          0         68   cdrcmple.o
       334          0          0          0          0        148   dadd.o
       222          0          0          0          0        100   ddiv.o
       186          0          0          0          0        176   depilogue.o
        50          0          0          0          0         76   dfixui.o
        48          0          0          0          0         68   dfixul.o
        26          0          0          0          0         76   dfltui.o
       228          0          0          0          0         96   dmul.o
        38          0          0          0          0         68   f2d.o
       176          0          0          0          0        140   fadd.o
        28          0          0          0          0         68   fcmplt.o
       110          0          0          0          0        168   fepilogue.o
       100          0          0          0          0         76   fmul.o

    ----------------------------------------------------------------------
      8152        118      34816          4          0      21449   Library Totals
         4          0          0          0          0          0   (incl. Padding)

    ----------------------------------------------------------------------

      Code (inc. data)   RO Data    RW Data    ZI Data      Debug   Library Name

      3702          0      34816          0          0      18693   arm_cortexM4l_math.lib
        62          0          0          0          0        136   m_wm.l
      2790        118          0          4          0       1292   mc_w.l
      1594          0          0          0          0       1328   mf_w.l

    ----------------------------------------------------------------------
      8152        118      34816          4          0      21449   Library Totals

    ----------------------------------------------------------------------

==============================================================================


      Code (inc. data)   RO Data    RW Data    ZI Data      Debug   

     26998       1284      37470       4740      18100    1277283   Grand Totals
     26998       1284      37470       2916      18100    1277283   ELF Image Totals (compressed)
     26998       1284      37470       2916          0          0   ROM Totals

==============================================================================

    Total RO  Size (Code + RO Data)                64468 (  62.96kB)
    Total RW  Size (RW Data + ZI Data)             22840 (  22.30kB)
    Total ROM Size (Code + RO Data + RW Data)      67384 (  65.80kB)

==============================================================================

